<?xml version="1.0" encoding="UTF-8"?>
<testsuites name="jest tests" tests="391" failures="71" errors="0" time="53.672">
  <testsuite name="AIService" errors="0" failures="16" skipped="0" timestamp="2025-08-03T01:02:28" time="2.022" tests="16">
    <testcase classname="AIService generateEmbedding should generate embedding successfully" name="AIService generateEmbedding should generate embedding successfully" time="0.007">
      <failure>TypeError: Cannot read properties of undefined (reading &apos;success&apos;)
    at Object.&lt;anonymous&gt; (C:\Dev\Github\Nexus\__tests__\core\AIService.test.ts:58:21)</failure>
    </testcase>
    <testcase classname="AIService generateEmbedding should handle embedding generation failure" name="AIService generateEmbedding should handle embedding generation failure" time="0.001">
      <failure>TypeError: Cannot read properties of undefined (reading &apos;success&apos;)
    at Object.&lt;anonymous&gt; (C:\Dev\Github\Nexus\__tests__\core\AIService.test.ts:75:21)</failure>
    </testcase>
    <testcase classname="AIService generateEmbedding should handle exceptions during embedding generation" name="AIService generateEmbedding should handle exceptions during embedding generation" time="0.002">
      <failure>TypeError: Cannot read properties of undefined (reading &apos;success&apos;)
    at Object.&lt;anonymous&gt; (C:\Dev\Github\Nexus\__tests__\core\AIService.test.ts:84:21)</failure>
    </testcase>
    <testcase classname="AIService generateEmbedding should use custom model when provided" name="AIService generateEmbedding should use custom model when provided" time="0.01">
      <failure>Error: expect(jest.fn()).toHaveBeenCalledWith(...expected)

Expected: ObjectContaining {&quot;model&quot;: &quot;text-embedding-3-large&quot;}

Number of calls: 0
    at Object.&lt;anonymous&gt; (C:\Dev\Github\Nexus\__tests__\core\AIService.test.ts:112:32)</failure>
    </testcase>
    <testcase classname="AIService embedCompanyProfile should embed company profile successfully" name="AIService embedCompanyProfile should embed company profile successfully" time="0.002">
      <failure>TypeError: Cannot read properties of undefined (reading &apos;success&apos;)
    at Object.&lt;anonymous&gt; (C:\Dev\Github\Nexus\__tests__\core\AIService.test.ts:144:21)</failure>
    </testcase>
    <testcase classname="AIService embedCompanyProfile should handle empty profile data" name="AIService embedCompanyProfile should handle empty profile data" time="0.001">
      <failure>TypeError: Cannot read properties of undefined (reading &apos;success&apos;)
    at Object.&lt;anonymous&gt; (C:\Dev\Github\Nexus\__tests__\core\AIService.test.ts:156:21)</failure>
    </testcase>
    <testcase classname="AIService embedCompanyProfile should handle embedding generation failure" name="AIService embedCompanyProfile should handle embedding generation failure" time="0.001">
      <failure>TypeError: Cannot read properties of undefined (reading &apos;success&apos;)
    at Object.&lt;anonymous&gt; (C:\Dev\Github\Nexus\__tests__\core\AIService.test.ts:168:21)</failure>
    </testcase>
    <testcase classname="AIService embedCompanyProfile should handle database update failure" name="AIService embedCompanyProfile should handle database update failure" time="0">
      <failure>TypeError: Cannot read properties of undefined (reading &apos;success&apos;)
    at Object.&lt;anonymous&gt; (C:\Dev\Github\Nexus\__tests__\core\AIService.test.ts:185:21)</failure>
    </testcase>
    <testcase classname="AIService embedCompanyProfile should combine profile text correctly" name="AIService embedCompanyProfile should combine profile text correctly" time="0.003">
      <failure>Error: expect(jest.fn()).toHaveBeenCalledWith(...expected)

Expected: &quot;Innovative solutions for tomorrow·
Excellence in everything·
To provide cutting-edge technology solutions·
Leading the digital transformation·
We are a forward-thinking company...&quot;, &quot;text-embedding-3-small&quot;

Number of calls: 0
    at Object.&lt;anonymous&gt; (C:\Dev\Github\Nexus\__tests__\core\AIService.test.ts:212:43)</failure>
    </testcase>
    <testcase classname="AIService embedCompanyProfile should filter out empty profile fields" name="AIService embedCompanyProfile should filter out empty profile fields" time="0.01">
      <failure>Error: expect(jest.fn()).toHaveBeenCalledWith(...expected)

Expected: &quot;Innovative solutions·
To provide solutions&quot;, &quot;text-embedding-3-small&quot;

Number of calls: 0
    at Object.&lt;anonymous&gt; (C:\Dev\Github\Nexus\__tests__\core\AIService.test.ts:243:43)</failure>
    </testcase>
    <testcase classname="AIService processEmbeddingRequest should process embedding request and update operation" name="AIService processEmbeddingRequest should process embedding request and update operation" time="0.001">
      <failure>Error: expect(received).toBeInstanceOf(expected)

Expected constructor: Array

Received value has no prototype
Received value: undefined
    at Object.&lt;anonymous&gt; (C:\Dev\Github\Nexus\__tests__\core\AIService.test.ts:267:22)</failure>
    </testcase>
    <testcase classname="AIService processEmbeddingRequest should generate consistent embedding dimensions" name="AIService processEmbeddingRequest should generate consistent embedding dimensions" time="0.003">
      <failure>Error: expect(received).toBeInstanceOf(expected)

Expected constructor: Array

Received value has no prototype
Received value: undefined
    at Object.&lt;anonymous&gt; (C:\Dev\Github\Nexus\__tests__\core\AIService.test.ts:291:22)</failure>
    </testcase>
    <testcase classname="AIService Error handling and logging should log method calls correctly" name="AIService Error handling and logging should log method calls correctly" time="0.004">
      <failure>Error: expect(jest.fn()).toHaveBeenCalledWith(...expected)

Expected: &quot;generateEmbedding&quot;, {&quot;model&quot;: &quot;text-embedding-3-small&quot;, &quot;text&quot;: &quot;Test text&quot;}

Number of calls: 0
    at Object.&lt;anonymous&gt; (C:\Dev\Github\Nexus\__tests__\core\AIService.test.ts:328:39)</failure>
    </testcase>
    <testcase classname="AIService Error handling and logging should log errors correctly" name="AIService Error handling and logging should log errors correctly" time="0.001">
      <failure>Error: expect(jest.fn()).toHaveBeenCalledWith(...expected)

Expected: &quot;generateEmbedding&quot;, [Error: Test error]

Number of calls: 0
    at Object.&lt;anonymous&gt; (C:\Dev\Github\Nexus\__tests__\core\AIService.test.ts:340:34)</failure>
    </testcase>
    <testcase classname="AIService Error handling and logging should truncate long text in logs" name="AIService Error handling and logging should truncate long text in logs" time="0.003">
      <failure>Error: expect(jest.fn()).toHaveBeenCalledWith(...expected)

Expected: &quot;generateEmbedding&quot;, {&quot;model&quot;: &quot;text-embedding-3-small&quot;, &quot;text&quot;: &quot;AAAAAAAAAAAAAAAAAAAAAAAAAAAAAAAAAAAAAAAAAAAAAAAAAAAAAAAAAAAAAAAAAAAAAAAAAAAAAAAAAAAAAAAAAAAAAAAAAAAA&quot;}

Number of calls: 0
    at Object.&lt;anonymous&gt; (C:\Dev\Github\Nexus\__tests__\core\AIService.test.ts:368:39)</failure>
    </testcase>
    <testcase classname="AIService Integration with existing AIService methods should work with existing service methods" name="AIService Integration with existing AIService methods should work with existing service methods" time="0.001">
      <failure>TypeError: Cannot read properties of undefined (reading &apos;success&apos;)
    at Object.&lt;anonymous&gt; (C:\Dev\Github\Nexus\__tests__\core\AIService.test.ts:403:22)</failure>
    </testcase>
  </testsuite>
  <testsuite name="useFormWithValidation" errors="0" failures="3" skipped="0" timestamp="2025-08-03T01:02:30" time="3.346" tests="9">
    <testcase classname="useFormWithValidation should initialize with default values" name="useFormWithValidation should initialize with default values" time="0.117">
      <failure>Error: expect(received).toBe(expected) // Object.is equality

Expected: true
Received: false
    at Object.&lt;anonymous&gt; (C:\Dev\Github\Nexus\src\shared\hooks\__tests__\useFormWithValidation.test.ts:46:36)
    at Promise.then.completed (C:\Dev\Github\Nexus\node_modules\.pnpm\jest-circus@29.7.0\node_modules\jest-circus\build\utils.js:298:28)
    at new Promise (&lt;anonymous&gt;)
    at callAsyncCircusFn (C:\Dev\Github\Nexus\node_modules\.pnpm\jest-circus@29.7.0\node_modules\jest-circus\build\utils.js:231:10)
    at _callCircusTest (C:\Dev\Github\Nexus\node_modules\.pnpm\jest-circus@29.7.0\node_modules\jest-circus\build\run.js:316:40)
    at _runTest (C:\Dev\Github\Nexus\node_modules\.pnpm\jest-circus@29.7.0\node_modules\jest-circus\build\run.js:252:3)
    at _runTestsForDescribeBlock (C:\Dev\Github\Nexus\node_modules\.pnpm\jest-circus@29.7.0\node_modules\jest-circus\build\run.js:126:9)
    at _runTestsForDescribeBlock (C:\Dev\Github\Nexus\node_modules\.pnpm\jest-circus@29.7.0\node_modules\jest-circus\build\run.js:121:9)
    at run (C:\Dev\Github\Nexus\node_modules\.pnpm\jest-circus@29.7.0\node_modules\jest-circus\build\run.js:71:3)
    at runAndTransformResultsToJestFormat (C:\Dev\Github\Nexus\node_modules\.pnpm\jest-circus@29.7.0\node_modules\jest-circus\build\legacy-code-todo-rewrite\jestAdapterInit.js:122:21)
    at jestAdapter (C:\Dev\Github\Nexus\node_modules\.pnpm\jest-circus@29.7.0\node_modules\jest-circus\build\legacy-code-todo-rewrite\jestAdapter.js:79:19)
    at runTestInternal (C:\Dev\Github\Nexus\node_modules\.pnpm\jest-runner@29.7.0\node_modules\jest-runner\build\runTest.js:367:16)
    at runTest (C:\Dev\Github\Nexus\node_modules\.pnpm\jest-runner@29.7.0\node_modules\jest-runner\build\runTest.js:444:34)</failure>
    </testcase>
    <testcase classname="useFormWithValidation should validate form on change" name="useFormWithValidation should validate form on change" time="1.041">
      <failure>Error: expect(received).toBe(expected) // Object.is equality

Expected: true
Received: false

Ignored nodes: comments, script, style
&lt;html&gt;
  &lt;head /&gt;
  &lt;body&gt;
    &lt;div /&gt;
  &lt;/body&gt;
&lt;/html&gt;
    at C:\Dev\Github\Nexus\src\shared\hooks\__tests__\useFormWithValidation.test.ts:68:38
    at runWithExpensiveErrorDiagnosticsDisabled (C:\Dev\Github\Nexus\node_modules\.pnpm\@testing-library+dom@10.4.0\node_modules\@testing-library\dom\dist\config.js:47:12)
    at checkCallback (C:\Dev\Github\Nexus\node_modules\.pnpm\@testing-library+dom@10.4.0\node_modules\@testing-library\dom\dist\wait-for.js:124:77)
    at checkRealTimersCallback (C:\Dev\Github\Nexus\node_modules\.pnpm\@testing-library+dom@10.4.0\node_modules\@testing-library\dom\dist\wait-for.js:118:16)
    at Timeout.task [as _onTimeout] (C:\Dev\Github\Nexus\node_modules\.pnpm\jsdom@26.1.0\node_modules\jsdom\lib\jsdom\browser\Window.js:579:19)
    at listOnTimeout (node:internal/timers:594:17)
    at processTimers (node:internal/timers:529:7)</failure>
    </testcase>
    <testcase classname="useFormWithValidation should show validation errors for invalid data" name="useFormWithValidation should show validation errors for invalid data" time="1.03">
      <failure>Error: expect(received).toBe(expected) // Object.is equality

Expected: &quot;Please enter a valid email&quot;
Received: undefined

Ignored nodes: comments, script, style
&lt;html&gt;
  &lt;head /&gt;
  &lt;body&gt;
    &lt;div /&gt;
  &lt;/body&gt;
&lt;/html&gt;
    at C:\Dev\Github\Nexus\src\shared\hooks\__tests__\useFormWithValidation.test.ts:83:37
    at runWithExpensiveErrorDiagnosticsDisabled (C:\Dev\Github\Nexus\node_modules\.pnpm\@testing-library+dom@10.4.0\node_modules\@testing-library\dom\dist\config.js:47:12)
    at checkCallback (C:\Dev\Github\Nexus\node_modules\.pnpm\@testing-library+dom@10.4.0\node_modules\@testing-library\dom\dist\wait-for.js:124:77)
    at checkRealTimersCallback (C:\Dev\Github\Nexus\node_modules\.pnpm\@testing-library+dom@10.4.0\node_modules\@testing-library\dom\dist\wait-for.js:118:16)
    at Timeout.task [as _onTimeout] (C:\Dev\Github\Nexus\node_modules\.pnpm\jsdom@26.1.0\node_modules\jsdom\lib\jsdom\browser\Window.js:579:19)
    at listOnTimeout (node:internal/timers:594:17)
    at processTimers (node:internal/timers:529:7)</failure>
    </testcase>
    <testcase classname="useFormWithValidation should call onSubmit with validated data" name="useFormWithValidation should call onSubmit with validated data" time="0.008">
    </testcase>
    <testcase classname="useFormWithValidation should handle submission errors" name="useFormWithValidation should handle submission errors" time="0.009">
    </testcase>
    <testcase classname="useFormWithValidation should handle custom error messages" name="useFormWithValidation should handle custom error messages" time="0.006">
    </testcase>
    <testcase classname="useFormWithValidation should handle loading states correctly" name="useFormWithValidation should handle loading states correctly" time="0.136">
    </testcase>
    <testcase classname="useFormWithValidation should reset form when reset is called" name="useFormWithValidation should reset form when reset is called" time="0.005">
    </testcase>
    <testcase classname="useFormWithValidation should handle form submission with invalid data" name="useFormWithValidation should handle form submission with invalid data" time="0.006">
    </testcase>
  </testsuite>
  <testsuite name="FormField" errors="0" failures="2" skipped="0" timestamp="2025-08-03T01:02:34" time="2.56" tests="11">
    <testcase classname="FormField should render with label" name="FormField should render with label" time="0.086">
    </testcase>
    <testcase classname="FormField should show required indicator when required is true" name="FormField should show required indicator when required is true" time="0.022">
    </testcase>
    <testcase classname="FormField should display error message when error is provided" name="FormField should display error message when error is provided" time="0.033">
    </testcase>
    <testcase classname="FormField should display description when provided" name="FormField should display description when provided" time="0.016">
    </testcase>
    <testcase classname="FormField should display hint when provided and no error" name="FormField should display hint when provided and no error" time="0.028">
    </testcase>
    <testcase classname="FormField should not display hint when error is present" name="FormField should not display hint when error is present" time="0.022">
    </testcase>
    <testcase classname="FormField should disable input when disabled is true" name="FormField should disable input when disabled is true" time="0.031">
      <failure>Error: expect(element).toBeDisabled()

Received element is not disabled:
  &lt;input class=&quot;flex h-10 w-full rounded-md border border-input bg-background px-4 py-2 text-sm ring-offset-background file: border-0 file:bg-transparent file:text-sm file:font-medium placeholder:text-muted-foreground focus-visible:outline-none focus-visible:ring-2 focus-visible:ring-ring focus-visible:ring-offset-2 disabled:cursor-not-allowed disabled:opacity-50 &quot; placeholder=&quot;Enter email&quot; /&gt;
    at Object.&lt;anonymous&gt; (C:\Dev\Github\Nexus\src\shared\components\forms\__tests__\FormField.test.tsx:113:19)
    at Promise.then.completed (C:\Dev\Github\Nexus\node_modules\.pnpm\jest-circus@29.7.0\node_modules\jest-circus\build\utils.js:298:28)
    at new Promise (&lt;anonymous&gt;)
    at callAsyncCircusFn (C:\Dev\Github\Nexus\node_modules\.pnpm\jest-circus@29.7.0\node_modules\jest-circus\build\utils.js:231:10)
    at _callCircusTest (C:\Dev\Github\Nexus\node_modules\.pnpm\jest-circus@29.7.0\node_modules\jest-circus\build\run.js:316:40)
    at _runTest (C:\Dev\Github\Nexus\node_modules\.pnpm\jest-circus@29.7.0\node_modules\jest-circus\build\run.js:252:3)
    at _runTestsForDescribeBlock (C:\Dev\Github\Nexus\node_modules\.pnpm\jest-circus@29.7.0\node_modules\jest-circus\build\run.js:126:9)
    at _runTestsForDescribeBlock (C:\Dev\Github\Nexus\node_modules\.pnpm\jest-circus@29.7.0\node_modules\jest-circus\build\run.js:121:9)
    at run (C:\Dev\Github\Nexus\node_modules\.pnpm\jest-circus@29.7.0\node_modules\jest-circus\build\run.js:71:3)
    at runAndTransformResultsToJestFormat (C:\Dev\Github\Nexus\node_modules\.pnpm\jest-circus@29.7.0\node_modules\jest-circus\build\legacy-code-todo-rewrite\jestAdapterInit.js:122:21)
    at jestAdapter (C:\Dev\Github\Nexus\node_modules\.pnpm\jest-circus@29.7.0\node_modules\jest-circus\build\legacy-code-todo-rewrite\jestAdapter.js:79:19)
    at runTestInternal (C:\Dev\Github\Nexus\node_modules\.pnpm\jest-runner@29.7.0\node_modules\jest-runner\build\runTest.js:367:16)
    at runTest (C:\Dev\Github\Nexus\node_modules\.pnpm\jest-runner@29.7.0\node_modules\jest-runner\build\runTest.js:444:34)</failure>
    </testcase>
    <testcase classname="FormField should render without label when label is not provided" name="FormField should render without label when label is not provided" time="0.014">
    </testcase>
    <testcase classname="FormField should handle form validation errors" name="FormField should handle form validation errors" time="1.033">
      <failure>Error: Unable to find an element with the text: Please enter a valid email. This could be because the text is broken up by multiple elements. In this case, you can provide a function for your text matcher to make your matcher more flexible.

Ignored nodes: comments, script, style
&lt;body&gt;
  &lt;div&gt;
    &lt;form&gt;
      &lt;div
        class=&quot;space-y-2&quot;
      &gt;
        &lt;label
          class=&quot;text-sm font-medium leading-none peer-disabled: cursor-not-allowed peer-disabled:opacity-70 text-sm font-medium leading-none&quot;
          for=&quot;email&quot;
        &gt;
          Email
        &lt;/label&gt;
        &lt;div
          class=&quot;space-y-1&quot;
        &gt;
          &lt;input
            class=&quot;flex h-10 w-full rounded-md border border-input bg-background px-4 py-2 text-sm ring-offset-background file: border-0 file:bg-transparent file:text-sm file:font-medium placeholder:text-muted-foreground focus-visible:outline-none focus-visible:ring-2 focus-visible:ring-ring focus-visible:ring-offset-2 disabled:cursor-not-allowed disabled:opacity-50 &quot;
          /&gt;
        &lt;/div&gt;
      &lt;/div&gt;
      &lt;div
        class=&quot;space-y-2&quot;
      &gt;
        &lt;label
          class=&quot;text-sm font-medium leading-none peer-disabled: cursor-not-allowed peer-disabled:opacity-70 text-sm font-medium leading-none&quot;
          for=&quot;name&quot;
        &gt;
          Name
        &lt;/label&gt;
        &lt;div
          class=&quot;space-y-1&quot;
        &gt;
          &lt;input
            class=&quot;flex h-10 w-full rounded-md border border-input bg-background px-4 py-2 text-sm ring-offset-background file: border-0 file:bg-transparent file:text-sm file:font-medium placeholder:text-muted-foreground focus-visible:outline-none focus-visible:ring-2 focus-visible:ring-ring focus-visible:ring-offset-2 disabled:cursor-not-allowed disabled:opacity-50 &quot;
          /&gt;
        &lt;/div&gt;
      &lt;/div&gt;
    &lt;/form&gt;
  &lt;/div&gt;
&lt;/body&gt;
    at waitForWrapper (C:\Dev\Github\Nexus\node_modules\.pnpm\@testing-library+dom@10.4.0\node_modules\@testing-library\dom\dist\wait-for.js:163:27)
    at C:\Dev\Github\Nexus\node_modules\.pnpm\@testing-library+dom@10.4.0\node_modules\@testing-library\dom\dist\query-helpers.js:86:33
    at Object.&lt;anonymous&gt; (C:\Dev\Github\Nexus\src\shared\components\forms\__tests__\FormField.test.tsx:156:18)
    at Promise.then.completed (C:\Dev\Github\Nexus\node_modules\.pnpm\jest-circus@29.7.0\node_modules\jest-circus\build\utils.js:298:28)
    at new Promise (&lt;anonymous&gt;)
    at callAsyncCircusFn (C:\Dev\Github\Nexus\node_modules\.pnpm\jest-circus@29.7.0\node_modules\jest-circus\build\utils.js:231:10)
    at _callCircusTest (C:\Dev\Github\Nexus\node_modules\.pnpm\jest-circus@29.7.0\node_modules\jest-circus\build\run.js:316:40)
    at _runTest (C:\Dev\Github\Nexus\node_modules\.pnpm\jest-circus@29.7.0\node_modules\jest-circus\build\run.js:252:3)
    at _runTestsForDescribeBlock (C:\Dev\Github\Nexus\node_modules\.pnpm\jest-circus@29.7.0\node_modules\jest-circus\build\run.js:126:9)
    at _runTestsForDescribeBlock (C:\Dev\Github\Nexus\node_modules\.pnpm\jest-circus@29.7.0\node_modules\jest-circus\build\run.js:121:9)
    at run (C:\Dev\Github\Nexus\node_modules\.pnpm\jest-circus@29.7.0\node_modules\jest-circus\build\run.js:71:3)
    at runAndTransformResultsToJestFormat (C:\Dev\Github\Nexus\node_modules\.pnpm\jest-circus@29.7.0\node_modules\jest-circus\build\legacy-code-todo-rewrite\jestAdapterInit.js:122:21)
    at jestAdapter (C:\Dev\Github\Nexus\node_modules\.pnpm\jest-circus@29.7.0\node_modules\jest-circus\build\legacy-code-todo-rewrite\jestAdapter.js:79:19)
    at runTestInternal (C:\Dev\Github\Nexus\node_modules\.pnpm\jest-runner@29.7.0\node_modules\jest-runner\build\runTest.js:367:16)
    at runTest (C:\Dev\Github\Nexus\node_modules\.pnpm\jest-runner@29.7.0\node_modules\jest-runner\build\runTest.js:444:34)</failure>
    </testcase>
    <testcase classname="FormField should apply custom className" name="FormField should apply custom className" time="0.009">
    </testcase>
    <testcase classname="FormField should handle field state changes" name="FormField should handle field state changes" time="0.012">
    </testcase>
  </testsuite>
  <testsuite name="FireCycleChatIntegration" errors="0" failures="16" skipped="0" timestamp="2025-08-03T01:02:36" time="1.103" tests="16">
    <testcase classname="FireCycleChatIntegration analyzeChatMessage should detect focus phase triggers" name="FireCycleChatIntegration analyzeChatMessage should detect focus phase triggers" time="0.009">
      <failure>TypeError: this.userContext.currentProjects is not iterable
    at FireCycleProcessor.currentProjects [as findContextMatch] (C:\Dev\Github\Nexus\src\core\fire-cycle\fireCycleProcessor.ts:257:44)
    at FireCycleProcessor.findContextMatch [as analyzeInputNLP] (C:\Dev\Github\Nexus\src\core\fire-cycle\fireCycleProcessor.ts:96:31)
    at FireCycleProcessor.analyzeInputNLP [as processUserInput] (C:\Dev\Github\Nexus\src\core\fire-cycle\fireCycleProcessor.ts:64:62)
    at FireCycleChatIntegration.processUserInput [as analyzeChatMessage] (C:\Dev\Github\Nexus\src\core\fire-cycle\fireCycleChatIntegration.ts:101:49)
    at Object.&lt;anonymous&gt; (C:\Dev\Github\Nexus\src\core\fire-cycle\__tests__\fireCycleChatIntegration.test.ts:46:44)
    at Promise.then.completed (C:\Dev\Github\Nexus\node_modules\.pnpm\jest-circus@29.7.0\node_modules\jest-circus\build\utils.js:298:28)
    at new Promise (&lt;anonymous&gt;)
    at callAsyncCircusFn (C:\Dev\Github\Nexus\node_modules\.pnpm\jest-circus@29.7.0\node_modules\jest-circus\build\utils.js:231:10)
    at _callCircusTest (C:\Dev\Github\Nexus\node_modules\.pnpm\jest-circus@29.7.0\node_modules\jest-circus\build\run.js:316:40)
    at _runTest (C:\Dev\Github\Nexus\node_modules\.pnpm\jest-circus@29.7.0\node_modules\jest-circus\build\run.js:252:3)
    at _runTestsForDescribeBlock (C:\Dev\Github\Nexus\node_modules\.pnpm\jest-circus@29.7.0\node_modules\jest-circus\build\run.js:126:9)
    at _runTestsForDescribeBlock (C:\Dev\Github\Nexus\node_modules\.pnpm\jest-circus@29.7.0\node_modules\jest-circus\build\run.js:121:9)
    at _runTestsForDescribeBlock (C:\Dev\Github\Nexus\node_modules\.pnpm\jest-circus@29.7.0\node_modules\jest-circus\build\run.js:121:9)
    at run (C:\Dev\Github\Nexus\node_modules\.pnpm\jest-circus@29.7.0\node_modules\jest-circus\build\run.js:71:3)
    at runAndTransformResultsToJestFormat (C:\Dev\Github\Nexus\node_modules\.pnpm\jest-circus@29.7.0\node_modules\jest-circus\build\legacy-code-todo-rewrite\jestAdapterInit.js:122:21)
    at jestAdapter (C:\Dev\Github\Nexus\node_modules\.pnpm\jest-circus@29.7.0\node_modules\jest-circus\build\legacy-code-todo-rewrite\jestAdapter.js:79:19)
    at runTestInternal (C:\Dev\Github\Nexus\node_modules\.pnpm\jest-runner@29.7.0\node_modules\jest-runner\build\runTest.js:367:16)
    at runTest (C:\Dev\Github\Nexus\node_modules\.pnpm\jest-runner@29.7.0\node_modules\jest-runner\build\runTest.js:444:34)</failure>
    </testcase>
    <testcase classname="FireCycleChatIntegration analyzeChatMessage should detect insight phase triggers" name="FireCycleChatIntegration analyzeChatMessage should detect insight phase triggers" time="0.004">
      <failure>TypeError: this.userContext.currentProjects is not iterable
    at FireCycleProcessor.currentProjects [as findContextMatch] (C:\Dev\Github\Nexus\src\core\fire-cycle\fireCycleProcessor.ts:257:44)
    at FireCycleProcessor.findContextMatch [as analyzeInputNLP] (C:\Dev\Github\Nexus\src\core\fire-cycle\fireCycleProcessor.ts:96:31)
    at FireCycleProcessor.analyzeInputNLP [as processUserInput] (C:\Dev\Github\Nexus\src\core\fire-cycle\fireCycleProcessor.ts:64:62)
    at FireCycleChatIntegration.processUserInput [as analyzeChatMessage] (C:\Dev\Github\Nexus\src\core\fire-cycle\fireCycleChatIntegration.ts:101:49)
    at Object.&lt;anonymous&gt; (C:\Dev\Github\Nexus\src\core\fire-cycle\__tests__\fireCycleChatIntegration.test.ts:65:44)
    at Promise.then.completed (C:\Dev\Github\Nexus\node_modules\.pnpm\jest-circus@29.7.0\node_modules\jest-circus\build\utils.js:298:28)
    at new Promise (&lt;anonymous&gt;)
    at callAsyncCircusFn (C:\Dev\Github\Nexus\node_modules\.pnpm\jest-circus@29.7.0\node_modules\jest-circus\build\utils.js:231:10)
    at _callCircusTest (C:\Dev\Github\Nexus\node_modules\.pnpm\jest-circus@29.7.0\node_modules\jest-circus\build\run.js:316:40)
    at _runTest (C:\Dev\Github\Nexus\node_modules\.pnpm\jest-circus@29.7.0\node_modules\jest-circus\build\run.js:252:3)
    at _runTestsForDescribeBlock (C:\Dev\Github\Nexus\node_modules\.pnpm\jest-circus@29.7.0\node_modules\jest-circus\build\run.js:126:9)
    at _runTestsForDescribeBlock (C:\Dev\Github\Nexus\node_modules\.pnpm\jest-circus@29.7.0\node_modules\jest-circus\build\run.js:121:9)
    at _runTestsForDescribeBlock (C:\Dev\Github\Nexus\node_modules\.pnpm\jest-circus@29.7.0\node_modules\jest-circus\build\run.js:121:9)
    at run (C:\Dev\Github\Nexus\node_modules\.pnpm\jest-circus@29.7.0\node_modules\jest-circus\build\run.js:71:3)
    at runAndTransformResultsToJestFormat (C:\Dev\Github\Nexus\node_modules\.pnpm\jest-circus@29.7.0\node_modules\jest-circus\build\legacy-code-todo-rewrite\jestAdapterInit.js:122:21)
    at jestAdapter (C:\Dev\Github\Nexus\node_modules\.pnpm\jest-circus@29.7.0\node_modules\jest-circus\build\legacy-code-todo-rewrite\jestAdapter.js:79:19)
    at runTestInternal (C:\Dev\Github\Nexus\node_modules\.pnpm\jest-runner@29.7.0\node_modules\jest-runner\build\runTest.js:367:16)
    at runTest (C:\Dev\Github\Nexus\node_modules\.pnpm\jest-runner@29.7.0\node_modules\jest-runner\build\runTest.js:444:34)</failure>
    </testcase>
    <testcase classname="FireCycleChatIntegration analyzeChatMessage should detect roadmap phase triggers" name="FireCycleChatIntegration analyzeChatMessage should detect roadmap phase triggers" time="0.004">
      <failure>TypeError: this.userContext.currentProjects is not iterable
    at FireCycleProcessor.currentProjects [as findContextMatch] (C:\Dev\Github\Nexus\src\core\fire-cycle\fireCycleProcessor.ts:257:44)
    at FireCycleProcessor.findContextMatch [as analyzeInputNLP] (C:\Dev\Github\Nexus\src\core\fire-cycle\fireCycleProcessor.ts:96:31)
    at FireCycleProcessor.analyzeInputNLP [as processUserInput] (C:\Dev\Github\Nexus\src\core\fire-cycle\fireCycleProcessor.ts:64:62)
    at FireCycleChatIntegration.processUserInput [as analyzeChatMessage] (C:\Dev\Github\Nexus\src\core\fire-cycle\fireCycleChatIntegration.ts:101:49)
    at Object.&lt;anonymous&gt; (C:\Dev\Github\Nexus\src\core\fire-cycle\__tests__\fireCycleChatIntegration.test.ts:84:44)
    at Promise.then.completed (C:\Dev\Github\Nexus\node_modules\.pnpm\jest-circus@29.7.0\node_modules\jest-circus\build\utils.js:298:28)
    at new Promise (&lt;anonymous&gt;)
    at callAsyncCircusFn (C:\Dev\Github\Nexus\node_modules\.pnpm\jest-circus@29.7.0\node_modules\jest-circus\build\utils.js:231:10)
    at _callCircusTest (C:\Dev\Github\Nexus\node_modules\.pnpm\jest-circus@29.7.0\node_modules\jest-circus\build\run.js:316:40)
    at _runTest (C:\Dev\Github\Nexus\node_modules\.pnpm\jest-circus@29.7.0\node_modules\jest-circus\build\run.js:252:3)
    at _runTestsForDescribeBlock (C:\Dev\Github\Nexus\node_modules\.pnpm\jest-circus@29.7.0\node_modules\jest-circus\build\run.js:126:9)
    at _runTestsForDescribeBlock (C:\Dev\Github\Nexus\node_modules\.pnpm\jest-circus@29.7.0\node_modules\jest-circus\build\run.js:121:9)
    at _runTestsForDescribeBlock (C:\Dev\Github\Nexus\node_modules\.pnpm\jest-circus@29.7.0\node_modules\jest-circus\build\run.js:121:9)
    at run (C:\Dev\Github\Nexus\node_modules\.pnpm\jest-circus@29.7.0\node_modules\jest-circus\build\run.js:71:3)
    at runAndTransformResultsToJestFormat (C:\Dev\Github\Nexus\node_modules\.pnpm\jest-circus@29.7.0\node_modules\jest-circus\build\legacy-code-todo-rewrite\jestAdapterInit.js:122:21)
    at jestAdapter (C:\Dev\Github\Nexus\node_modules\.pnpm\jest-circus@29.7.0\node_modules\jest-circus\build\legacy-code-todo-rewrite\jestAdapter.js:79:19)
    at runTestInternal (C:\Dev\Github\Nexus\node_modules\.pnpm\jest-runner@29.7.0\node_modules\jest-runner\build\runTest.js:367:16)
    at runTest (C:\Dev\Github\Nexus\node_modules\.pnpm\jest-runner@29.7.0\node_modules\jest-runner\build\runTest.js:444:34)</failure>
    </testcase>
    <testcase classname="FireCycleChatIntegration analyzeChatMessage should detect execute phase triggers" name="FireCycleChatIntegration analyzeChatMessage should detect execute phase triggers" time="0.002">
      <failure>TypeError: this.userContext.currentProjects is not iterable
    at FireCycleProcessor.currentProjects [as findContextMatch] (C:\Dev\Github\Nexus\src\core\fire-cycle\fireCycleProcessor.ts:257:44)
    at FireCycleProcessor.findContextMatch [as analyzeInputNLP] (C:\Dev\Github\Nexus\src\core\fire-cycle\fireCycleProcessor.ts:96:31)
    at FireCycleProcessor.analyzeInputNLP [as processUserInput] (C:\Dev\Github\Nexus\src\core\fire-cycle\fireCycleProcessor.ts:64:62)
    at FireCycleChatIntegration.processUserInput [as analyzeChatMessage] (C:\Dev\Github\Nexus\src\core\fire-cycle\fireCycleChatIntegration.ts:101:49)
    at Object.&lt;anonymous&gt; (C:\Dev\Github\Nexus\src\core\fire-cycle\__tests__\fireCycleChatIntegration.test.ts:103:44)
    at Promise.then.completed (C:\Dev\Github\Nexus\node_modules\.pnpm\jest-circus@29.7.0\node_modules\jest-circus\build\utils.js:298:28)
    at new Promise (&lt;anonymous&gt;)
    at callAsyncCircusFn (C:\Dev\Github\Nexus\node_modules\.pnpm\jest-circus@29.7.0\node_modules\jest-circus\build\utils.js:231:10)
    at _callCircusTest (C:\Dev\Github\Nexus\node_modules\.pnpm\jest-circus@29.7.0\node_modules\jest-circus\build\run.js:316:40)
    at _runTest (C:\Dev\Github\Nexus\node_modules\.pnpm\jest-circus@29.7.0\node_modules\jest-circus\build\run.js:252:3)
    at _runTestsForDescribeBlock (C:\Dev\Github\Nexus\node_modules\.pnpm\jest-circus@29.7.0\node_modules\jest-circus\build\run.js:126:9)
    at _runTestsForDescribeBlock (C:\Dev\Github\Nexus\node_modules\.pnpm\jest-circus@29.7.0\node_modules\jest-circus\build\run.js:121:9)
    at _runTestsForDescribeBlock (C:\Dev\Github\Nexus\node_modules\.pnpm\jest-circus@29.7.0\node_modules\jest-circus\build\run.js:121:9)
    at run (C:\Dev\Github\Nexus\node_modules\.pnpm\jest-circus@29.7.0\node_modules\jest-circus\build\run.js:71:3)
    at runAndTransformResultsToJestFormat (C:\Dev\Github\Nexus\node_modules\.pnpm\jest-circus@29.7.0\node_modules\jest-circus\build\legacy-code-todo-rewrite\jestAdapterInit.js:122:21)
    at jestAdapter (C:\Dev\Github\Nexus\node_modules\.pnpm\jest-circus@29.7.0\node_modules\jest-circus\build\legacy-code-todo-rewrite\jestAdapter.js:79:19)
    at runTestInternal (C:\Dev\Github\Nexus\node_modules\.pnpm\jest-runner@29.7.0\node_modules\jest-runner\build\runTest.js:367:16)
    at runTest (C:\Dev\Github\Nexus\node_modules\.pnpm\jest-runner@29.7.0\node_modules\jest-runner\build\runTest.js:444:34)</failure>
    </testcase>
    <testcase classname="FireCycleChatIntegration analyzeChatMessage should not trigger for regular conversation" name="FireCycleChatIntegration analyzeChatMessage should not trigger for regular conversation" time="0.006">
      <failure>Error: expect(received).toBeLessThan(expected)

Matcher error: received value must be a number or bigint

Received has value: undefined
    at Object.&lt;anonymous&gt; (C:\Dev\Github\Nexus\src\core\fire-cycle\__tests__\fireCycleChatIntegration.test.ts:125:37)</failure>
    </testcase>
    <testcase classname="FireCycleChatIntegration analyzeChatMessage should generate appropriate suggested actions" name="FireCycleChatIntegration analyzeChatMessage should generate appropriate suggested actions" time="0.002">
      <failure>TypeError: this.userContext.currentProjects is not iterable
    at FireCycleProcessor.currentProjects [as findContextMatch] (C:\Dev\Github\Nexus\src\core\fire-cycle\fireCycleProcessor.ts:257:44)
    at FireCycleProcessor.findContextMatch [as analyzeInputNLP] (C:\Dev\Github\Nexus\src\core\fire-cycle\fireCycleProcessor.ts:96:31)
    at FireCycleProcessor.analyzeInputNLP [as processUserInput] (C:\Dev\Github\Nexus\src\core\fire-cycle\fireCycleProcessor.ts:64:62)
    at FireCycleChatIntegration.processUserInput [as analyzeChatMessage] (C:\Dev\Github\Nexus\src\core\fire-cycle\fireCycleChatIntegration.ts:101:49)
    at Object.&lt;anonymous&gt; (C:\Dev\Github\Nexus\src\core\fire-cycle\__tests__\fireCycleChatIntegration.test.ts:131:42)
    at Promise.then.completed (C:\Dev\Github\Nexus\node_modules\.pnpm\jest-circus@29.7.0\node_modules\jest-circus\build\utils.js:298:28)
    at new Promise (&lt;anonymous&gt;)
    at callAsyncCircusFn (C:\Dev\Github\Nexus\node_modules\.pnpm\jest-circus@29.7.0\node_modules\jest-circus\build\utils.js:231:10)
    at _callCircusTest (C:\Dev\Github\Nexus\node_modules\.pnpm\jest-circus@29.7.0\node_modules\jest-circus\build\run.js:316:40)
    at _runTest (C:\Dev\Github\Nexus\node_modules\.pnpm\jest-circus@29.7.0\node_modules\jest-circus\build\run.js:252:3)
    at _runTestsForDescribeBlock (C:\Dev\Github\Nexus\node_modules\.pnpm\jest-circus@29.7.0\node_modules\jest-circus\build\run.js:126:9)
    at _runTestsForDescribeBlock (C:\Dev\Github\Nexus\node_modules\.pnpm\jest-circus@29.7.0\node_modules\jest-circus\build\run.js:121:9)
    at _runTestsForDescribeBlock (C:\Dev\Github\Nexus\node_modules\.pnpm\jest-circus@29.7.0\node_modules\jest-circus\build\run.js:121:9)
    at run (C:\Dev\Github\Nexus\node_modules\.pnpm\jest-circus@29.7.0\node_modules\jest-circus\build\run.js:71:3)
    at runAndTransformResultsToJestFormat (C:\Dev\Github\Nexus\node_modules\.pnpm\jest-circus@29.7.0\node_modules\jest-circus\build\legacy-code-todo-rewrite\jestAdapterInit.js:122:21)
    at jestAdapter (C:\Dev\Github\Nexus\node_modules\.pnpm\jest-circus@29.7.0\node_modules\jest-circus\build\legacy-code-todo-rewrite\jestAdapter.js:79:19)
    at runTestInternal (C:\Dev\Github\Nexus\node_modules\.pnpm\jest-runner@29.7.0\node_modules\jest-runner\build\runTest.js:367:16)
    at runTest (C:\Dev\Github\Nexus\node_modules\.pnpm\jest-runner@29.7.0\node_modules\jest-runner\build\runTest.js:444:34)</failure>
    </testcase>
    <testcase classname="FireCycleChatIntegration analyzeChatMessage should generate next steps" name="FireCycleChatIntegration analyzeChatMessage should generate next steps" time="0.002">
      <failure>TypeError: this.userContext.currentProjects is not iterable
    at FireCycleProcessor.currentProjects [as findContextMatch] (C:\Dev\Github\Nexus\src\core\fire-cycle\fireCycleProcessor.ts:257:44)
    at FireCycleProcessor.findContextMatch [as analyzeInputNLP] (C:\Dev\Github\Nexus\src\core\fire-cycle\fireCycleProcessor.ts:96:31)
    at FireCycleProcessor.analyzeInputNLP [as processUserInput] (C:\Dev\Github\Nexus\src\core\fire-cycle\fireCycleProcessor.ts:64:62)
    at FireCycleChatIntegration.processUserInput [as analyzeChatMessage] (C:\Dev\Github\Nexus\src\core\fire-cycle\fireCycleChatIntegration.ts:101:49)
    at Object.&lt;anonymous&gt; (C:\Dev\Github\Nexus\src\core\fire-cycle\__tests__\fireCycleChatIntegration.test.ts:143:42)
    at Promise.then.completed (C:\Dev\Github\Nexus\node_modules\.pnpm\jest-circus@29.7.0\node_modules\jest-circus\build\utils.js:298:28)
    at new Promise (&lt;anonymous&gt;)
    at callAsyncCircusFn (C:\Dev\Github\Nexus\node_modules\.pnpm\jest-circus@29.7.0\node_modules\jest-circus\build\utils.js:231:10)
    at _callCircusTest (C:\Dev\Github\Nexus\node_modules\.pnpm\jest-circus@29.7.0\node_modules\jest-circus\build\run.js:316:40)
    at _runTest (C:\Dev\Github\Nexus\node_modules\.pnpm\jest-circus@29.7.0\node_modules\jest-circus\build\run.js:252:3)
    at _runTestsForDescribeBlock (C:\Dev\Github\Nexus\node_modules\.pnpm\jest-circus@29.7.0\node_modules\jest-circus\build\run.js:126:9)
    at _runTestsForDescribeBlock (C:\Dev\Github\Nexus\node_modules\.pnpm\jest-circus@29.7.0\node_modules\jest-circus\build\run.js:121:9)
    at _runTestsForDescribeBlock (C:\Dev\Github\Nexus\node_modules\.pnpm\jest-circus@29.7.0\node_modules\jest-circus\build\run.js:121:9)
    at run (C:\Dev\Github\Nexus\node_modules\.pnpm\jest-circus@29.7.0\node_modules\jest-circus\build\run.js:71:3)
    at runAndTransformResultsToJestFormat (C:\Dev\Github\Nexus\node_modules\.pnpm\jest-circus@29.7.0\node_modules\jest-circus\build\legacy-code-todo-rewrite\jestAdapterInit.js:122:21)
    at jestAdapter (C:\Dev\Github\Nexus\node_modules\.pnpm\jest-circus@29.7.0\node_modules\jest-circus\build\legacy-code-todo-rewrite\jestAdapter.js:79:19)
    at runTestInternal (C:\Dev\Github\Nexus\node_modules\.pnpm\jest-runner@29.7.0\node_modules\jest-runner\build\runTest.js:367:16)
    at runTest (C:\Dev\Github\Nexus\node_modules\.pnpm\jest-runner@29.7.0\node_modules\jest-runner\build\runTest.js:444:34)</failure>
    </testcase>
    <testcase classname="FireCycleChatIntegration createThoughtFromMessage should create a thought from a message" name="FireCycleChatIntegration createThoughtFromMessage should create a thought from a message" time="0">
      <failure>TypeError: integration.createThoughtFromMessage is not a function
    at Object.&lt;anonymous&gt; (C:\Dev\Github\Nexus\src\core\fire-cycle\__tests__\fireCycleChatIntegration.test.ts:158:41)
    at Promise.then.completed (C:\Dev\Github\Nexus\node_modules\.pnpm\jest-circus@29.7.0\node_modules\jest-circus\build\utils.js:298:28)
    at new Promise (&lt;anonymous&gt;)
    at callAsyncCircusFn (C:\Dev\Github\Nexus\node_modules\.pnpm\jest-circus@29.7.0\node_modules\jest-circus\build\utils.js:231:10)
    at _callCircusTest (C:\Dev\Github\Nexus\node_modules\.pnpm\jest-circus@29.7.0\node_modules\jest-circus\build\run.js:316:40)
    at _runTest (C:\Dev\Github\Nexus\node_modules\.pnpm\jest-circus@29.7.0\node_modules\jest-circus\build\run.js:252:3)
    at _runTestsForDescribeBlock (C:\Dev\Github\Nexus\node_modules\.pnpm\jest-circus@29.7.0\node_modules\jest-circus\build\run.js:126:9)
    at _runTestsForDescribeBlock (C:\Dev\Github\Nexus\node_modules\.pnpm\jest-circus@29.7.0\node_modules\jest-circus\build\run.js:121:9)
    at _runTestsForDescribeBlock (C:\Dev\Github\Nexus\node_modules\.pnpm\jest-circus@29.7.0\node_modules\jest-circus\build\run.js:121:9)
    at run (C:\Dev\Github\Nexus\node_modules\.pnpm\jest-circus@29.7.0\node_modules\jest-circus\build\run.js:71:3)
    at runAndTransformResultsToJestFormat (C:\Dev\Github\Nexus\node_modules\.pnpm\jest-circus@29.7.0\node_modules\jest-circus\build\legacy-code-todo-rewrite\jestAdapterInit.js:122:21)
    at jestAdapter (C:\Dev\Github\Nexus\node_modules\.pnpm\jest-circus@29.7.0\node_modules\jest-circus\build\legacy-code-todo-rewrite\jestAdapter.js:79:19)
    at runTestInternal (C:\Dev\Github\Nexus\node_modules\.pnpm\jest-runner@29.7.0\node_modules\jest-runner\build\runTest.js:367:16)
    at runTest (C:\Dev\Github\Nexus\node_modules\.pnpm\jest-runner@29.7.0\node_modules\jest-runner\build\runTest.js:444:34)</failure>
    </testcase>
    <testcase classname="FireCycleChatIntegration getSuggestedActions should return suggested actions for focus phase" name="FireCycleChatIntegration getSuggestedActions should return suggested actions for focus phase" time="0.001">
      <failure>TypeError: integration.getSuggestedActions is not a function
    at Object.&lt;anonymous&gt; (C:\Dev\Github\Nexus\src\core\fire-cycle\__tests__\fireCycleChatIntegration.test.ts:169:35)
    at Promise.then.completed (C:\Dev\Github\Nexus\node_modules\.pnpm\jest-circus@29.7.0\node_modules\jest-circus\build\utils.js:298:28)
    at new Promise (&lt;anonymous&gt;)
    at callAsyncCircusFn (C:\Dev\Github\Nexus\node_modules\.pnpm\jest-circus@29.7.0\node_modules\jest-circus\build\utils.js:231:10)
    at _callCircusTest (C:\Dev\Github\Nexus\node_modules\.pnpm\jest-circus@29.7.0\node_modules\jest-circus\build\run.js:316:40)
    at _runTest (C:\Dev\Github\Nexus\node_modules\.pnpm\jest-circus@29.7.0\node_modules\jest-circus\build\run.js:252:3)
    at _runTestsForDescribeBlock (C:\Dev\Github\Nexus\node_modules\.pnpm\jest-circus@29.7.0\node_modules\jest-circus\build\run.js:126:9)
    at _runTestsForDescribeBlock (C:\Dev\Github\Nexus\node_modules\.pnpm\jest-circus@29.7.0\node_modules\jest-circus\build\run.js:121:9)
    at _runTestsForDescribeBlock (C:\Dev\Github\Nexus\node_modules\.pnpm\jest-circus@29.7.0\node_modules\jest-circus\build\run.js:121:9)
    at run (C:\Dev\Github\Nexus\node_modules\.pnpm\jest-circus@29.7.0\node_modules\jest-circus\build\run.js:71:3)
    at runAndTransformResultsToJestFormat (C:\Dev\Github\Nexus\node_modules\.pnpm\jest-circus@29.7.0\node_modules\jest-circus\build\legacy-code-todo-rewrite\jestAdapterInit.js:122:21)
    at jestAdapter (C:\Dev\Github\Nexus\node_modules\.pnpm\jest-circus@29.7.0\node_modules\jest-circus\build\legacy-code-todo-rewrite\jestAdapter.js:79:19)
    at runTestInternal (C:\Dev\Github\Nexus\node_modules\.pnpm\jest-runner@29.7.0\node_modules\jest-runner\build\runTest.js:367:16)
    at runTest (C:\Dev\Github\Nexus\node_modules\.pnpm\jest-runner@29.7.0\node_modules\jest-runner\build\runTest.js:444:34)</failure>
    </testcase>
    <testcase classname="FireCycleChatIntegration getSuggestedActions should return suggested actions for insight phase" name="FireCycleChatIntegration getSuggestedActions should return suggested actions for insight phase" time="0">
      <failure>TypeError: integration.getSuggestedActions is not a function
    at Object.&lt;anonymous&gt; (C:\Dev\Github\Nexus\src\core\fire-cycle\__tests__\fireCycleChatIntegration.test.ts:177:35)
    at Promise.then.completed (C:\Dev\Github\Nexus\node_modules\.pnpm\jest-circus@29.7.0\node_modules\jest-circus\build\utils.js:298:28)
    at new Promise (&lt;anonymous&gt;)
    at callAsyncCircusFn (C:\Dev\Github\Nexus\node_modules\.pnpm\jest-circus@29.7.0\node_modules\jest-circus\build\utils.js:231:10)
    at _callCircusTest (C:\Dev\Github\Nexus\node_modules\.pnpm\jest-circus@29.7.0\node_modules\jest-circus\build\run.js:316:40)
    at _runTest (C:\Dev\Github\Nexus\node_modules\.pnpm\jest-circus@29.7.0\node_modules\jest-circus\build\run.js:252:3)
    at _runTestsForDescribeBlock (C:\Dev\Github\Nexus\node_modules\.pnpm\jest-circus@29.7.0\node_modules\jest-circus\build\run.js:126:9)
    at _runTestsForDescribeBlock (C:\Dev\Github\Nexus\node_modules\.pnpm\jest-circus@29.7.0\node_modules\jest-circus\build\run.js:121:9)
    at _runTestsForDescribeBlock (C:\Dev\Github\Nexus\node_modules\.pnpm\jest-circus@29.7.0\node_modules\jest-circus\build\run.js:121:9)
    at run (C:\Dev\Github\Nexus\node_modules\.pnpm\jest-circus@29.7.0\node_modules\jest-circus\build\run.js:71:3)
    at runAndTransformResultsToJestFormat (C:\Dev\Github\Nexus\node_modules\.pnpm\jest-circus@29.7.0\node_modules\jest-circus\build\legacy-code-todo-rewrite\jestAdapterInit.js:122:21)
    at jestAdapter (C:\Dev\Github\Nexus\node_modules\.pnpm\jest-circus@29.7.0\node_modules\jest-circus\build\legacy-code-todo-rewrite\jestAdapter.js:79:19)
    at runTestInternal (C:\Dev\Github\Nexus\node_modules\.pnpm\jest-runner@29.7.0\node_modules\jest-runner\build\runTest.js:367:16)
    at runTest (C:\Dev\Github\Nexus\node_modules\.pnpm\jest-runner@29.7.0\node_modules\jest-runner\build\runTest.js:444:34)</failure>
    </testcase>
    <testcase classname="FireCycleChatIntegration getSuggestedActions should return suggested actions for roadmap phase" name="FireCycleChatIntegration getSuggestedActions should return suggested actions for roadmap phase" time="0.001">
      <failure>TypeError: integration.getSuggestedActions is not a function
    at Object.&lt;anonymous&gt; (C:\Dev\Github\Nexus\src\core\fire-cycle\__tests__\fireCycleChatIntegration.test.ts:185:35)
    at Promise.then.completed (C:\Dev\Github\Nexus\node_modules\.pnpm\jest-circus@29.7.0\node_modules\jest-circus\build\utils.js:298:28)
    at new Promise (&lt;anonymous&gt;)
    at callAsyncCircusFn (C:\Dev\Github\Nexus\node_modules\.pnpm\jest-circus@29.7.0\node_modules\jest-circus\build\utils.js:231:10)
    at _callCircusTest (C:\Dev\Github\Nexus\node_modules\.pnpm\jest-circus@29.7.0\node_modules\jest-circus\build\run.js:316:40)
    at _runTest (C:\Dev\Github\Nexus\node_modules\.pnpm\jest-circus@29.7.0\node_modules\jest-circus\build\run.js:252:3)
    at _runTestsForDescribeBlock (C:\Dev\Github\Nexus\node_modules\.pnpm\jest-circus@29.7.0\node_modules\jest-circus\build\run.js:126:9)
    at _runTestsForDescribeBlock (C:\Dev\Github\Nexus\node_modules\.pnpm\jest-circus@29.7.0\node_modules\jest-circus\build\run.js:121:9)
    at _runTestsForDescribeBlock (C:\Dev\Github\Nexus\node_modules\.pnpm\jest-circus@29.7.0\node_modules\jest-circus\build\run.js:121:9)
    at run (C:\Dev\Github\Nexus\node_modules\.pnpm\jest-circus@29.7.0\node_modules\jest-circus\build\run.js:71:3)
    at runAndTransformResultsToJestFormat (C:\Dev\Github\Nexus\node_modules\.pnpm\jest-circus@29.7.0\node_modules\jest-circus\build\legacy-code-todo-rewrite\jestAdapterInit.js:122:21)
    at jestAdapter (C:\Dev\Github\Nexus\node_modules\.pnpm\jest-circus@29.7.0\node_modules\jest-circus\build\legacy-code-todo-rewrite\jestAdapter.js:79:19)
    at runTestInternal (C:\Dev\Github\Nexus\node_modules\.pnpm\jest-runner@29.7.0\node_modules\jest-runner\build\runTest.js:367:16)
    at runTest (C:\Dev\Github\Nexus\node_modules\.pnpm\jest-runner@29.7.0\node_modules\jest-runner\build\runTest.js:444:34)</failure>
    </testcase>
    <testcase classname="FireCycleChatIntegration getSuggestedActions should return suggested actions for execute phase" name="FireCycleChatIntegration getSuggestedActions should return suggested actions for execute phase" time="0.001">
      <failure>TypeError: integration.getSuggestedActions is not a function
    at Object.&lt;anonymous&gt; (C:\Dev\Github\Nexus\src\core\fire-cycle\__tests__\fireCycleChatIntegration.test.ts:193:35)
    at Promise.then.completed (C:\Dev\Github\Nexus\node_modules\.pnpm\jest-circus@29.7.0\node_modules\jest-circus\build\utils.js:298:28)
    at new Promise (&lt;anonymous&gt;)
    at callAsyncCircusFn (C:\Dev\Github\Nexus\node_modules\.pnpm\jest-circus@29.7.0\node_modules\jest-circus\build\utils.js:231:10)
    at _callCircusTest (C:\Dev\Github\Nexus\node_modules\.pnpm\jest-circus@29.7.0\node_modules\jest-circus\build\run.js:316:40)
    at _runTest (C:\Dev\Github\Nexus\node_modules\.pnpm\jest-circus@29.7.0\node_modules\jest-circus\build\run.js:252:3)
    at _runTestsForDescribeBlock (C:\Dev\Github\Nexus\node_modules\.pnpm\jest-circus@29.7.0\node_modules\jest-circus\build\run.js:126:9)
    at _runTestsForDescribeBlock (C:\Dev\Github\Nexus\node_modules\.pnpm\jest-circus@29.7.0\node_modules\jest-circus\build\run.js:121:9)
    at _runTestsForDescribeBlock (C:\Dev\Github\Nexus\node_modules\.pnpm\jest-circus@29.7.0\node_modules\jest-circus\build\run.js:121:9)
    at run (C:\Dev\Github\Nexus\node_modules\.pnpm\jest-circus@29.7.0\node_modules\jest-circus\build\run.js:71:3)
    at runAndTransformResultsToJestFormat (C:\Dev\Github\Nexus\node_modules\.pnpm\jest-circus@29.7.0\node_modules\jest-circus\build\legacy-code-todo-rewrite\jestAdapterInit.js:122:21)
    at jestAdapter (C:\Dev\Github\Nexus\node_modules\.pnpm\jest-circus@29.7.0\node_modules\jest-circus\build\legacy-code-todo-rewrite\jestAdapter.js:79:19)
    at runTestInternal (C:\Dev\Github\Nexus\node_modules\.pnpm\jest-runner@29.7.0\node_modules\jest-runner\build\runTest.js:367:16)
    at runTest (C:\Dev\Github\Nexus\node_modules\.pnpm\jest-runner@29.7.0\node_modules\jest-runner\build\runTest.js:444:34)</failure>
    </testcase>
    <testcase classname="FireCycleChatIntegration getFirePhaseInsights should return insights for focus phase" name="FireCycleChatIntegration getFirePhaseInsights should return insights for focus phase" time="0.001">
      <failure>TypeError: integration.getFirePhaseInsights is not a function
    at Object.&lt;anonymous&gt; (C:\Dev\Github\Nexus\src\core\fire-cycle\__tests__\fireCycleChatIntegration.test.ts:203:36)
    at Promise.then.completed (C:\Dev\Github\Nexus\node_modules\.pnpm\jest-circus@29.7.0\node_modules\jest-circus\build\utils.js:298:28)
    at new Promise (&lt;anonymous&gt;)
    at callAsyncCircusFn (C:\Dev\Github\Nexus\node_modules\.pnpm\jest-circus@29.7.0\node_modules\jest-circus\build\utils.js:231:10)
    at _callCircusTest (C:\Dev\Github\Nexus\node_modules\.pnpm\jest-circus@29.7.0\node_modules\jest-circus\build\run.js:316:40)
    at _runTest (C:\Dev\Github\Nexus\node_modules\.pnpm\jest-circus@29.7.0\node_modules\jest-circus\build\run.js:252:3)
    at _runTestsForDescribeBlock (C:\Dev\Github\Nexus\node_modules\.pnpm\jest-circus@29.7.0\node_modules\jest-circus\build\run.js:126:9)
    at _runTestsForDescribeBlock (C:\Dev\Github\Nexus\node_modules\.pnpm\jest-circus@29.7.0\node_modules\jest-circus\build\run.js:121:9)
    at _runTestsForDescribeBlock (C:\Dev\Github\Nexus\node_modules\.pnpm\jest-circus@29.7.0\node_modules\jest-circus\build\run.js:121:9)
    at run (C:\Dev\Github\Nexus\node_modules\.pnpm\jest-circus@29.7.0\node_modules\jest-circus\build\run.js:71:3)
    at runAndTransformResultsToJestFormat (C:\Dev\Github\Nexus\node_modules\.pnpm\jest-circus@29.7.0\node_modules\jest-circus\build\legacy-code-todo-rewrite\jestAdapterInit.js:122:21)
    at jestAdapter (C:\Dev\Github\Nexus\node_modules\.pnpm\jest-circus@29.7.0\node_modules\jest-circus\build\legacy-code-todo-rewrite\jestAdapter.js:79:19)
    at runTestInternal (C:\Dev\Github\Nexus\node_modules\.pnpm\jest-runner@29.7.0\node_modules\jest-runner\build\runTest.js:367:16)
    at runTest (C:\Dev\Github\Nexus\node_modules\.pnpm\jest-runner@29.7.0\node_modules\jest-runner\build\runTest.js:444:34)</failure>
    </testcase>
    <testcase classname="FireCycleChatIntegration getFirePhaseInsights should return insights for insight phase" name="FireCycleChatIntegration getFirePhaseInsights should return insights for insight phase" time="0">
      <failure>TypeError: integration.getFirePhaseInsights is not a function
    at Object.&lt;anonymous&gt; (C:\Dev\Github\Nexus\src\core\fire-cycle\__tests__\fireCycleChatIntegration.test.ts:212:36)
    at Promise.then.completed (C:\Dev\Github\Nexus\node_modules\.pnpm\jest-circus@29.7.0\node_modules\jest-circus\build\utils.js:298:28)
    at new Promise (&lt;anonymous&gt;)
    at callAsyncCircusFn (C:\Dev\Github\Nexus\node_modules\.pnpm\jest-circus@29.7.0\node_modules\jest-circus\build\utils.js:231:10)
    at _callCircusTest (C:\Dev\Github\Nexus\node_modules\.pnpm\jest-circus@29.7.0\node_modules\jest-circus\build\run.js:316:40)
    at _runTest (C:\Dev\Github\Nexus\node_modules\.pnpm\jest-circus@29.7.0\node_modules\jest-circus\build\run.js:252:3)
    at _runTestsForDescribeBlock (C:\Dev\Github\Nexus\node_modules\.pnpm\jest-circus@29.7.0\node_modules\jest-circus\build\run.js:126:9)
    at _runTestsForDescribeBlock (C:\Dev\Github\Nexus\node_modules\.pnpm\jest-circus@29.7.0\node_modules\jest-circus\build\run.js:121:9)
    at _runTestsForDescribeBlock (C:\Dev\Github\Nexus\node_modules\.pnpm\jest-circus@29.7.0\node_modules\jest-circus\build\run.js:121:9)
    at run (C:\Dev\Github\Nexus\node_modules\.pnpm\jest-circus@29.7.0\node_modules\jest-circus\build\run.js:71:3)
    at runAndTransformResultsToJestFormat (C:\Dev\Github\Nexus\node_modules\.pnpm\jest-circus@29.7.0\node_modules\jest-circus\build\legacy-code-todo-rewrite\jestAdapterInit.js:122:21)
    at jestAdapter (C:\Dev\Github\Nexus\node_modules\.pnpm\jest-circus@29.7.0\node_modules\jest-circus\build\legacy-code-todo-rewrite\jestAdapter.js:79:19)
    at runTestInternal (C:\Dev\Github\Nexus\node_modules\.pnpm\jest-runner@29.7.0\node_modules\jest-runner\build\runTest.js:367:16)
    at runTest (C:\Dev\Github\Nexus\node_modules\.pnpm\jest-runner@29.7.0\node_modules\jest-runner\build\runTest.js:444:34)</failure>
    </testcase>
    <testcase classname="FireCycleChatIntegration getFirePhaseInsights should return insights for roadmap phase" name="FireCycleChatIntegration getFirePhaseInsights should return insights for roadmap phase" time="0.004">
      <failure>TypeError: integration.getFirePhaseInsights is not a function
    at Object.&lt;anonymous&gt; (C:\Dev\Github\Nexus\src\core\fire-cycle\__tests__\fireCycleChatIntegration.test.ts:221:36)
    at Promise.then.completed (C:\Dev\Github\Nexus\node_modules\.pnpm\jest-circus@29.7.0\node_modules\jest-circus\build\utils.js:298:28)
    at new Promise (&lt;anonymous&gt;)
    at callAsyncCircusFn (C:\Dev\Github\Nexus\node_modules\.pnpm\jest-circus@29.7.0\node_modules\jest-circus\build\utils.js:231:10)
    at _callCircusTest (C:\Dev\Github\Nexus\node_modules\.pnpm\jest-circus@29.7.0\node_modules\jest-circus\build\run.js:316:40)
    at _runTest (C:\Dev\Github\Nexus\node_modules\.pnpm\jest-circus@29.7.0\node_modules\jest-circus\build\run.js:252:3)
    at _runTestsForDescribeBlock (C:\Dev\Github\Nexus\node_modules\.pnpm\jest-circus@29.7.0\node_modules\jest-circus\build\run.js:126:9)
    at _runTestsForDescribeBlock (C:\Dev\Github\Nexus\node_modules\.pnpm\jest-circus@29.7.0\node_modules\jest-circus\build\run.js:121:9)
    at _runTestsForDescribeBlock (C:\Dev\Github\Nexus\node_modules\.pnpm\jest-circus@29.7.0\node_modules\jest-circus\build\run.js:121:9)
    at run (C:\Dev\Github\Nexus\node_modules\.pnpm\jest-circus@29.7.0\node_modules\jest-circus\build\run.js:71:3)
    at runAndTransformResultsToJestFormat (C:\Dev\Github\Nexus\node_modules\.pnpm\jest-circus@29.7.0\node_modules\jest-circus\build\legacy-code-todo-rewrite\jestAdapterInit.js:122:21)
    at jestAdapter (C:\Dev\Github\Nexus\node_modules\.pnpm\jest-circus@29.7.0\node_modules\jest-circus\build\legacy-code-todo-rewrite\jestAdapter.js:79:19)
    at runTestInternal (C:\Dev\Github\Nexus\node_modules\.pnpm\jest-runner@29.7.0\node_modules\jest-runner\build\runTest.js:367:16)
    at runTest (C:\Dev\Github\Nexus\node_modules\.pnpm\jest-runner@29.7.0\node_modules\jest-runner\build\runTest.js:444:34)</failure>
    </testcase>
    <testcase classname="FireCycleChatIntegration getFirePhaseInsights should return insights for execute phase" name="FireCycleChatIntegration getFirePhaseInsights should return insights for execute phase" time="0.001">
      <failure>TypeError: integration.getFirePhaseInsights is not a function
    at Object.&lt;anonymous&gt; (C:\Dev\Github\Nexus\src\core\fire-cycle\__tests__\fireCycleChatIntegration.test.ts:230:36)
    at Promise.then.completed (C:\Dev\Github\Nexus\node_modules\.pnpm\jest-circus@29.7.0\node_modules\jest-circus\build\utils.js:298:28)
    at new Promise (&lt;anonymous&gt;)
    at callAsyncCircusFn (C:\Dev\Github\Nexus\node_modules\.pnpm\jest-circus@29.7.0\node_modules\jest-circus\build\utils.js:231:10)
    at _callCircusTest (C:\Dev\Github\Nexus\node_modules\.pnpm\jest-circus@29.7.0\node_modules\jest-circus\build\run.js:316:40)
    at _runTest (C:\Dev\Github\Nexus\node_modules\.pnpm\jest-circus@29.7.0\node_modules\jest-circus\build\run.js:252:3)
    at _runTestsForDescribeBlock (C:\Dev\Github\Nexus\node_modules\.pnpm\jest-circus@29.7.0\node_modules\jest-circus\build\run.js:126:9)
    at _runTestsForDescribeBlock (C:\Dev\Github\Nexus\node_modules\.pnpm\jest-circus@29.7.0\node_modules\jest-circus\build\run.js:121:9)
    at _runTestsForDescribeBlock (C:\Dev\Github\Nexus\node_modules\.pnpm\jest-circus@29.7.0\node_modules\jest-circus\build\run.js:121:9)
    at run (C:\Dev\Github\Nexus\node_modules\.pnpm\jest-circus@29.7.0\node_modules\jest-circus\build\run.js:71:3)
    at runAndTransformResultsToJestFormat (C:\Dev\Github\Nexus\node_modules\.pnpm\jest-circus@29.7.0\node_modules\jest-circus\build\legacy-code-todo-rewrite\jestAdapterInit.js:122:21)
    at jestAdapter (C:\Dev\Github\Nexus\node_modules\.pnpm\jest-circus@29.7.0\node_modules\jest-circus\build\legacy-code-todo-rewrite\jestAdapter.js:79:19)
    at runTestInternal (C:\Dev\Github\Nexus\node_modules\.pnpm\jest-runner@29.7.0\node_modules\jest-runner\build\runTest.js:367:16)
    at runTest (C:\Dev\Github\Nexus\node_modules\.pnpm\jest-runner@29.7.0\node_modules\jest-runner\build\runTest.js:444:34)</failure>
    </testcase>
  </testsuite>
  <testsuite name="ContextualRAG Core Functionality" errors="0" failures="24" skipped="0" timestamp="2025-08-03T01:02:38" time="1.241" tests="24">
    <testcase classname="ContextualRAG Core Functionality Initialization should initialize successfully with valid user ID" name="ContextualRAG Core Functionality Initialization should initialize successfully with valid user ID" time="0.019">
      <failure>TypeError: ragSystem.initialize is not a function
    at Object.&lt;anonymous&gt; (C:\Dev\Github\Nexus\__tests__\ai\contextualRAG.test.ts:39:30)
    at Promise.then.completed (C:\Dev\Github\Nexus\node_modules\.pnpm\jest-circus@29.7.0\node_modules\jest-circus\build\utils.js:298:28)
    at new Promise (&lt;anonymous&gt;)
    at callAsyncCircusFn (C:\Dev\Github\Nexus\node_modules\.pnpm\jest-circus@29.7.0\node_modules\jest-circus\build\utils.js:231:10)
    at _callCircusTest (C:\Dev\Github\Nexus\node_modules\.pnpm\jest-circus@29.7.0\node_modules\jest-circus\build\run.js:316:40)
    at _runTest (C:\Dev\Github\Nexus\node_modules\.pnpm\jest-circus@29.7.0\node_modules\jest-circus\build\run.js:252:3)
    at _runTestsForDescribeBlock (C:\Dev\Github\Nexus\node_modules\.pnpm\jest-circus@29.7.0\node_modules\jest-circus\build\run.js:126:9)
    at _runTestsForDescribeBlock (C:\Dev\Github\Nexus\node_modules\.pnpm\jest-circus@29.7.0\node_modules\jest-circus\build\run.js:121:9)
    at _runTestsForDescribeBlock (C:\Dev\Github\Nexus\node_modules\.pnpm\jest-circus@29.7.0\node_modules\jest-circus\build\run.js:121:9)
    at run (C:\Dev\Github\Nexus\node_modules\.pnpm\jest-circus@29.7.0\node_modules\jest-circus\build\run.js:71:3)
    at runAndTransformResultsToJestFormat (C:\Dev\Github\Nexus\node_modules\.pnpm\jest-circus@29.7.0\node_modules\jest-circus\build\legacy-code-todo-rewrite\jestAdapterInit.js:122:21)
    at jestAdapter (C:\Dev\Github\Nexus\node_modules\.pnpm\jest-circus@29.7.0\node_modules\jest-circus\build\legacy-code-todo-rewrite\jestAdapter.js:79:19)
    at runTestInternal (C:\Dev\Github\Nexus\node_modules\.pnpm\jest-runner@29.7.0\node_modules\jest-runner\build\runTest.js:367:16)
    at runTest (C:\Dev\Github\Nexus\node_modules\.pnpm\jest-runner@29.7.0\node_modules\jest-runner\build\runTest.js:444:34)</failure>
    </testcase>
    <testcase classname="ContextualRAG Core Functionality Initialization should throw error when initializing with invalid user ID" name="ContextualRAG Core Functionality Initialization should throw error when initializing with invalid user ID" time="0.002">
      <failure>TypeError: ragSystem.initialize is not a function
    at Object.&lt;anonymous&gt; (C:\Dev\Github\Nexus\__tests__\ai\contextualRAG.test.ts:43:30)
    at Promise.then.completed (C:\Dev\Github\Nexus\node_modules\.pnpm\jest-circus@29.7.0\node_modules\jest-circus\build\utils.js:298:28)
    at new Promise (&lt;anonymous&gt;)
    at callAsyncCircusFn (C:\Dev\Github\Nexus\node_modules\.pnpm\jest-circus@29.7.0\node_modules\jest-circus\build\utils.js:231:10)
    at _callCircusTest (C:\Dev\Github\Nexus\node_modules\.pnpm\jest-circus@29.7.0\node_modules\jest-circus\build\run.js:316:40)
    at _runTest (C:\Dev\Github\Nexus\node_modules\.pnpm\jest-circus@29.7.0\node_modules\jest-circus\build\run.js:252:3)
    at _runTestsForDescribeBlock (C:\Dev\Github\Nexus\node_modules\.pnpm\jest-circus@29.7.0\node_modules\jest-circus\build\run.js:126:9)
    at _runTestsForDescribeBlock (C:\Dev\Github\Nexus\node_modules\.pnpm\jest-circus@29.7.0\node_modules\jest-circus\build\run.js:121:9)
    at _runTestsForDescribeBlock (C:\Dev\Github\Nexus\node_modules\.pnpm\jest-circus@29.7.0\node_modules\jest-circus\build\run.js:121:9)
    at run (C:\Dev\Github\Nexus\node_modules\.pnpm\jest-circus@29.7.0\node_modules\jest-circus\build\run.js:71:3)
    at runAndTransformResultsToJestFormat (C:\Dev\Github\Nexus\node_modules\.pnpm\jest-circus@29.7.0\node_modules\jest-circus\build\legacy-code-todo-rewrite\jestAdapterInit.js:122:21)
    at jestAdapter (C:\Dev\Github\Nexus\node_modules\.pnpm\jest-circus@29.7.0\node_modules\jest-circus\build\legacy-code-todo-rewrite\jestAdapter.js:79:19)
    at runTestInternal (C:\Dev\Github\Nexus\node_modules\.pnpm\jest-runner@29.7.0\node_modules\jest-runner\build\runTest.js:367:16)
    at runTest (C:\Dev\Github\Nexus\node_modules\.pnpm\jest-runner@29.7.0\node_modules\jest-runner\build\runTest.js:444:34)</failure>
    </testcase>
    <testcase classname="ContextualRAG Core Functionality Initialization should handle initialization with non-existent user gracefully" name="ContextualRAG Core Functionality Initialization should handle initialization with non-existent user gracefully" time="0.001">
      <failure>TypeError: ragSystem.initialize is not a function
    at Object.&lt;anonymous&gt; (C:\Dev\Github\Nexus\__tests__\ai\contextualRAG.test.ts:55:23)</failure>
    </testcase>
    <testcase classname="ContextualRAG Core Functionality Initialization should initialize within performance threshold" name="ContextualRAG Core Functionality Initialization should initialize within performance threshold" time="0.002">
      <failure>TypeError: ragSystem.initialize is not a function
    at C:\Dev\Github\Nexus\__tests__\ai\contextualRAG.test.ts:61:25
    at measureExecutionTime (C:\Dev\Github\Nexus\__tests__\utils\ragTestUtils.ts:274:9)
    at Object.&lt;anonymous&gt; (C:\Dev\Github\Nexus\__tests__\ai\contextualRAG.test.ts:60:55)
    at Promise.then.completed (C:\Dev\Github\Nexus\node_modules\.pnpm\jest-circus@29.7.0\node_modules\jest-circus\build\utils.js:298:28)
    at new Promise (&lt;anonymous&gt;)
    at callAsyncCircusFn (C:\Dev\Github\Nexus\node_modules\.pnpm\jest-circus@29.7.0\node_modules\jest-circus\build\utils.js:231:10)
    at _callCircusTest (C:\Dev\Github\Nexus\node_modules\.pnpm\jest-circus@29.7.0\node_modules\jest-circus\build\run.js:316:40)
    at _runTest (C:\Dev\Github\Nexus\node_modules\.pnpm\jest-circus@29.7.0\node_modules\jest-circus\build\run.js:252:3)
    at _runTestsForDescribeBlock (C:\Dev\Github\Nexus\node_modules\.pnpm\jest-circus@29.7.0\node_modules\jest-circus\build\run.js:126:9)
    at _runTestsForDescribeBlock (C:\Dev\Github\Nexus\node_modules\.pnpm\jest-circus@29.7.0\node_modules\jest-circus\build\run.js:121:9)
    at _runTestsForDescribeBlock (C:\Dev\Github\Nexus\node_modules\.pnpm\jest-circus@29.7.0\node_modules\jest-circus\build\run.js:121:9)
    at run (C:\Dev\Github\Nexus\node_modules\.pnpm\jest-circus@29.7.0\node_modules\jest-circus\build\run.js:71:3)
    at runAndTransformResultsToJestFormat (C:\Dev\Github\Nexus\node_modules\.pnpm\jest-circus@29.7.0\node_modules\jest-circus\build\legacy-code-todo-rewrite\jestAdapterInit.js:122:21)
    at jestAdapter (C:\Dev\Github\Nexus\node_modules\.pnpm\jest-circus@29.7.0\node_modules\jest-circus\build\legacy-code-todo-rewrite\jestAdapter.js:79:19)
    at runTestInternal (C:\Dev\Github\Nexus\node_modules\.pnpm\jest-runner@29.7.0\node_modules\jest-runner\build\runTest.js:367:16)
    at runTest (C:\Dev\Github\Nexus\node_modules\.pnpm\jest-runner@29.7.0\node_modules\jest-runner\build\runTest.js:444:34)</failure>
    </testcase>
    <testcase classname="ContextualRAG Core Functionality Executive Context Generation should generate executive context for strategic queries" name="ContextualRAG Core Functionality Executive Context Generation should generate executive context for strategic queries" time="0.001">
      <failure>TypeError: ragSystem.initialize is not a function
    at Object.&lt;anonymous&gt; (C:\Dev\Github\Nexus\__tests__\ai\contextualRAG.test.ts:70:23)
    at Promise.then.completed (C:\Dev\Github\Nexus\node_modules\.pnpm\jest-circus@29.7.0\node_modules\jest-circus\build\utils.js:298:28)
    at new Promise (&lt;anonymous&gt;)
    at callAsyncCircusFn (C:\Dev\Github\Nexus\node_modules\.pnpm\jest-circus@29.7.0\node_modules\jest-circus\build\utils.js:231:10)
    at _callCircusHook (C:\Dev\Github\Nexus\node_modules\.pnpm\jest-circus@29.7.0\node_modules\jest-circus\build\run.js:281:40)
    at _runTest (C:\Dev\Github\Nexus\node_modules\.pnpm\jest-circus@29.7.0\node_modules\jest-circus\build\run.js:246:5)
    at _runTestsForDescribeBlock (C:\Dev\Github\Nexus\node_modules\.pnpm\jest-circus@29.7.0\node_modules\jest-circus\build\run.js:126:9)
    at _runTestsForDescribeBlock (C:\Dev\Github\Nexus\node_modules\.pnpm\jest-circus@29.7.0\node_modules\jest-circus\build\run.js:121:9)
    at _runTestsForDescribeBlock (C:\Dev\Github\Nexus\node_modules\.pnpm\jest-circus@29.7.0\node_modules\jest-circus\build\run.js:121:9)
    at run (C:\Dev\Github\Nexus\node_modules\.pnpm\jest-circus@29.7.0\node_modules\jest-circus\build\run.js:71:3)
    at runAndTransformResultsToJestFormat (C:\Dev\Github\Nexus\node_modules\.pnpm\jest-circus@29.7.0\node_modules\jest-circus\build\legacy-code-todo-rewrite\jestAdapterInit.js:122:21)
    at jestAdapter (C:\Dev\Github\Nexus\node_modules\.pnpm\jest-circus@29.7.0\node_modules\jest-circus\build\legacy-code-todo-rewrite\jestAdapter.js:79:19)
    at runTestInternal (C:\Dev\Github\Nexus\node_modules\.pnpm\jest-runner@29.7.0\node_modules\jest-runner\build\runTest.js:367:16)
    at runTest (C:\Dev\Github\Nexus\node_modules\.pnpm\jest-runner@29.7.0\node_modules\jest-runner\build\runTest.js:444:34)</failure>
    </testcase>
    <testcase classname="ContextualRAG Core Functionality Executive Context Generation should include business context in executive responses" name="ContextualRAG Core Functionality Executive Context Generation should include business context in executive responses" time="0.001">
      <failure>TypeError: ragSystem.initialize is not a function
    at Object.&lt;anonymous&gt; (C:\Dev\Github\Nexus\__tests__\ai\contextualRAG.test.ts:70:23)
    at Promise.then.completed (C:\Dev\Github\Nexus\node_modules\.pnpm\jest-circus@29.7.0\node_modules\jest-circus\build\utils.js:298:28)
    at new Promise (&lt;anonymous&gt;)
    at callAsyncCircusFn (C:\Dev\Github\Nexus\node_modules\.pnpm\jest-circus@29.7.0\node_modules\jest-circus\build\utils.js:231:10)
    at _callCircusHook (C:\Dev\Github\Nexus\node_modules\.pnpm\jest-circus@29.7.0\node_modules\jest-circus\build\run.js:281:40)
    at _runTest (C:\Dev\Github\Nexus\node_modules\.pnpm\jest-circus@29.7.0\node_modules\jest-circus\build\run.js:246:5)
    at _runTestsForDescribeBlock (C:\Dev\Github\Nexus\node_modules\.pnpm\jest-circus@29.7.0\node_modules\jest-circus\build\run.js:126:9)
    at _runTestsForDescribeBlock (C:\Dev\Github\Nexus\node_modules\.pnpm\jest-circus@29.7.0\node_modules\jest-circus\build\run.js:121:9)
    at _runTestsForDescribeBlock (C:\Dev\Github\Nexus\node_modules\.pnpm\jest-circus@29.7.0\node_modules\jest-circus\build\run.js:121:9)
    at run (C:\Dev\Github\Nexus\node_modules\.pnpm\jest-circus@29.7.0\node_modules\jest-circus\build\run.js:71:3)
    at runAndTransformResultsToJestFormat (C:\Dev\Github\Nexus\node_modules\.pnpm\jest-circus@29.7.0\node_modules\jest-circus\build\legacy-code-todo-rewrite\jestAdapterInit.js:122:21)
    at jestAdapter (C:\Dev\Github\Nexus\node_modules\.pnpm\jest-circus@29.7.0\node_modules\jest-circus\build\legacy-code-todo-rewrite\jestAdapter.js:79:19)
    at runTestInternal (C:\Dev\Github\Nexus\node_modules\.pnpm\jest-runner@29.7.0\node_modules\jest-runner\build\runTest.js:367:16)
    at runTest (C:\Dev\Github\Nexus\node_modules\.pnpm\jest-runner@29.7.0\node_modules\jest-runner\build\runTest.js:444:34)</failure>
    </testcase>
    <testcase classname="ContextualRAG Core Functionality Executive Context Generation should include personalization insights" name="ContextualRAG Core Functionality Executive Context Generation should include personalization insights" time="0.001">
      <failure>TypeError: ragSystem.initialize is not a function
    at Object.&lt;anonymous&gt; (C:\Dev\Github\Nexus\__tests__\ai\contextualRAG.test.ts:70:23)
    at Promise.then.completed (C:\Dev\Github\Nexus\node_modules\.pnpm\jest-circus@29.7.0\node_modules\jest-circus\build\utils.js:298:28)
    at new Promise (&lt;anonymous&gt;)
    at callAsyncCircusFn (C:\Dev\Github\Nexus\node_modules\.pnpm\jest-circus@29.7.0\node_modules\jest-circus\build\utils.js:231:10)
    at _callCircusHook (C:\Dev\Github\Nexus\node_modules\.pnpm\jest-circus@29.7.0\node_modules\jest-circus\build\run.js:281:40)
    at _runTest (C:\Dev\Github\Nexus\node_modules\.pnpm\jest-circus@29.7.0\node_modules\jest-circus\build\run.js:246:5)
    at _runTestsForDescribeBlock (C:\Dev\Github\Nexus\node_modules\.pnpm\jest-circus@29.7.0\node_modules\jest-circus\build\run.js:126:9)
    at _runTestsForDescribeBlock (C:\Dev\Github\Nexus\node_modules\.pnpm\jest-circus@29.7.0\node_modules\jest-circus\build\run.js:121:9)
    at _runTestsForDescribeBlock (C:\Dev\Github\Nexus\node_modules\.pnpm\jest-circus@29.7.0\node_modules\jest-circus\build\run.js:121:9)
    at run (C:\Dev\Github\Nexus\node_modules\.pnpm\jest-circus@29.7.0\node_modules\jest-circus\build\run.js:71:3)
    at runAndTransformResultsToJestFormat (C:\Dev\Github\Nexus\node_modules\.pnpm\jest-circus@29.7.0\node_modules\jest-circus\build\legacy-code-todo-rewrite\jestAdapterInit.js:122:21)
    at jestAdapter (C:\Dev\Github\Nexus\node_modules\.pnpm\jest-circus@29.7.0\node_modules\jest-circus\build\legacy-code-todo-rewrite\jestAdapter.js:79:19)
    at runTestInternal (C:\Dev\Github\Nexus\node_modules\.pnpm\jest-runner@29.7.0\node_modules\jest-runner\build\runTest.js:367:16)
    at runTest (C:\Dev\Github\Nexus\node_modules\.pnpm\jest-runner@29.7.0\node_modules\jest-runner\build\runTest.js:444:34)</failure>
    </testcase>
    <testcase classname="ContextualRAG Core Functionality Executive Context Generation should handle executive context generation within performance threshold" name="ContextualRAG Core Functionality Executive Context Generation should handle executive context generation within performance threshold" time="0.001">
      <failure>TypeError: ragSystem.initialize is not a function
    at Object.&lt;anonymous&gt; (C:\Dev\Github\Nexus\__tests__\ai\contextualRAG.test.ts:70:23)
    at Promise.then.completed (C:\Dev\Github\Nexus\node_modules\.pnpm\jest-circus@29.7.0\node_modules\jest-circus\build\utils.js:298:28)
    at new Promise (&lt;anonymous&gt;)
    at callAsyncCircusFn (C:\Dev\Github\Nexus\node_modules\.pnpm\jest-circus@29.7.0\node_modules\jest-circus\build\utils.js:231:10)
    at _callCircusHook (C:\Dev\Github\Nexus\node_modules\.pnpm\jest-circus@29.7.0\node_modules\jest-circus\build\run.js:281:40)
    at _runTest (C:\Dev\Github\Nexus\node_modules\.pnpm\jest-circus@29.7.0\node_modules\jest-circus\build\run.js:246:5)
    at _runTestsForDescribeBlock (C:\Dev\Github\Nexus\node_modules\.pnpm\jest-circus@29.7.0\node_modules\jest-circus\build\run.js:126:9)
    at _runTestsForDescribeBlock (C:\Dev\Github\Nexus\node_modules\.pnpm\jest-circus@29.7.0\node_modules\jest-circus\build\run.js:121:9)
    at _runTestsForDescribeBlock (C:\Dev\Github\Nexus\node_modules\.pnpm\jest-circus@29.7.0\node_modules\jest-circus\build\run.js:121:9)
    at run (C:\Dev\Github\Nexus\node_modules\.pnpm\jest-circus@29.7.0\node_modules\jest-circus\build\run.js:71:3)
    at runAndTransformResultsToJestFormat (C:\Dev\Github\Nexus\node_modules\.pnpm\jest-circus@29.7.0\node_modules\jest-circus\build\legacy-code-todo-rewrite\jestAdapterInit.js:122:21)
    at jestAdapter (C:\Dev\Github\Nexus\node_modules\.pnpm\jest-circus@29.7.0\node_modules\jest-circus\build\legacy-code-todo-rewrite\jestAdapter.js:79:19)
    at runTestInternal (C:\Dev\Github\Nexus\node_modules\.pnpm\jest-runner@29.7.0\node_modules\jest-runner\build\runTest.js:367:16)
    at runTest (C:\Dev\Github\Nexus\node_modules\.pnpm\jest-runner@29.7.0\node_modules\jest-runner\build\runTest.js:444:34)</failure>
    </testcase>
    <testcase classname="ContextualRAG Core Functionality Executive Context Generation should throw error when not initialized" name="ContextualRAG Core Functionality Executive Context Generation should throw error when not initialized" time="0.001">
      <failure>TypeError: ragSystem.initialize is not a function
    at Object.&lt;anonymous&gt; (C:\Dev\Github\Nexus\__tests__\ai\contextualRAG.test.ts:70:23)
    at Promise.then.completed (C:\Dev\Github\Nexus\node_modules\.pnpm\jest-circus@29.7.0\node_modules\jest-circus\build\utils.js:298:28)
    at new Promise (&lt;anonymous&gt;)
    at callAsyncCircusFn (C:\Dev\Github\Nexus\node_modules\.pnpm\jest-circus@29.7.0\node_modules\jest-circus\build\utils.js:231:10)
    at _callCircusHook (C:\Dev\Github\Nexus\node_modules\.pnpm\jest-circus@29.7.0\node_modules\jest-circus\build\run.js:281:40)
    at _runTest (C:\Dev\Github\Nexus\node_modules\.pnpm\jest-circus@29.7.0\node_modules\jest-circus\build\run.js:246:5)
    at _runTestsForDescribeBlock (C:\Dev\Github\Nexus\node_modules\.pnpm\jest-circus@29.7.0\node_modules\jest-circus\build\run.js:126:9)
    at _runTestsForDescribeBlock (C:\Dev\Github\Nexus\node_modules\.pnpm\jest-circus@29.7.0\node_modules\jest-circus\build\run.js:121:9)
    at _runTestsForDescribeBlock (C:\Dev\Github\Nexus\node_modules\.pnpm\jest-circus@29.7.0\node_modules\jest-circus\build\run.js:121:9)
    at run (C:\Dev\Github\Nexus\node_modules\.pnpm\jest-circus@29.7.0\node_modules\jest-circus\build\run.js:71:3)
    at runAndTransformResultsToJestFormat (C:\Dev\Github\Nexus\node_modules\.pnpm\jest-circus@29.7.0\node_modules\jest-circus\build\legacy-code-todo-rewrite\jestAdapterInit.js:122:21)
    at jestAdapter (C:\Dev\Github\Nexus\node_modules\.pnpm\jest-circus@29.7.0\node_modules\jest-circus\build\legacy-code-todo-rewrite\jestAdapter.js:79:19)
    at runTestInternal (C:\Dev\Github\Nexus\node_modules\.pnpm\jest-runner@29.7.0\node_modules\jest-runner\build\runTest.js:367:16)
    at runTest (C:\Dev\Github\Nexus\node_modules\.pnpm\jest-runner@29.7.0\node_modules\jest-runner\build\runTest.js:444:34)</failure>
    </testcase>
    <testcase classname="ContextualRAG Core Functionality Department Context Generation should generate sales department context" name="ContextualRAG Core Functionality Department Context Generation should generate sales department context" time="0.002">
      <failure>TypeError: ragSystem.initialize is not a function
    at Object.&lt;anonymous&gt; (C:\Dev\Github\Nexus\__tests__\ai\contextualRAG.test.ts:119:23)
    at Promise.then.completed (C:\Dev\Github\Nexus\node_modules\.pnpm\jest-circus@29.7.0\node_modules\jest-circus\build\utils.js:298:28)
    at new Promise (&lt;anonymous&gt;)
    at callAsyncCircusFn (C:\Dev\Github\Nexus\node_modules\.pnpm\jest-circus@29.7.0\node_modules\jest-circus\build\utils.js:231:10)
    at _callCircusHook (C:\Dev\Github\Nexus\node_modules\.pnpm\jest-circus@29.7.0\node_modules\jest-circus\build\run.js:281:40)
    at _runTest (C:\Dev\Github\Nexus\node_modules\.pnpm\jest-circus@29.7.0\node_modules\jest-circus\build\run.js:246:5)
    at _runTestsForDescribeBlock (C:\Dev\Github\Nexus\node_modules\.pnpm\jest-circus@29.7.0\node_modules\jest-circus\build\run.js:126:9)
    at _runTestsForDescribeBlock (C:\Dev\Github\Nexus\node_modules\.pnpm\jest-circus@29.7.0\node_modules\jest-circus\build\run.js:121:9)
    at _runTestsForDescribeBlock (C:\Dev\Github\Nexus\node_modules\.pnpm\jest-circus@29.7.0\node_modules\jest-circus\build\run.js:121:9)
    at run (C:\Dev\Github\Nexus\node_modules\.pnpm\jest-circus@29.7.0\node_modules\jest-circus\build\run.js:71:3)
    at runAndTransformResultsToJestFormat (C:\Dev\Github\Nexus\node_modules\.pnpm\jest-circus@29.7.0\node_modules\jest-circus\build\legacy-code-todo-rewrite\jestAdapterInit.js:122:21)
    at jestAdapter (C:\Dev\Github\Nexus\node_modules\.pnpm\jest-circus@29.7.0\node_modules\jest-circus\build\legacy-code-todo-rewrite\jestAdapter.js:79:19)
    at runTestInternal (C:\Dev\Github\Nexus\node_modules\.pnpm\jest-runner@29.7.0\node_modules\jest-runner\build\runTest.js:367:16)
    at runTest (C:\Dev\Github\Nexus\node_modules\.pnpm\jest-runner@29.7.0\node_modules\jest-runner\build\runTest.js:444:34)</failure>
    </testcase>
    <testcase classname="ContextualRAG Core Functionality Department Context Generation should generate marketing department context" name="ContextualRAG Core Functionality Department Context Generation should generate marketing department context" time="0">
      <failure>TypeError: ragSystem.initialize is not a function
    at Object.&lt;anonymous&gt; (C:\Dev\Github\Nexus\__tests__\ai\contextualRAG.test.ts:119:23)
    at Promise.then.completed (C:\Dev\Github\Nexus\node_modules\.pnpm\jest-circus@29.7.0\node_modules\jest-circus\build\utils.js:298:28)
    at new Promise (&lt;anonymous&gt;)
    at callAsyncCircusFn (C:\Dev\Github\Nexus\node_modules\.pnpm\jest-circus@29.7.0\node_modules\jest-circus\build\utils.js:231:10)
    at _callCircusHook (C:\Dev\Github\Nexus\node_modules\.pnpm\jest-circus@29.7.0\node_modules\jest-circus\build\run.js:281:40)
    at _runTest (C:\Dev\Github\Nexus\node_modules\.pnpm\jest-circus@29.7.0\node_modules\jest-circus\build\run.js:246:5)
    at _runTestsForDescribeBlock (C:\Dev\Github\Nexus\node_modules\.pnpm\jest-circus@29.7.0\node_modules\jest-circus\build\run.js:126:9)
    at _runTestsForDescribeBlock (C:\Dev\Github\Nexus\node_modules\.pnpm\jest-circus@29.7.0\node_modules\jest-circus\build\run.js:121:9)
    at _runTestsForDescribeBlock (C:\Dev\Github\Nexus\node_modules\.pnpm\jest-circus@29.7.0\node_modules\jest-circus\build\run.js:121:9)
    at run (C:\Dev\Github\Nexus\node_modules\.pnpm\jest-circus@29.7.0\node_modules\jest-circus\build\run.js:71:3)
    at runAndTransformResultsToJestFormat (C:\Dev\Github\Nexus\node_modules\.pnpm\jest-circus@29.7.0\node_modules\jest-circus\build\legacy-code-todo-rewrite\jestAdapterInit.js:122:21)
    at jestAdapter (C:\Dev\Github\Nexus\node_modules\.pnpm\jest-circus@29.7.0\node_modules\jest-circus\build\legacy-code-todo-rewrite\jestAdapter.js:79:19)
    at runTestInternal (C:\Dev\Github\Nexus\node_modules\.pnpm\jest-runner@29.7.0\node_modules\jest-runner\build\runTest.js:367:16)
    at runTest (C:\Dev\Github\Nexus\node_modules\.pnpm\jest-runner@29.7.0\node_modules\jest-runner\build\runTest.js:444:34)</failure>
    </testcase>
    <testcase classname="ContextualRAG Core Functionality Department Context Generation should generate finance department context" name="ContextualRAG Core Functionality Department Context Generation should generate finance department context" time="0.001">
      <failure>TypeError: ragSystem.initialize is not a function
    at Object.&lt;anonymous&gt; (C:\Dev\Github\Nexus\__tests__\ai\contextualRAG.test.ts:119:23)
    at Promise.then.completed (C:\Dev\Github\Nexus\node_modules\.pnpm\jest-circus@29.7.0\node_modules\jest-circus\build\utils.js:298:28)
    at new Promise (&lt;anonymous&gt;)
    at callAsyncCircusFn (C:\Dev\Github\Nexus\node_modules\.pnpm\jest-circus@29.7.0\node_modules\jest-circus\build\utils.js:231:10)
    at _callCircusHook (C:\Dev\Github\Nexus\node_modules\.pnpm\jest-circus@29.7.0\node_modules\jest-circus\build\run.js:281:40)
    at _runTest (C:\Dev\Github\Nexus\node_modules\.pnpm\jest-circus@29.7.0\node_modules\jest-circus\build\run.js:246:5)
    at _runTestsForDescribeBlock (C:\Dev\Github\Nexus\node_modules\.pnpm\jest-circus@29.7.0\node_modules\jest-circus\build\run.js:126:9)
    at _runTestsForDescribeBlock (C:\Dev\Github\Nexus\node_modules\.pnpm\jest-circus@29.7.0\node_modules\jest-circus\build\run.js:121:9)
    at _runTestsForDescribeBlock (C:\Dev\Github\Nexus\node_modules\.pnpm\jest-circus@29.7.0\node_modules\jest-circus\build\run.js:121:9)
    at run (C:\Dev\Github\Nexus\node_modules\.pnpm\jest-circus@29.7.0\node_modules\jest-circus\build\run.js:71:3)
    at runAndTransformResultsToJestFormat (C:\Dev\Github\Nexus\node_modules\.pnpm\jest-circus@29.7.0\node_modules\jest-circus\build\legacy-code-todo-rewrite\jestAdapterInit.js:122:21)
    at jestAdapter (C:\Dev\Github\Nexus\node_modules\.pnpm\jest-circus@29.7.0\node_modules\jest-circus\build\legacy-code-todo-rewrite\jestAdapter.js:79:19)
    at runTestInternal (C:\Dev\Github\Nexus\node_modules\.pnpm\jest-runner@29.7.0\node_modules\jest-runner\build\runTest.js:367:16)
    at runTest (C:\Dev\Github\Nexus\node_modules\.pnpm\jest-runner@29.7.0\node_modules\jest-runner\build\runTest.js:444:34)</failure>
    </testcase>
    <testcase classname="ContextualRAG Core Functionality Department Context Generation should generate operations department context" name="ContextualRAG Core Functionality Department Context Generation should generate operations department context" time="0.001">
      <failure>TypeError: ragSystem.initialize is not a function
    at Object.&lt;anonymous&gt; (C:\Dev\Github\Nexus\__tests__\ai\contextualRAG.test.ts:119:23)
    at Promise.then.completed (C:\Dev\Github\Nexus\node_modules\.pnpm\jest-circus@29.7.0\node_modules\jest-circus\build\utils.js:298:28)
    at new Promise (&lt;anonymous&gt;)
    at callAsyncCircusFn (C:\Dev\Github\Nexus\node_modules\.pnpm\jest-circus@29.7.0\node_modules\jest-circus\build\utils.js:231:10)
    at _callCircusHook (C:\Dev\Github\Nexus\node_modules\.pnpm\jest-circus@29.7.0\node_modules\jest-circus\build\run.js:281:40)
    at _runTest (C:\Dev\Github\Nexus\node_modules\.pnpm\jest-circus@29.7.0\node_modules\jest-circus\build\run.js:246:5)
    at _runTestsForDescribeBlock (C:\Dev\Github\Nexus\node_modules\.pnpm\jest-circus@29.7.0\node_modules\jest-circus\build\run.js:126:9)
    at _runTestsForDescribeBlock (C:\Dev\Github\Nexus\node_modules\.pnpm\jest-circus@29.7.0\node_modules\jest-circus\build\run.js:121:9)
    at _runTestsForDescribeBlock (C:\Dev\Github\Nexus\node_modules\.pnpm\jest-circus@29.7.0\node_modules\jest-circus\build\run.js:121:9)
    at run (C:\Dev\Github\Nexus\node_modules\.pnpm\jest-circus@29.7.0\node_modules\jest-circus\build\run.js:71:3)
    at runAndTransformResultsToJestFormat (C:\Dev\Github\Nexus\node_modules\.pnpm\jest-circus@29.7.0\node_modules\jest-circus\build\legacy-code-todo-rewrite\jestAdapterInit.js:122:21)
    at jestAdapter (C:\Dev\Github\Nexus\node_modules\.pnpm\jest-circus@29.7.0\node_modules\jest-circus\build\legacy-code-todo-rewrite\jestAdapter.js:79:19)
    at runTestInternal (C:\Dev\Github\Nexus\node_modules\.pnpm\jest-runner@29.7.0\node_modules\jest-runner\build\runTest.js:367:16)
    at runTest (C:\Dev\Github\Nexus\node_modules\.pnpm\jest-runner@29.7.0\node_modules\jest-runner\build\runTest.js:444:34)</failure>
    </testcase>
    <testcase classname="ContextualRAG Core Functionality Department Context Generation should include user profile in department context" name="ContextualRAG Core Functionality Department Context Generation should include user profile in department context" time="0.001">
      <failure>TypeError: ragSystem.initialize is not a function
    at Object.&lt;anonymous&gt; (C:\Dev\Github\Nexus\__tests__\ai\contextualRAG.test.ts:119:23)
    at Promise.then.completed (C:\Dev\Github\Nexus\node_modules\.pnpm\jest-circus@29.7.0\node_modules\jest-circus\build\utils.js:298:28)
    at new Promise (&lt;anonymous&gt;)
    at callAsyncCircusFn (C:\Dev\Github\Nexus\node_modules\.pnpm\jest-circus@29.7.0\node_modules\jest-circus\build\utils.js:231:10)
    at _callCircusHook (C:\Dev\Github\Nexus\node_modules\.pnpm\jest-circus@29.7.0\node_modules\jest-circus\build\run.js:281:40)
    at _runTest (C:\Dev\Github\Nexus\node_modules\.pnpm\jest-circus@29.7.0\node_modules\jest-circus\build\run.js:246:5)
    at _runTestsForDescribeBlock (C:\Dev\Github\Nexus\node_modules\.pnpm\jest-circus@29.7.0\node_modules\jest-circus\build\run.js:126:9)
    at _runTestsForDescribeBlock (C:\Dev\Github\Nexus\node_modules\.pnpm\jest-circus@29.7.0\node_modules\jest-circus\build\run.js:121:9)
    at _runTestsForDescribeBlock (C:\Dev\Github\Nexus\node_modules\.pnpm\jest-circus@29.7.0\node_modules\jest-circus\build\run.js:121:9)
    at run (C:\Dev\Github\Nexus\node_modules\.pnpm\jest-circus@29.7.0\node_modules\jest-circus\build\run.js:71:3)
    at runAndTransformResultsToJestFormat (C:\Dev\Github\Nexus\node_modules\.pnpm\jest-circus@29.7.0\node_modules\jest-circus\build\legacy-code-todo-rewrite\jestAdapterInit.js:122:21)
    at jestAdapter (C:\Dev\Github\Nexus\node_modules\.pnpm\jest-circus@29.7.0\node_modules\jest-circus\build\legacy-code-todo-rewrite\jestAdapter.js:79:19)
    at runTestInternal (C:\Dev\Github\Nexus\node_modules\.pnpm\jest-runner@29.7.0\node_modules\jest-runner\build\runTest.js:367:16)
    at runTest (C:\Dev\Github\Nexus\node_modules\.pnpm\jest-runner@29.7.0\node_modules\jest-runner\build\runTest.js:444:34)</failure>
    </testcase>
    <testcase classname="ContextualRAG Core Functionality Department Context Generation should handle invalid department gracefully" name="ContextualRAG Core Functionality Department Context Generation should handle invalid department gracefully" time="0.001">
      <failure>TypeError: ragSystem.initialize is not a function
    at Object.&lt;anonymous&gt; (C:\Dev\Github\Nexus\__tests__\ai\contextualRAG.test.ts:119:23)
    at Promise.then.completed (C:\Dev\Github\Nexus\node_modules\.pnpm\jest-circus@29.7.0\node_modules\jest-circus\build\utils.js:298:28)
    at new Promise (&lt;anonymous&gt;)
    at callAsyncCircusFn (C:\Dev\Github\Nexus\node_modules\.pnpm\jest-circus@29.7.0\node_modules\jest-circus\build\utils.js:231:10)
    at _callCircusHook (C:\Dev\Github\Nexus\node_modules\.pnpm\jest-circus@29.7.0\node_modules\jest-circus\build\run.js:281:40)
    at _runTest (C:\Dev\Github\Nexus\node_modules\.pnpm\jest-circus@29.7.0\node_modules\jest-circus\build\run.js:246:5)
    at _runTestsForDescribeBlock (C:\Dev\Github\Nexus\node_modules\.pnpm\jest-circus@29.7.0\node_modules\jest-circus\build\run.js:126:9)
    at _runTestsForDescribeBlock (C:\Dev\Github\Nexus\node_modules\.pnpm\jest-circus@29.7.0\node_modules\jest-circus\build\run.js:121:9)
    at _runTestsForDescribeBlock (C:\Dev\Github\Nexus\node_modules\.pnpm\jest-circus@29.7.0\node_modules\jest-circus\build\run.js:121:9)
    at run (C:\Dev\Github\Nexus\node_modules\.pnpm\jest-circus@29.7.0\node_modules\jest-circus\build\run.js:71:3)
    at runAndTransformResultsToJestFormat (C:\Dev\Github\Nexus\node_modules\.pnpm\jest-circus@29.7.0\node_modules\jest-circus\build\legacy-code-todo-rewrite\jestAdapterInit.js:122:21)
    at jestAdapter (C:\Dev\Github\Nexus\node_modules\.pnpm\jest-circus@29.7.0\node_modules\jest-circus\build\legacy-code-todo-rewrite\jestAdapter.js:79:19)
    at runTestInternal (C:\Dev\Github\Nexus\node_modules\.pnpm\jest-runner@29.7.0\node_modules\jest-runner\build\runTest.js:367:16)
    at runTest (C:\Dev\Github\Nexus\node_modules\.pnpm\jest-runner@29.7.0\node_modules\jest-runner\build\runTest.js:444:34)</failure>
    </testcase>
    <testcase classname="ContextualRAG Core Functionality Department Context Generation should throw error when not initialized" name="ContextualRAG Core Functionality Department Context Generation should throw error when not initialized" time="0.008">
      <failure>TypeError: ragSystem.initialize is not a function
    at Object.&lt;anonymous&gt; (C:\Dev\Github\Nexus\__tests__\ai\contextualRAG.test.ts:119:23)
    at Promise.then.completed (C:\Dev\Github\Nexus\node_modules\.pnpm\jest-circus@29.7.0\node_modules\jest-circus\build\utils.js:298:28)
    at new Promise (&lt;anonymous&gt;)
    at callAsyncCircusFn (C:\Dev\Github\Nexus\node_modules\.pnpm\jest-circus@29.7.0\node_modules\jest-circus\build\utils.js:231:10)
    at _callCircusHook (C:\Dev\Github\Nexus\node_modules\.pnpm\jest-circus@29.7.0\node_modules\jest-circus\build\run.js:281:40)
    at _runTest (C:\Dev\Github\Nexus\node_modules\.pnpm\jest-circus@29.7.0\node_modules\jest-circus\build\run.js:246:5)
    at _runTestsForDescribeBlock (C:\Dev\Github\Nexus\node_modules\.pnpm\jest-circus@29.7.0\node_modules\jest-circus\build\run.js:126:9)
    at _runTestsForDescribeBlock (C:\Dev\Github\Nexus\node_modules\.pnpm\jest-circus@29.7.0\node_modules\jest-circus\build\run.js:121:9)
    at _runTestsForDescribeBlock (C:\Dev\Github\Nexus\node_modules\.pnpm\jest-circus@29.7.0\node_modules\jest-circus\build\run.js:121:9)
    at run (C:\Dev\Github\Nexus\node_modules\.pnpm\jest-circus@29.7.0\node_modules\jest-circus\build\run.js:71:3)
    at runAndTransformResultsToJestFormat (C:\Dev\Github\Nexus\node_modules\.pnpm\jest-circus@29.7.0\node_modules\jest-circus\build\legacy-code-todo-rewrite\jestAdapterInit.js:122:21)
    at jestAdapter (C:\Dev\Github\Nexus\node_modules\.pnpm\jest-circus@29.7.0\node_modules\jest-circus\build\legacy-code-todo-rewrite\jestAdapter.js:79:19)
    at runTestInternal (C:\Dev\Github\Nexus\node_modules\.pnpm\jest-runner@29.7.0\node_modules\jest-runner\build\runTest.js:367:16)
    at runTest (C:\Dev\Github\Nexus\node_modules\.pnpm\jest-runner@29.7.0\node_modules\jest-runner\build\runTest.js:444:34)</failure>
    </testcase>
    <testcase classname="ContextualRAG Core Functionality Data Processing should process user context data correctly" name="ContextualRAG Core Functionality Data Processing should process user context data correctly" time="0.002">
      <failure>TypeError: ragSystem.initialize is not a function
    at Object.&lt;anonymous&gt; (C:\Dev\Github\Nexus\__tests__\ai\contextualRAG.test.ts:182:23)
    at Promise.then.completed (C:\Dev\Github\Nexus\node_modules\.pnpm\jest-circus@29.7.0\node_modules\jest-circus\build\utils.js:298:28)
    at new Promise (&lt;anonymous&gt;)
    at callAsyncCircusFn (C:\Dev\Github\Nexus\node_modules\.pnpm\jest-circus@29.7.0\node_modules\jest-circus\build\utils.js:231:10)
    at _callCircusHook (C:\Dev\Github\Nexus\node_modules\.pnpm\jest-circus@29.7.0\node_modules\jest-circus\build\run.js:281:40)
    at _runTest (C:\Dev\Github\Nexus\node_modules\.pnpm\jest-circus@29.7.0\node_modules\jest-circus\build\run.js:246:5)
    at _runTestsForDescribeBlock (C:\Dev\Github\Nexus\node_modules\.pnpm\jest-circus@29.7.0\node_modules\jest-circus\build\run.js:126:9)
    at _runTestsForDescribeBlock (C:\Dev\Github\Nexus\node_modules\.pnpm\jest-circus@29.7.0\node_modules\jest-circus\build\run.js:121:9)
    at _runTestsForDescribeBlock (C:\Dev\Github\Nexus\node_modules\.pnpm\jest-circus@29.7.0\node_modules\jest-circus\build\run.js:121:9)
    at run (C:\Dev\Github\Nexus\node_modules\.pnpm\jest-circus@29.7.0\node_modules\jest-circus\build\run.js:71:3)
    at runAndTransformResultsToJestFormat (C:\Dev\Github\Nexus\node_modules\.pnpm\jest-circus@29.7.0\node_modules\jest-circus\build\legacy-code-todo-rewrite\jestAdapterInit.js:122:21)
    at jestAdapter (C:\Dev\Github\Nexus\node_modules\.pnpm\jest-circus@29.7.0\node_modules\jest-circus\build\legacy-code-todo-rewrite\jestAdapter.js:79:19)
    at runTestInternal (C:\Dev\Github\Nexus\node_modules\.pnpm\jest-runner@29.7.0\node_modules\jest-runner\build\runTest.js:367:16)
    at runTest (C:\Dev\Github\Nexus\node_modules\.pnpm\jest-runner@29.7.0\node_modules\jest-runner\build\runTest.js:444:34)</failure>
    </testcase>
    <testcase classname="ContextualRAG Core Functionality Data Processing should handle missing user context gracefully" name="ContextualRAG Core Functionality Data Processing should handle missing user context gracefully" time="0">
      <failure>TypeError: ragSystem.initialize is not a function
    at Object.&lt;anonymous&gt; (C:\Dev\Github\Nexus\__tests__\ai\contextualRAG.test.ts:182:23)
    at Promise.then.completed (C:\Dev\Github\Nexus\node_modules\.pnpm\jest-circus@29.7.0\node_modules\jest-circus\build\utils.js:298:28)
    at new Promise (&lt;anonymous&gt;)
    at callAsyncCircusFn (C:\Dev\Github\Nexus\node_modules\.pnpm\jest-circus@29.7.0\node_modules\jest-circus\build\utils.js:231:10)
    at _callCircusHook (C:\Dev\Github\Nexus\node_modules\.pnpm\jest-circus@29.7.0\node_modules\jest-circus\build\run.js:281:40)
    at _runTest (C:\Dev\Github\Nexus\node_modules\.pnpm\jest-circus@29.7.0\node_modules\jest-circus\build\run.js:246:5)
    at _runTestsForDescribeBlock (C:\Dev\Github\Nexus\node_modules\.pnpm\jest-circus@29.7.0\node_modules\jest-circus\build\run.js:126:9)
    at _runTestsForDescribeBlock (C:\Dev\Github\Nexus\node_modules\.pnpm\jest-circus@29.7.0\node_modules\jest-circus\build\run.js:121:9)
    at _runTestsForDescribeBlock (C:\Dev\Github\Nexus\node_modules\.pnpm\jest-circus@29.7.0\node_modules\jest-circus\build\run.js:121:9)
    at run (C:\Dev\Github\Nexus\node_modules\.pnpm\jest-circus@29.7.0\node_modules\jest-circus\build\run.js:71:3)
    at runAndTransformResultsToJestFormat (C:\Dev\Github\Nexus\node_modules\.pnpm\jest-circus@29.7.0\node_modules\jest-circus\build\legacy-code-todo-rewrite\jestAdapterInit.js:122:21)
    at jestAdapter (C:\Dev\Github\Nexus\node_modules\.pnpm\jest-circus@29.7.0\node_modules\jest-circus\build\legacy-code-todo-rewrite\jestAdapter.js:79:19)
    at runTestInternal (C:\Dev\Github\Nexus\node_modules\.pnpm\jest-runner@29.7.0\node_modules\jest-runner\build\runTest.js:367:16)
    at runTest (C:\Dev\Github\Nexus\node_modules\.pnpm\jest-runner@29.7.0\node_modules\jest-runner\build\runTest.js:444:34)</failure>
    </testcase>
    <testcase classname="ContextualRAG Core Functionality Data Processing should process department data correctly" name="ContextualRAG Core Functionality Data Processing should process department data correctly" time="0">
      <failure>TypeError: ragSystem.initialize is not a function
    at Object.&lt;anonymous&gt; (C:\Dev\Github\Nexus\__tests__\ai\contextualRAG.test.ts:182:23)
    at Promise.then.completed (C:\Dev\Github\Nexus\node_modules\.pnpm\jest-circus@29.7.0\node_modules\jest-circus\build\utils.js:298:28)
    at new Promise (&lt;anonymous&gt;)
    at callAsyncCircusFn (C:\Dev\Github\Nexus\node_modules\.pnpm\jest-circus@29.7.0\node_modules\jest-circus\build\utils.js:231:10)
    at _callCircusHook (C:\Dev\Github\Nexus\node_modules\.pnpm\jest-circus@29.7.0\node_modules\jest-circus\build\run.js:281:40)
    at _runTest (C:\Dev\Github\Nexus\node_modules\.pnpm\jest-circus@29.7.0\node_modules\jest-circus\build\run.js:246:5)
    at _runTestsForDescribeBlock (C:\Dev\Github\Nexus\node_modules\.pnpm\jest-circus@29.7.0\node_modules\jest-circus\build\run.js:126:9)
    at _runTestsForDescribeBlock (C:\Dev\Github\Nexus\node_modules\.pnpm\jest-circus@29.7.0\node_modules\jest-circus\build\run.js:121:9)
    at _runTestsForDescribeBlock (C:\Dev\Github\Nexus\node_modules\.pnpm\jest-circus@29.7.0\node_modules\jest-circus\build\run.js:121:9)
    at run (C:\Dev\Github\Nexus\node_modules\.pnpm\jest-circus@29.7.0\node_modules\jest-circus\build\run.js:71:3)
    at runAndTransformResultsToJestFormat (C:\Dev\Github\Nexus\node_modules\.pnpm\jest-circus@29.7.0\node_modules\jest-circus\build\legacy-code-todo-rewrite\jestAdapterInit.js:122:21)
    at jestAdapter (C:\Dev\Github\Nexus\node_modules\.pnpm\jest-circus@29.7.0\node_modules\jest-circus\build\legacy-code-todo-rewrite\jestAdapter.js:79:19)
    at runTestInternal (C:\Dev\Github\Nexus\node_modules\.pnpm\jest-runner@29.7.0\node_modules\jest-runner\build\runTest.js:367:16)
    at runTest (C:\Dev\Github\Nexus\node_modules\.pnpm\jest-runner@29.7.0\node_modules\jest-runner\build\runTest.js:444:34)</failure>
    </testcase>
    <testcase classname="ContextualRAG Core Functionality Error Handling should handle database connection errors gracefully" name="ContextualRAG Core Functionality Error Handling should handle database connection errors gracefully" time="0.002">
      <failure>TypeError: newRAG.initialize is not a function
    at Object.&lt;anonymous&gt; (C:\Dev\Github\Nexus\__tests__\ai\contextualRAG.test.ts:234:27)</failure>
    </testcase>
    <testcase classname="ContextualRAG Core Functionality Error Handling should handle invalid query parameters" name="ContextualRAG Core Functionality Error Handling should handle invalid query parameters" time="0.001">
      <failure>TypeError: ragSystem.initialize is not a function
    at Object.&lt;anonymous&gt; (C:\Dev\Github\Nexus\__tests__\ai\contextualRAG.test.ts:238:23)
    at Promise.then.completed (C:\Dev\Github\Nexus\node_modules\.pnpm\jest-circus@29.7.0\node_modules\jest-circus\build\utils.js:298:28)
    at new Promise (&lt;anonymous&gt;)
    at callAsyncCircusFn (C:\Dev\Github\Nexus\node_modules\.pnpm\jest-circus@29.7.0\node_modules\jest-circus\build\utils.js:231:10)
    at _callCircusTest (C:\Dev\Github\Nexus\node_modules\.pnpm\jest-circus@29.7.0\node_modules\jest-circus\build\run.js:316:40)
    at _runTest (C:\Dev\Github\Nexus\node_modules\.pnpm\jest-circus@29.7.0\node_modules\jest-circus\build\run.js:252:3)
    at _runTestsForDescribeBlock (C:\Dev\Github\Nexus\node_modules\.pnpm\jest-circus@29.7.0\node_modules\jest-circus\build\run.js:126:9)
    at _runTestsForDescribeBlock (C:\Dev\Github\Nexus\node_modules\.pnpm\jest-circus@29.7.0\node_modules\jest-circus\build\run.js:121:9)
    at _runTestsForDescribeBlock (C:\Dev\Github\Nexus\node_modules\.pnpm\jest-circus@29.7.0\node_modules\jest-circus\build\run.js:121:9)
    at run (C:\Dev\Github\Nexus\node_modules\.pnpm\jest-circus@29.7.0\node_modules\jest-circus\build\run.js:71:3)
    at runAndTransformResultsToJestFormat (C:\Dev\Github\Nexus\node_modules\.pnpm\jest-circus@29.7.0\node_modules\jest-circus\build\legacy-code-todo-rewrite\jestAdapterInit.js:122:21)
    at jestAdapter (C:\Dev\Github\Nexus\node_modules\.pnpm\jest-circus@29.7.0\node_modules\jest-circus\build\legacy-code-todo-rewrite\jestAdapter.js:79:19)
    at runTestInternal (C:\Dev\Github\Nexus\node_modules\.pnpm\jest-runner@29.7.0\node_modules\jest-runner\build\runTest.js:367:16)
    at runTest (C:\Dev\Github\Nexus\node_modules\.pnpm\jest-runner@29.7.0\node_modules\jest-runner\build\runTest.js:444:34)</failure>
    </testcase>
    <testcase classname="ContextualRAG Core Functionality Error Handling should handle memory/resource constraints" name="ContextualRAG Core Functionality Error Handling should handle memory/resource constraints" time="0.001">
      <failure>TypeError: ragSystem.initialize is not a function
    at Object.&lt;anonymous&gt; (C:\Dev\Github\Nexus\__tests__\ai\contextualRAG.test.ts:246:23)
    at Promise.then.completed (C:\Dev\Github\Nexus\node_modules\.pnpm\jest-circus@29.7.0\node_modules\jest-circus\build\utils.js:298:28)
    at new Promise (&lt;anonymous&gt;)
    at callAsyncCircusFn (C:\Dev\Github\Nexus\node_modules\.pnpm\jest-circus@29.7.0\node_modules\jest-circus\build\utils.js:231:10)
    at _callCircusTest (C:\Dev\Github\Nexus\node_modules\.pnpm\jest-circus@29.7.0\node_modules\jest-circus\build\run.js:316:40)
    at _runTest (C:\Dev\Github\Nexus\node_modules\.pnpm\jest-circus@29.7.0\node_modules\jest-circus\build\run.js:252:3)
    at _runTestsForDescribeBlock (C:\Dev\Github\Nexus\node_modules\.pnpm\jest-circus@29.7.0\node_modules\jest-circus\build\run.js:126:9)
    at _runTestsForDescribeBlock (C:\Dev\Github\Nexus\node_modules\.pnpm\jest-circus@29.7.0\node_modules\jest-circus\build\run.js:121:9)
    at _runTestsForDescribeBlock (C:\Dev\Github\Nexus\node_modules\.pnpm\jest-circus@29.7.0\node_modules\jest-circus\build\run.js:121:9)
    at run (C:\Dev\Github\Nexus\node_modules\.pnpm\jest-circus@29.7.0\node_modules\jest-circus\build\run.js:71:3)
    at runAndTransformResultsToJestFormat (C:\Dev\Github\Nexus\node_modules\.pnpm\jest-circus@29.7.0\node_modules\jest-circus\build\legacy-code-todo-rewrite\jestAdapterInit.js:122:21)
    at jestAdapter (C:\Dev\Github\Nexus\node_modules\.pnpm\jest-circus@29.7.0\node_modules\jest-circus\build\legacy-code-todo-rewrite\jestAdapter.js:79:19)
    at runTestInternal (C:\Dev\Github\Nexus\node_modules\.pnpm\jest-runner@29.7.0\node_modules\jest-runner\build\runTest.js:367:16)
    at runTest (C:\Dev\Github\Nexus\node_modules\.pnpm\jest-runner@29.7.0\node_modules\jest-runner\build\runTest.js:444:34)</failure>
    </testcase>
    <testcase classname="ContextualRAG Core Functionality Performance Tests should handle concurrent context generation" name="ContextualRAG Core Functionality Performance Tests should handle concurrent context generation" time="0.002">
      <failure>TypeError: ragSystem.initialize is not a function
    at Object.&lt;anonymous&gt; (C:\Dev\Github\Nexus\__tests__\ai\contextualRAG.test.ts:257:23)
    at Promise.then.completed (C:\Dev\Github\Nexus\node_modules\.pnpm\jest-circus@29.7.0\node_modules\jest-circus\build\utils.js:298:28)
    at new Promise (&lt;anonymous&gt;)
    at callAsyncCircusFn (C:\Dev\Github\Nexus\node_modules\.pnpm\jest-circus@29.7.0\node_modules\jest-circus\build\utils.js:231:10)
    at _callCircusHook (C:\Dev\Github\Nexus\node_modules\.pnpm\jest-circus@29.7.0\node_modules\jest-circus\build\run.js:281:40)
    at _runTest (C:\Dev\Github\Nexus\node_modules\.pnpm\jest-circus@29.7.0\node_modules\jest-circus\build\run.js:246:5)
    at _runTestsForDescribeBlock (C:\Dev\Github\Nexus\node_modules\.pnpm\jest-circus@29.7.0\node_modules\jest-circus\build\run.js:126:9)
    at _runTestsForDescribeBlock (C:\Dev\Github\Nexus\node_modules\.pnpm\jest-circus@29.7.0\node_modules\jest-circus\build\run.js:121:9)
    at _runTestsForDescribeBlock (C:\Dev\Github\Nexus\node_modules\.pnpm\jest-circus@29.7.0\node_modules\jest-circus\build\run.js:121:9)
    at run (C:\Dev\Github\Nexus\node_modules\.pnpm\jest-circus@29.7.0\node_modules\jest-circus\build\run.js:71:3)
    at runAndTransformResultsToJestFormat (C:\Dev\Github\Nexus\node_modules\.pnpm\jest-circus@29.7.0\node_modules\jest-circus\build\legacy-code-todo-rewrite\jestAdapterInit.js:122:21)
    at jestAdapter (C:\Dev\Github\Nexus\node_modules\.pnpm\jest-circus@29.7.0\node_modules\jest-circus\build\legacy-code-todo-rewrite\jestAdapter.js:79:19)
    at runTestInternal (C:\Dev\Github\Nexus\node_modules\.pnpm\jest-runner@29.7.0\node_modules\jest-runner\build\runTest.js:367:16)
    at runTest (C:\Dev\Github\Nexus\node_modules\.pnpm\jest-runner@29.7.0\node_modules\jest-runner\build\runTest.js:444:34)</failure>
    </testcase>
    <testcase classname="ContextualRAG Core Functionality Performance Tests should maintain performance under load" name="ContextualRAG Core Functionality Performance Tests should maintain performance under load" time="0.001">
      <failure>TypeError: ragSystem.initialize is not a function
    at Object.&lt;anonymous&gt; (C:\Dev\Github\Nexus\__tests__\ai\contextualRAG.test.ts:257:23)
    at Promise.then.completed (C:\Dev\Github\Nexus\node_modules\.pnpm\jest-circus@29.7.0\node_modules\jest-circus\build\utils.js:298:28)
    at new Promise (&lt;anonymous&gt;)
    at callAsyncCircusFn (C:\Dev\Github\Nexus\node_modules\.pnpm\jest-circus@29.7.0\node_modules\jest-circus\build\utils.js:231:10)
    at _callCircusHook (C:\Dev\Github\Nexus\node_modules\.pnpm\jest-circus@29.7.0\node_modules\jest-circus\build\run.js:281:40)
    at _runTest (C:\Dev\Github\Nexus\node_modules\.pnpm\jest-circus@29.7.0\node_modules\jest-circus\build\run.js:246:5)
    at _runTestsForDescribeBlock (C:\Dev\Github\Nexus\node_modules\.pnpm\jest-circus@29.7.0\node_modules\jest-circus\build\run.js:126:9)
    at _runTestsForDescribeBlock (C:\Dev\Github\Nexus\node_modules\.pnpm\jest-circus@29.7.0\node_modules\jest-circus\build\run.js:121:9)
    at _runTestsForDescribeBlock (C:\Dev\Github\Nexus\node_modules\.pnpm\jest-circus@29.7.0\node_modules\jest-circus\build\run.js:121:9)
    at run (C:\Dev\Github\Nexus\node_modules\.pnpm\jest-circus@29.7.0\node_modules\jest-circus\build\run.js:71:3)
    at runAndTransformResultsToJestFormat (C:\Dev\Github\Nexus\node_modules\.pnpm\jest-circus@29.7.0\node_modules\jest-circus\build\legacy-code-todo-rewrite\jestAdapterInit.js:122:21)
    at jestAdapter (C:\Dev\Github\Nexus\node_modules\.pnpm\jest-circus@29.7.0\node_modules\jest-circus\build\legacy-code-todo-rewrite\jestAdapter.js:79:19)
    at runTestInternal (C:\Dev\Github\Nexus\node_modules\.pnpm\jest-runner@29.7.0\node_modules\jest-runner\build\runTest.js:367:16)
    at runTest (C:\Dev\Github\Nexus\node_modules\.pnpm\jest-runner@29.7.0\node_modules\jest-runner\build\runTest.js:444:34)</failure>
    </testcase>
  </testsuite>
  <testsuite name="BusinessProfileService Integration" errors="0" failures="1" skipped="0" timestamp="2025-08-03T01:02:39" time="0.636" tests="8">
    <testcase classname="BusinessProfileService Integration Profile Template should return a valid profile template with correct structure" name="BusinessProfileService Integration Profile Template should return a valid profile template with correct structure" time="0.012">
    </testcase>
    <testcase classname="BusinessProfileService Integration Profile Template should allow template to be extended with real data" name="BusinessProfileService Integration Profile Template should allow template to be extended with real data" time="0.015">
    </testcase>
    <testcase classname="BusinessProfileService Integration Service Interface should have all required service methods" name="BusinessProfileService Integration Service Interface should have all required service methods" time="0.002">
    </testcase>
    <testcase classname="BusinessProfileService Integration Service Interface should have proper method signatures" name="BusinessProfileService Integration Service Interface should have proper method signatures" time="0.049">
    </testcase>
    <testcase classname="BusinessProfileService Integration Service Interface should handle database errors gracefully" name="BusinessProfileService Integration Service Interface should handle database errors gracefully" time="0.003">
      <failure>Error: expect(received).toBe(expected) // Object.is equality

Expected: false
Received: true
    at Object.&lt;anonymous&gt; (C:\Dev\Github\Nexus\__tests__\lib\services\businessProfileService.integration.test.ts:157:28)</failure>
    </testcase>
    <testcase classname="BusinessProfileService Integration Data Validation should validate company_size enum values" name="BusinessProfileService Integration Data Validation should validate company_size enum values" time="0.002">
    </testcase>
    <testcase classname="BusinessProfileService Integration Data Validation should ensure array fields are always arrays" name="BusinessProfileService Integration Data Validation should ensure array fields are always arrays" time="0.001">
    </testcase>
    <testcase classname="BusinessProfileService Integration Data Validation should ensure string fields are always strings" name="BusinessProfileService Integration Data Validation should ensure string fields are always strings" time="0.001">
    </testcase>
  </testsuite>
  <testsuite name="RBAC Permission System" errors="0" failures="1" skipped="0" timestamp="2025-08-03T01:02:40" time="1.862" tests="19">
    <testcase classname="RBAC Permission System hasPermission should return true for owner with any permission" name="RBAC Permission System hasPermission should return true for owner with any permission" time="0.005">
    </testcase>
    <testcase classname="RBAC Permission System hasPermission should return false for guest with restricted permissions" name="RBAC Permission System hasPermission should return false for guest with restricted permissions" time="0.001">
    </testcase>
    <testcase classname="RBAC Permission System hasPermission should return true for admin with most permissions but not company/billing delete" name="RBAC Permission System hasPermission should return true for admin with most permissions but not company/billing delete" time="0.001">
    </testcase>
    <testcase classname="RBAC Permission System hasPermission should return true for user with basic permissions" name="RBAC Permission System hasPermission should return true for user with basic permissions" time="0.001">
    </testcase>
    <testcase classname="RBAC Permission System getRolePermissions should return all permissions for owner" name="RBAC Permission System getRolePermissions should return all permissions for owner" time="0.002">
    </testcase>
    <testcase classname="RBAC Permission System getRolePermissions should return limited permissions for guest" name="RBAC Permission System getRolePermissions should return limited permissions for guest" time="0.006">
    </testcase>
    <testcase classname="RBAC Permission System getRolePermissions should return appropriate permissions for each role" name="RBAC Permission System getRolePermissions should return appropriate permissions for each role" time="0.002">
    </testcase>
    <testcase classname="RBAC Permission System hasAnyPermission should return true if user has any of the specified permissions" name="RBAC Permission System hasAnyPermission should return true if user has any of the specified permissions" time="0.001">
    </testcase>
    <testcase classname="RBAC Permission System hasAnyPermission should return false if user has none of the specified permissions" name="RBAC Permission System hasAnyPermission should return false if user has none of the specified permissions" time="0.001">
    </testcase>
    <testcase classname="RBAC Permission System hasAllPermissions should return true if user has all specified permissions" name="RBAC Permission System hasAllPermissions should return true if user has all specified permissions" time="0.001">
    </testcase>
    <testcase classname="RBAC Permission System hasAllPermissions should return false if user lacks any of the specified permissions" name="RBAC Permission System hasAllPermissions should return false if user lacks any of the specified permissions" time="0.002">
    </testcase>
    <testcase classname="RBAC Permission System getHighestRoleWithPermission should return the highest role with the permission" name="RBAC Permission System getHighestRoleWithPermission should return the highest role with the permission" time="0.013">
      <failure>Error: expect(received).toBe(expected) // Object.is equality

Expected: &quot;user&quot;
Received: &quot;owner&quot;
    at Object.&lt;anonymous&gt; (C:\Dev\Github\Nexus\__tests__\utils\permissions.test.ts:95:54)
    at Promise.then.completed (C:\Dev\Github\Nexus\node_modules\.pnpm\jest-circus@29.7.0\node_modules\jest-circus\build\utils.js:298:28)
    at new Promise (&lt;anonymous&gt;)
    at callAsyncCircusFn (C:\Dev\Github\Nexus\node_modules\.pnpm\jest-circus@29.7.0\node_modules\jest-circus\build\utils.js:231:10)
    at _callCircusTest (C:\Dev\Github\Nexus\node_modules\.pnpm\jest-circus@29.7.0\node_modules\jest-circus\build\run.js:316:40)
    at _runTest (C:\Dev\Github\Nexus\node_modules\.pnpm\jest-circus@29.7.0\node_modules\jest-circus\build\run.js:252:3)
    at _runTestsForDescribeBlock (C:\Dev\Github\Nexus\node_modules\.pnpm\jest-circus@29.7.0\node_modules\jest-circus\build\run.js:126:9)
    at _runTestsForDescribeBlock (C:\Dev\Github\Nexus\node_modules\.pnpm\jest-circus@29.7.0\node_modules\jest-circus\build\run.js:121:9)
    at _runTestsForDescribeBlock (C:\Dev\Github\Nexus\node_modules\.pnpm\jest-circus@29.7.0\node_modules\jest-circus\build\run.js:121:9)
    at run (C:\Dev\Github\Nexus\node_modules\.pnpm\jest-circus@29.7.0\node_modules\jest-circus\build\run.js:71:3)
    at runAndTransformResultsToJestFormat (C:\Dev\Github\Nexus\node_modules\.pnpm\jest-circus@29.7.0\node_modules\jest-circus\build\legacy-code-todo-rewrite\jestAdapterInit.js:122:21)
    at jestAdapter (C:\Dev\Github\Nexus\node_modules\.pnpm\jest-circus@29.7.0\node_modules\jest-circus\build\legacy-code-todo-rewrite\jestAdapter.js:79:19)
    at runTestInternal (C:\Dev\Github\Nexus\node_modules\.pnpm\jest-runner@29.7.0\node_modules\jest-runner\build\runTest.js:367:16)
    at runTest (C:\Dev\Github\Nexus\node_modules\.pnpm\jest-runner@29.7.0\node_modules\jest-runner\build\runTest.js:444:34)</failure>
    </testcase>
    <testcase classname="RBAC Permission System getHighestRoleWithPermission should return null for non-existent permissions" name="RBAC Permission System getHighestRoleWithPermission should return null for non-existent permissions" time="0.001">
    </testcase>
    <testcase classname="RBAC Permission System canAccessFeature should return true for features user has access to" name="RBAC Permission System canAccessFeature should return true for features user has access to" time="0.004">
    </testcase>
    <testcase classname="RBAC Permission System canAccessFeature should return false for features user lacks access to" name="RBAC Permission System canAccessFeature should return false for features user lacks access to" time="0.001">
    </testcase>
    <testcase classname="RBAC Permission System canAccessFeature should return false for non-existent features" name="RBAC Permission System canAccessFeature should return false for non-existent features" time="0.001">
    </testcase>
    <testcase classname="RBAC Permission System Permission hierarchy should maintain proper permission hierarchy" name="RBAC Permission System Permission hierarchy should maintain proper permission hierarchy" time="0.003">
    </testcase>
    <testcase classname="RBAC Permission System Edge cases should handle empty permission arrays" name="RBAC Permission System Edge cases should handle empty permission arrays" time="0.022">
    </testcase>
    <testcase classname="RBAC Permission System Edge cases should handle single permission checks" name="RBAC Permission System Edge cases should handle single permission checks" time="0.001">
    </testcase>
  </testsuite>
  <testsuite name="utils.ts" errors="0" failures="2" skipped="0" timestamp="2025-08-03T01:02:42" time="0.672" tests="3">
    <testcase classname="utils.ts cn() merges conditional classes and removes duplicates" name="utils.ts cn() merges conditional classes and removes duplicates" time="0.011">
    </testcase>
    <testcase classname="utils.ts isValidUUID() returns true for valid v4 uuid" name="utils.ts isValidUUID() returns true for valid v4 uuid" time="0.001">
      <failure>TypeError: (0 , utils_1.isValidUUID) is not a function
    at Object.&lt;anonymous&gt; (C:\Dev\Github\Nexus\__tests__\unit\utils.test.ts:18:25)
    at Promise.then.completed (C:\Dev\Github\Nexus\node_modules\.pnpm\jest-circus@29.7.0\node_modules\jest-circus\build\utils.js:298:28)
    at new Promise (&lt;anonymous&gt;)
    at callAsyncCircusFn (C:\Dev\Github\Nexus\node_modules\.pnpm\jest-circus@29.7.0\node_modules\jest-circus\build\utils.js:231:10)
    at _callCircusTest (C:\Dev\Github\Nexus\node_modules\.pnpm\jest-circus@29.7.0\node_modules\jest-circus\build\run.js:316:40)
    at _runTest (C:\Dev\Github\Nexus\node_modules\.pnpm\jest-circus@29.7.0\node_modules\jest-circus\build\run.js:252:3)
    at _runTestsForDescribeBlock (C:\Dev\Github\Nexus\node_modules\.pnpm\jest-circus@29.7.0\node_modules\jest-circus\build\run.js:126:9)
    at _runTestsForDescribeBlock (C:\Dev\Github\Nexus\node_modules\.pnpm\jest-circus@29.7.0\node_modules\jest-circus\build\run.js:121:9)
    at _runTestsForDescribeBlock (C:\Dev\Github\Nexus\node_modules\.pnpm\jest-circus@29.7.0\node_modules\jest-circus\build\run.js:121:9)
    at run (C:\Dev\Github\Nexus\node_modules\.pnpm\jest-circus@29.7.0\node_modules\jest-circus\build\run.js:71:3)
    at runAndTransformResultsToJestFormat (C:\Dev\Github\Nexus\node_modules\.pnpm\jest-circus@29.7.0\node_modules\jest-circus\build\legacy-code-todo-rewrite\jestAdapterInit.js:122:21)
    at jestAdapter (C:\Dev\Github\Nexus\node_modules\.pnpm\jest-circus@29.7.0\node_modules\jest-circus\build\legacy-code-todo-rewrite\jestAdapter.js:79:19)
    at runTestInternal (C:\Dev\Github\Nexus\node_modules\.pnpm\jest-runner@29.7.0\node_modules\jest-runner\build\runTest.js:367:16)
    at runTest (C:\Dev\Github\Nexus\node_modules\.pnpm\jest-runner@29.7.0\node_modules\jest-runner\build\runTest.js:444:34)</failure>
    </testcase>
    <testcase classname="utils.ts isValidUUID() returns false for invalid uuid" name="utils.ts isValidUUID() returns false for invalid uuid" time="0">
      <failure>TypeError: (0 , utils_1.isValidUUID) is not a function
    at Object.&lt;anonymous&gt; (C:\Dev\Github\Nexus\__tests__\unit\utils.test.ts:22:25)
    at Promise.then.completed (C:\Dev\Github\Nexus\node_modules\.pnpm\jest-circus@29.7.0\node_modules\jest-circus\build\utils.js:298:28)
    at new Promise (&lt;anonymous&gt;)
    at callAsyncCircusFn (C:\Dev\Github\Nexus\node_modules\.pnpm\jest-circus@29.7.0\node_modules\jest-circus\build\utils.js:231:10)
    at _callCircusTest (C:\Dev\Github\Nexus\node_modules\.pnpm\jest-circus@29.7.0\node_modules\jest-circus\build\run.js:316:40)
    at _runTest (C:\Dev\Github\Nexus\node_modules\.pnpm\jest-circus@29.7.0\node_modules\jest-circus\build\run.js:252:3)
    at _runTestsForDescribeBlock (C:\Dev\Github\Nexus\node_modules\.pnpm\jest-circus@29.7.0\node_modules\jest-circus\build\run.js:126:9)
    at _runTestsForDescribeBlock (C:\Dev\Github\Nexus\node_modules\.pnpm\jest-circus@29.7.0\node_modules\jest-circus\build\run.js:121:9)
    at _runTestsForDescribeBlock (C:\Dev\Github\Nexus\node_modules\.pnpm\jest-circus@29.7.0\node_modules\jest-circus\build\run.js:121:9)
    at run (C:\Dev\Github\Nexus\node_modules\.pnpm\jest-circus@29.7.0\node_modules\jest-circus\build\run.js:71:3)
    at runAndTransformResultsToJestFormat (C:\Dev\Github\Nexus\node_modules\.pnpm\jest-circus@29.7.0\node_modules\jest-circus\build\legacy-code-todo-rewrite\jestAdapterInit.js:122:21)
    at jestAdapter (C:\Dev\Github\Nexus\node_modules\.pnpm\jest-circus@29.7.0\node_modules\jest-circus\build\legacy-code-todo-rewrite\jestAdapter.js:79:19)
    at runTestInternal (C:\Dev\Github\Nexus\node_modules\.pnpm\jest-runner@29.7.0\node_modules\jest-runner\build\runTest.js:367:16)
    at runTest (C:\Dev\Github\Nexus\node_modules\.pnpm\jest-runner@29.7.0\node_modules\jest-runner\build\runTest.js:444:34)</failure>
    </testcase>
  </testsuite>
  <testsuite name="RAG Routing Intelligence Tests" errors="0" failures="4" skipped="0" timestamp="2025-08-03T01:02:43" time="2.739" tests="23">
    <testcase classname="RAG Routing Intelligence Tests Query Analysis and Classification should classify sales queries with high confidence" name="RAG Routing Intelligence Tests Query Analysis and Classification should classify sales queries with high confidence" time="0.008">
      <failure>Error: expect(received).toBeGreaterThan(expected)

Expected: &gt; 0.5
Received:   0.5
    at Object.&lt;anonymous&gt; (C:\Dev\Github\Nexus\__tests__\ai\ragRouting.test.ts:45:33)
    at Promise.then.completed (C:\Dev\Github\Nexus\node_modules\.pnpm\jest-circus@29.7.0\node_modules\jest-circus\build\utils.js:298:28)
    at new Promise (&lt;anonymous&gt;)
    at callAsyncCircusFn (C:\Dev\Github\Nexus\node_modules\.pnpm\jest-circus@29.7.0\node_modules\jest-circus\build\utils.js:231:10)
    at _callCircusTest (C:\Dev\Github\Nexus\node_modules\.pnpm\jest-circus@29.7.0\node_modules\jest-circus\build\run.js:316:40)
    at _runTest (C:\Dev\Github\Nexus\node_modules\.pnpm\jest-circus@29.7.0\node_modules\jest-circus\build\run.js:252:3)
    at _runTestsForDescribeBlock (C:\Dev\Github\Nexus\node_modules\.pnpm\jest-circus@29.7.0\node_modules\jest-circus\build\run.js:126:9)
    at _runTestsForDescribeBlock (C:\Dev\Github\Nexus\node_modules\.pnpm\jest-circus@29.7.0\node_modules\jest-circus\build\run.js:121:9)
    at _runTestsForDescribeBlock (C:\Dev\Github\Nexus\node_modules\.pnpm\jest-circus@29.7.0\node_modules\jest-circus\build\run.js:121:9)
    at run (C:\Dev\Github\Nexus\node_modules\.pnpm\jest-circus@29.7.0\node_modules\jest-circus\build\run.js:71:3)
    at runAndTransformResultsToJestFormat (C:\Dev\Github\Nexus\node_modules\.pnpm\jest-circus@29.7.0\node_modules\jest-circus\build\legacy-code-todo-rewrite\jestAdapterInit.js:122:21)
    at jestAdapter (C:\Dev\Github\Nexus\node_modules\.pnpm\jest-circus@29.7.0\node_modules\jest-circus\build\legacy-code-todo-rewrite\jestAdapter.js:79:19)
    at runTestInternal (C:\Dev\Github\Nexus\node_modules\.pnpm\jest-runner@29.7.0\node_modules\jest-runner\build\runTest.js:367:16)
    at runTest (C:\Dev\Github\Nexus\node_modules\.pnpm\jest-runner@29.7.0\node_modules\jest-runner\build\runTest.js:444:34)</failure>
    </testcase>
    <testcase classname="RAG Routing Intelligence Tests Query Analysis and Classification should classify marketing queries accurately" name="RAG Routing Intelligence Tests Query Analysis and Classification should classify marketing queries accurately" time="0.005">
      <failure>Error: expect(received).toBeGreaterThan(expected)

Expected: &gt; 0.5
Received:   0.5
    at Object.&lt;anonymous&gt; (C:\Dev\Github\Nexus\__tests__\ai\ragRouting.test.ts:53:33)
    at Promise.then.completed (C:\Dev\Github\Nexus\node_modules\.pnpm\jest-circus@29.7.0\node_modules\jest-circus\build\utils.js:298:28)
    at new Promise (&lt;anonymous&gt;)
    at callAsyncCircusFn (C:\Dev\Github\Nexus\node_modules\.pnpm\jest-circus@29.7.0\node_modules\jest-circus\build\utils.js:231:10)
    at _callCircusTest (C:\Dev\Github\Nexus\node_modules\.pnpm\jest-circus@29.7.0\node_modules\jest-circus\build\run.js:316:40)
    at _runTest (C:\Dev\Github\Nexus\node_modules\.pnpm\jest-circus@29.7.0\node_modules\jest-circus\build\run.js:252:3)
    at _runTestsForDescribeBlock (C:\Dev\Github\Nexus\node_modules\.pnpm\jest-circus@29.7.0\node_modules\jest-circus\build\run.js:126:9)
    at _runTestsForDescribeBlock (C:\Dev\Github\Nexus\node_modules\.pnpm\jest-circus@29.7.0\node_modules\jest-circus\build\run.js:121:9)
    at _runTestsForDescribeBlock (C:\Dev\Github\Nexus\node_modules\.pnpm\jest-circus@29.7.0\node_modules\jest-circus\build\run.js:121:9)
    at run (C:\Dev\Github\Nexus\node_modules\.pnpm\jest-circus@29.7.0\node_modules\jest-circus\build\run.js:71:3)
    at runAndTransformResultsToJestFormat (C:\Dev\Github\Nexus\node_modules\.pnpm\jest-circus@29.7.0\node_modules\jest-circus\build\legacy-code-todo-rewrite\jestAdapterInit.js:122:21)
    at jestAdapter (C:\Dev\Github\Nexus\node_modules\.pnpm\jest-circus@29.7.0\node_modules\jest-circus\build\legacy-code-todo-rewrite\jestAdapter.js:79:19)
    at runTestInternal (C:\Dev\Github\Nexus\node_modules\.pnpm\jest-runner@29.7.0\node_modules\jest-runner\build\runTest.js:367:16)
    at runTest (C:\Dev\Github\Nexus\node_modules\.pnpm\jest-runner@29.7.0\node_modules\jest-runner\build\runTest.js:444:34)</failure>
    </testcase>
    <testcase classname="RAG Routing Intelligence Tests Query Analysis and Classification should classify finance queries correctly" name="RAG Routing Intelligence Tests Query Analysis and Classification should classify finance queries correctly" time="0.02">
      <failure>Error: expect(received).toBeGreaterThan(expected)

Expected: &gt; 0.5
Received:   0.5
    at Object.&lt;anonymous&gt; (C:\Dev\Github\Nexus\__tests__\ai\ragRouting.test.ts:61:33)
    at Promise.then.completed (C:\Dev\Github\Nexus\node_modules\.pnpm\jest-circus@29.7.0\node_modules\jest-circus\build\utils.js:298:28)
    at new Promise (&lt;anonymous&gt;)
    at callAsyncCircusFn (C:\Dev\Github\Nexus\node_modules\.pnpm\jest-circus@29.7.0\node_modules\jest-circus\build\utils.js:231:10)
    at _callCircusTest (C:\Dev\Github\Nexus\node_modules\.pnpm\jest-circus@29.7.0\node_modules\jest-circus\build\run.js:316:40)
    at _runTest (C:\Dev\Github\Nexus\node_modules\.pnpm\jest-circus@29.7.0\node_modules\jest-circus\build\run.js:252:3)
    at _runTestsForDescribeBlock (C:\Dev\Github\Nexus\node_modules\.pnpm\jest-circus@29.7.0\node_modules\jest-circus\build\run.js:126:9)
    at _runTestsForDescribeBlock (C:\Dev\Github\Nexus\node_modules\.pnpm\jest-circus@29.7.0\node_modules\jest-circus\build\run.js:121:9)
    at _runTestsForDescribeBlock (C:\Dev\Github\Nexus\node_modules\.pnpm\jest-circus@29.7.0\node_modules\jest-circus\build\run.js:121:9)
    at run (C:\Dev\Github\Nexus\node_modules\.pnpm\jest-circus@29.7.0\node_modules\jest-circus\build\run.js:71:3)
    at runAndTransformResultsToJestFormat (C:\Dev\Github\Nexus\node_modules\.pnpm\jest-circus@29.7.0\node_modules\jest-circus\build\legacy-code-todo-rewrite\jestAdapterInit.js:122:21)
    at jestAdapter (C:\Dev\Github\Nexus\node_modules\.pnpm\jest-circus@29.7.0\node_modules\jest-circus\build\legacy-code-todo-rewrite\jestAdapter.js:79:19)
    at runTestInternal (C:\Dev\Github\Nexus\node_modules\.pnpm\jest-runner@29.7.0\node_modules\jest-runner\build\runTest.js:367:16)
    at runTest (C:\Dev\Github\Nexus\node_modules\.pnpm\jest-runner@29.7.0\node_modules\jest-runner\build\runTest.js:444:34)</failure>
    </testcase>
    <testcase classname="RAG Routing Intelligence Tests Query Analysis and Classification should classify operations queries properly" name="RAG Routing Intelligence Tests Query Analysis and Classification should classify operations queries properly" time="0.005">
      <failure>Error: expect(received).toBeGreaterThan(expected)

Expected: &gt; 0.5
Received:   0.5
    at Object.&lt;anonymous&gt; (C:\Dev\Github\Nexus\__tests__\ai\ragRouting.test.ts:68:33)
    at Promise.then.completed (C:\Dev\Github\Nexus\node_modules\.pnpm\jest-circus@29.7.0\node_modules\jest-circus\build\utils.js:298:28)
    at new Promise (&lt;anonymous&gt;)
    at callAsyncCircusFn (C:\Dev\Github\Nexus\node_modules\.pnpm\jest-circus@29.7.0\node_modules\jest-circus\build\utils.js:231:10)
    at _callCircusTest (C:\Dev\Github\Nexus\node_modules\.pnpm\jest-circus@29.7.0\node_modules\jest-circus\build\run.js:316:40)
    at _runTest (C:\Dev\Github\Nexus\node_modules\.pnpm\jest-circus@29.7.0\node_modules\jest-circus\build\run.js:252:3)
    at _runTestsForDescribeBlock (C:\Dev\Github\Nexus\node_modules\.pnpm\jest-circus@29.7.0\node_modules\jest-circus\build\run.js:126:9)
    at _runTestsForDescribeBlock (C:\Dev\Github\Nexus\node_modules\.pnpm\jest-circus@29.7.0\node_modules\jest-circus\build\run.js:121:9)
    at _runTestsForDescribeBlock (C:\Dev\Github\Nexus\node_modules\.pnpm\jest-circus@29.7.0\node_modules\jest-circus\build\run.js:121:9)
    at run (C:\Dev\Github\Nexus\node_modules\.pnpm\jest-circus@29.7.0\node_modules\jest-circus\build\run.js:71:3)
    at runAndTransformResultsToJestFormat (C:\Dev\Github\Nexus\node_modules\.pnpm\jest-circus@29.7.0\node_modules\jest-circus\build\legacy-code-todo-rewrite\jestAdapterInit.js:122:21)
    at jestAdapter (C:\Dev\Github\Nexus\node_modules\.pnpm\jest-circus@29.7.0\node_modules\jest-circus\build\legacy-code-todo-rewrite\jestAdapter.js:79:19)
    at runTestInternal (C:\Dev\Github\Nexus\node_modules\.pnpm\jest-runner@29.7.0\node_modules\jest-runner\build\runTest.js:367:16)
    at runTest (C:\Dev\Github\Nexus\node_modules\.pnpm\jest-runner@29.7.0\node_modules\jest-runner\build\runTest.js:444:34)</failure>
    </testcase>
    <testcase classname="RAG Routing Intelligence Tests Query Analysis and Classification should default to executive for strategic queries" name="RAG Routing Intelligence Tests Query Analysis and Classification should default to executive for strategic queries" time="0.003">
    </testcase>
    <testcase classname="RAG Routing Intelligence Tests Agent Recommendation System should recommend Sales VP Assistant for sales queries" name="RAG Routing Intelligence Tests Agent Recommendation System should recommend Sales VP Assistant for sales queries" time="0.002">
    </testcase>
    <testcase classname="RAG Routing Intelligence Tests Agent Recommendation System should recommend Marketing CMO Assistant for marketing queries" name="RAG Routing Intelligence Tests Agent Recommendation System should recommend Marketing CMO Assistant for marketing queries" time="0.002">
    </testcase>
    <testcase classname="RAG Routing Intelligence Tests Agent Recommendation System should recommend Finance CFO Assistant for finance queries" name="RAG Routing Intelligence Tests Agent Recommendation System should recommend Finance CFO Assistant for finance queries" time="0.003">
    </testcase>
    <testcase classname="RAG Routing Intelligence Tests Agent Recommendation System should recommend Operations COO Assistant for operations queries" name="RAG Routing Intelligence Tests Agent Recommendation System should recommend Operations COO Assistant for operations queries" time="0.059">
    </testcase>
    <testcase classname="RAG Routing Intelligence Tests Agent Recommendation System should recommend Executive Assistant for strategic queries" name="RAG Routing Intelligence Tests Agent Recommendation System should recommend Executive Assistant for strategic queries" time="0.027">
    </testcase>
    <testcase classname="RAG Routing Intelligence Tests Contextual Prompt Enhancement should build enhanced prompt for Sales VP Assistant" name="RAG Routing Intelligence Tests Contextual Prompt Enhancement should build enhanced prompt for Sales VP Assistant" time="0.014">
    </testcase>
    <testcase classname="RAG Routing Intelligence Tests Contextual Prompt Enhancement should build enhanced prompt for Marketing CMO Assistant" name="RAG Routing Intelligence Tests Contextual Prompt Enhancement should build enhanced prompt for Marketing CMO Assistant" time="0.001">
    </testcase>
    <testcase classname="RAG Routing Intelligence Tests Contextual Prompt Enhancement should build enhanced prompt for Executive Assistant" name="RAG Routing Intelligence Tests Contextual Prompt Enhancement should build enhanced prompt for Executive Assistant" time="0.002">
    </testcase>
    <testcase classname="RAG Routing Intelligence Tests Query Complexity Assessment should identify high complexity queries" name="RAG Routing Intelligence Tests Query Complexity Assessment should identify high complexity queries" time="0.001">
    </testcase>
    <testcase classname="RAG Routing Intelligence Tests Query Complexity Assessment should identify medium complexity queries" name="RAG Routing Intelligence Tests Query Complexity Assessment should identify medium complexity queries" time="0.001">
    </testcase>
    <testcase classname="RAG Routing Intelligence Tests Query Complexity Assessment should identify low complexity queries" name="RAG Routing Intelligence Tests Query Complexity Assessment should identify low complexity queries" time="0.001">
    </testcase>
    <testcase classname="RAG Routing Intelligence Tests Multi-Department Query Handling should identify multi-department queries" name="RAG Routing Intelligence Tests Multi-Department Query Handling should identify multi-department queries" time="0.006">
    </testcase>
    <testcase classname="RAG Routing Intelligence Tests Multi-Department Query Handling should handle sales and finance coordination queries" name="RAG Routing Intelligence Tests Multi-Department Query Handling should handle sales and finance coordination queries" time="0.001">
    </testcase>
    <testcase classname="RAG Routing Intelligence Tests Multi-Department Query Handling should handle single department queries normally" name="RAG Routing Intelligence Tests Multi-Department Query Handling should handle single department queries normally" time="0.001">
    </testcase>
    <testcase classname="RAG Routing Intelligence Tests Routing Performance and Optimization should route queries efficiently" name="RAG Routing Intelligence Tests Routing Performance and Optimization should route queries efficiently" time="0.072">
    </testcase>
    <testcase classname="RAG Routing Intelligence Tests Routing Performance and Optimization should handle concurrent routing requests" name="RAG Routing Intelligence Tests Routing Performance and Optimization should handle concurrent routing requests" time="0.004">
    </testcase>
    <testcase classname="RAG Routing Intelligence Tests Routing Validation and Quality Assurance should validate routing decisions" name="RAG Routing Intelligence Tests Routing Validation and Quality Assurance should validate routing decisions" time="0.002">
    </testcase>
    <testcase classname="RAG Routing Intelligence Tests Routing Validation and Quality Assurance should detect routing quality issues" name="RAG Routing Intelligence Tests Routing Validation and Quality Assurance should detect routing quality issues" time="0.002">
    </testcase>
  </testsuite>
  <testsuite name="RAG System Basic Tests" errors="0" failures="1" skipped="0" timestamp="2025-08-03T01:02:45" time="1.061" tests="16">
    <testcase classname="RAG System Basic Tests Test Infrastructure should have test environment properly configured" name="RAG System Basic Tests Test Infrastructure should have test environment properly configured" time="0.005">
    </testcase>
    <testcase classname="RAG System Basic Tests Test Infrastructure should have mocked dependencies available" name="RAG System Basic Tests Test Infrastructure should have mocked dependencies available" time="0.001">
    </testcase>
    <testcase classname="RAG System Basic Tests RAG System Concepts should understand RAG system requirements" name="RAG System Basic Tests RAG System Concepts should understand RAG system requirements" time="0.002">
    </testcase>
    <testcase classname="RAG System Basic Tests RAG System Concepts should validate RAG system architecture" name="RAG System Basic Tests RAG System Concepts should validate RAG system architecture" time="0.002">
    </testcase>
    <testcase classname="RAG System Basic Tests Mock Data Validation should validate user context structure" name="RAG System Basic Tests Mock Data Validation should validate user context structure" time="0.005">
    </testcase>
    <testcase classname="RAG System Basic Tests Mock Data Validation should validate department data structure" name="RAG System Basic Tests Mock Data Validation should validate department data structure" time="0.009">
    </testcase>
    <testcase classname="RAG System Basic Tests Query Processing Logic should classify different types of queries" name="RAG System Basic Tests Query Processing Logic should classify different types of queries" time="0.011">
      <failure>Error: expect(received).toBe(expected) // Object.is equality

Expected: &quot;finance&quot;
Received: &quot;executive&quot;
    at Object.&lt;anonymous&gt; (C:\Dev\Github\Nexus\__tests__\ai\ragSystem.basic.test.ts:147:66)
    at Promise.then.completed (C:\Dev\Github\Nexus\node_modules\.pnpm\jest-circus@29.7.0\node_modules\jest-circus\build\utils.js:298:28)
    at new Promise (&lt;anonymous&gt;)
    at callAsyncCircusFn (C:\Dev\Github\Nexus\node_modules\.pnpm\jest-circus@29.7.0\node_modules\jest-circus\build\utils.js:231:10)
    at _callCircusTest (C:\Dev\Github\Nexus\node_modules\.pnpm\jest-circus@29.7.0\node_modules\jest-circus\build\run.js:316:40)
    at _runTest (C:\Dev\Github\Nexus\node_modules\.pnpm\jest-circus@29.7.0\node_modules\jest-circus\build\run.js:252:3)
    at _runTestsForDescribeBlock (C:\Dev\Github\Nexus\node_modules\.pnpm\jest-circus@29.7.0\node_modules\jest-circus\build\run.js:126:9)
    at _runTestsForDescribeBlock (C:\Dev\Github\Nexus\node_modules\.pnpm\jest-circus@29.7.0\node_modules\jest-circus\build\run.js:121:9)
    at _runTestsForDescribeBlock (C:\Dev\Github\Nexus\node_modules\.pnpm\jest-circus@29.7.0\node_modules\jest-circus\build\run.js:121:9)
    at run (C:\Dev\Github\Nexus\node_modules\.pnpm\jest-circus@29.7.0\node_modules\jest-circus\build\run.js:71:3)
    at runAndTransformResultsToJestFormat (C:\Dev\Github\Nexus\node_modules\.pnpm\jest-circus@29.7.0\node_modules\jest-circus\build\legacy-code-todo-rewrite\jestAdapterInit.js:122:21)
    at jestAdapter (C:\Dev\Github\Nexus\node_modules\.pnpm\jest-circus@29.7.0\node_modules\jest-circus\build\legacy-code-todo-rewrite\jestAdapter.js:79:19)
    at runTestInternal (C:\Dev\Github\Nexus\node_modules\.pnpm\jest-runner@29.7.0\node_modules\jest-runner\build\runTest.js:367:16)
    at runTest (C:\Dev\Github\Nexus\node_modules\.pnpm\jest-runner@29.7.0\node_modules\jest-runner\build\runTest.js:444:34)</failure>
    </testcase>
    <testcase classname="RAG System Basic Tests Query Processing Logic should calculate confidence scores for routing" name="RAG System Basic Tests Query Processing Logic should calculate confidence scores for routing" time="0.001">
    </testcase>
    <testcase classname="RAG System Basic Tests Context Generation Logic should generate contextual prompts" name="RAG System Basic Tests Context Generation Logic should generate contextual prompts" time="0.001">
    </testcase>
    <testcase classname="RAG System Basic Tests Context Generation Logic should include personalization insights" name="RAG System Basic Tests Context Generation Logic should include personalization insights" time="0.002">
    </testcase>
    <testcase classname="RAG System Basic Tests Performance Considerations should handle concurrent processing efficiently" name="RAG System Basic Tests Performance Considerations should handle concurrent processing efficiently" time="0.028">
    </testcase>
    <testcase classname="RAG System Basic Tests Performance Considerations should validate response time requirements" name="RAG System Basic Tests Performance Considerations should validate response time requirements" time="0.002">
    </testcase>
    <testcase classname="RAG System Basic Tests Error Handling Scenarios should handle missing user context gracefully" name="RAG System Basic Tests Error Handling Scenarios should handle missing user context gracefully" time="0.002">
    </testcase>
    <testcase classname="RAG System Basic Tests Error Handling Scenarios should handle invalid queries appropriately" name="RAG System Basic Tests Error Handling Scenarios should handle invalid queries appropriately" time="0.002">
    </testcase>
    <testcase classname="RAG System Basic Tests Integration Points should validate chat context integration" name="RAG System Basic Tests Integration Points should validate chat context integration" time="0.002">
    </testcase>
    <testcase classname="RAG System Basic Tests Integration Points should validate business data integration" name="RAG System Basic Tests Integration Points should validate business data integration" time="0.009">
    </testcase>
  </testsuite>
  <testsuite name="DB – summary_chunks column presence" errors="0" failures="1" skipped="0" timestamp="2025-08-03T01:02:47" time="0.728" tests="1">
    <testcase classname="DB – summary_chunks column presence ai_conversations.summary_chunks exists and is selectable" name="DB – summary_chunks column presence ai_conversations.summary_chunks exists and is selectable" time="0">
      <failure>TypeError: Cannot read properties of undefined (reading &apos;status&apos;)
    at Object.&lt;anonymous&gt; (C:\Dev\Github\Nexus\__tests__\ai\summaryColumn.test.ts:19:16)</failure>
    </testcase>
  </testsuite>
  <testsuite name="RLS Security – Canonical Business Tables" errors="0" failures="0" skipped="1" timestamp="2025-08-03T01:02:47" time="0.632" tests="1">
    <testcase classname="RLS Security – Canonical Business Tables Supabase env vars not configured – skipping RLS tests" name="RLS Security – Canonical Business Tables Supabase env vars not configured – skipping RLS tests" time="0">
      <skipped/>
    </testcase>
  </testsuite>
  <testsuite name="RAG System Performance Tests" errors="0" failures="0" skipped="0" timestamp="2025-08-03T01:02:48" time="6.037" tests="25">
    <testcase classname="RAG System Performance Tests Response Time Performance should generate context within acceptable time limits" name="RAG System Performance Tests Response Time Performance should generate context within acceptable time limits" time="0.462">
    </testcase>
    <testcase classname="RAG System Performance Tests Response Time Performance should process queries efficiently" name="RAG System Performance Tests Response Time Performance should process queries efficiently" time="0.169">
    </testcase>
    <testcase classname="RAG System Performance Tests Response Time Performance should perform vector searches quickly" name="RAG System Performance Tests Response Time Performance should perform vector searches quickly" time="0.211">
    </testcase>
    <testcase classname="RAG System Performance Tests Response Time Performance should generate responses within time constraints" name="RAG System Performance Tests Response Time Performance should generate responses within time constraints" time="0.803">
    </testcase>
    <testcase classname="RAG System Performance Tests Concurrent Processing Performance should handle multiple concurrent queries efficiently" name="RAG System Performance Tests Concurrent Processing Performance should handle multiple concurrent queries efficiently" time="0.412">
    </testcase>
    <testcase classname="RAG System Performance Tests Concurrent Processing Performance should generate multiple contexts in parallel" name="RAG System Performance Tests Concurrent Processing Performance should generate multiple contexts in parallel" time="0.12">
    </testcase>
    <testcase classname="RAG System Performance Tests Concurrent Processing Performance should perform batch operations efficiently" name="RAG System Performance Tests Concurrent Processing Performance should perform batch operations efficiently" time="0.003">
    </testcase>
    <testcase classname="RAG System Performance Tests Memory Usage and Efficiency should maintain reasonable memory usage during processing" name="RAG System Performance Tests Memory Usage and Efficiency should maintain reasonable memory usage during processing" time="0.001">
    </testcase>
    <testcase classname="RAG System Performance Tests Memory Usage and Efficiency should optimize memory usage effectively" name="RAG System Performance Tests Memory Usage and Efficiency should optimize memory usage effectively" time="0.001">
    </testcase>
    <testcase classname="RAG System Performance Tests Memory Usage and Efficiency should provide detailed memory statistics" name="RAG System Performance Tests Memory Usage and Efficiency should provide detailed memory statistics" time="0.002">
    </testcase>
    <testcase classname="RAG System Performance Tests Database Query Performance should execute database queries efficiently" name="RAG System Performance Tests Database Query Performance should execute database queries efficiently" time="0.065">
    </testcase>
    <testcase classname="RAG System Performance Tests Database Query Performance should handle batch queries efficiently" name="RAG System Performance Tests Database Query Performance should handle batch queries efficiently" time="0.13">
    </testcase>
    <testcase classname="RAG System Performance Tests Database Query Performance should optimize database queries" name="RAG System Performance Tests Database Query Performance should optimize database queries" time="0.002">
    </testcase>
    <testcase classname="RAG System Performance Tests Caching Performance should retrieve cached data quickly" name="RAG System Performance Tests Caching Performance should retrieve cached data quickly" time="0.013">
    </testcase>
    <testcase classname="RAG System Performance Tests Caching Performance should cache data efficiently" name="RAG System Performance Tests Caching Performance should cache data efficiently" time="0.013">
    </testcase>
    <testcase classname="RAG System Performance Tests Caching Performance should maintain high cache hit rates" name="RAG System Performance Tests Caching Performance should maintain high cache hit rates" time="0.002">
    </testcase>
    <testcase classname="RAG System Performance Tests Caching Performance should optimize cache performance" name="RAG System Performance Tests Caching Performance should optimize cache performance" time="0.001">
    </testcase>
    <testcase classname="RAG System Performance Tests Vector Processing Performance should generate embeddings efficiently" name="RAG System Performance Tests Vector Processing Performance should generate embeddings efficiently" time="0.863">
    </testcase>
    <testcase classname="RAG System Performance Tests Vector Processing Performance should perform vector similarity search quickly" name="RAG System Performance Tests Vector Processing Performance should perform vector similarity search quickly" time="0.185">
    </testcase>
    <testcase classname="RAG System Performance Tests Vector Processing Performance should store vectors efficiently" name="RAG System Performance Tests Vector Processing Performance should store vectors efficiently" time="0.336">
    </testcase>
    <testcase classname="RAG System Performance Tests End-to-End Performance should complete full RAG pipeline within acceptable time" name="RAG System Performance Tests End-to-End Performance should complete full RAG pipeline within acceptable time" time="1.58">
    </testcase>
    <testcase classname="RAG System Performance Tests End-to-End Performance should maintain consistent performance under load" name="RAG System Performance Tests End-to-End Performance should maintain consistent performance under load" time="0.001">
    </testcase>
    <testcase classname="RAG System Performance Tests End-to-End Performance should provide comprehensive performance metrics" name="RAG System Performance Tests End-to-End Performance should provide comprehensive performance metrics" time="0.001">
    </testcase>
    <testcase classname="RAG System Performance Tests Performance Optimization should provide optimization recommendations" name="RAG System Performance Tests Performance Optimization should provide optimization recommendations" time="0.002">
    </testcase>
    <testcase classname="RAG System Performance Tests Performance Optimization should validate performance improvements after optimization" name="RAG System Performance Tests Performance Optimization should validate performance improvements after optimization" time="0.001">
    </testcase>
  </testsuite>
  <testsuite name="RAG System Error Handling Tests" errors="0" failures="0" skipped="0" timestamp="2025-08-03T01:02:54" time="3.729" tests="19">
    <testcase classname="RAG System Error Handling Tests Database Connection Errors should handle database connection failures gracefully" name="RAG System Error Handling Tests Database Connection Errors should handle database connection failures gracefully" time="0.002">
    </testcase>
    <testcase classname="RAG System Error Handling Tests Database Connection Errors should use fallback data when database is unavailable" name="RAG System Error Handling Tests Database Connection Errors should use fallback data when database is unavailable" time="0.001">
    </testcase>
    <testcase classname="RAG System Error Handling Tests Database Connection Errors should implement exponential backoff for database retries" name="RAG System Error Handling Tests Database Connection Errors should implement exponential backoff for database retries" time="3.024">
    </testcase>
    <testcase classname="RAG System Error Handling Tests OpenAI API Errors should handle OpenAI API rate limits" name="RAG System Error Handling Tests OpenAI API Errors should handle OpenAI API rate limits" time="0.002">
    </testcase>
    <testcase classname="RAG System Error Handling Tests OpenAI API Errors should handle OpenAI API quota exhaustion" name="RAG System Error Handling Tests OpenAI API Errors should handle OpenAI API quota exhaustion" time="0.006">
    </testcase>
    <testcase classname="RAG System Error Handling Tests OpenAI API Errors should handle OpenAI API timeout errors" name="RAG System Error Handling Tests OpenAI API Errors should handle OpenAI API timeout errors" time="0.004">
    </testcase>
    <testcase classname="RAG System Error Handling Tests Data Validation Errors should handle invalid user context gracefully" name="RAG System Error Handling Tests Data Validation Errors should handle invalid user context gracefully" time="0.001">
    </testcase>
    <testcase classname="RAG System Error Handling Tests Data Validation Errors should sanitize malicious input" name="RAG System Error Handling Tests Data Validation Errors should sanitize malicious input" time="0.005">
    </testcase>
    <testcase classname="RAG System Error Handling Tests Data Validation Errors should handle corrupted business data" name="RAG System Error Handling Tests Data Validation Errors should handle corrupted business data" time="0.002">
    </testcase>
    <testcase classname="RAG System Error Handling Tests Vector Search Errors should handle vector search failures" name="RAG System Error Handling Tests Vector Search Errors should handle vector search failures" time="0.008">
    </testcase>
    <testcase classname="RAG System Error Handling Tests Vector Search Errors should handle vector storage failures" name="RAG System Error Handling Tests Vector Search Errors should handle vector storage failures" time="0.002">
    </testcase>
    <testcase classname="RAG System Error Handling Tests Context Generation Errors should handle context generation failures" name="RAG System Error Handling Tests Context Generation Errors should handle context generation failures" time="0.006">
    </testcase>
    <testcase classname="RAG System Error Handling Tests Context Generation Errors should handle partial context generation" name="RAG System Error Handling Tests Context Generation Errors should handle partial context generation" time="0.002">
    </testcase>
    <testcase classname="RAG System Error Handling Tests Query Routing Errors should handle query classification failures" name="RAG System Error Handling Tests Query Routing Errors should handle query classification failures" time="0.001">
    </testcase>
    <testcase classname="RAG System Error Handling Tests Query Routing Errors should handle agent routing failures" name="RAG System Error Handling Tests Query Routing Errors should handle agent routing failures" time="0.001">
    </testcase>
    <testcase classname="RAG System Error Handling Tests System Recovery and Health Checks should perform comprehensive health checks" name="RAG System Error Handling Tests System Recovery and Health Checks should perform comprehensive health checks" time="0.002">
    </testcase>
    <testcase classname="RAG System Error Handling Tests System Recovery and Health Checks should perform automatic system recovery" name="RAG System Error Handling Tests System Recovery and Health Checks should perform automatic system recovery" time="0.002">
    </testcase>
    <testcase classname="RAG System Error Handling Tests Graceful Degradation should provide basic functionality when advanced features fail" name="RAG System Error Handling Tests Graceful Degradation should provide basic functionality when advanced features fail" time="0.001">
    </testcase>
    <testcase classname="RAG System Error Handling Tests Graceful Degradation should maintain core functionality during partial system failures" name="RAG System Error Handling Tests Graceful Degradation should maintain core functionality during partial system failures" time="0.011">
    </testcase>
  </testsuite>
  <testsuite name="RAG System Integration Tests" errors="0" failures="0" skipped="0" timestamp="2025-08-03T01:02:58" time="1.012" tests="18">
    <testcase classname="RAG System Integration Tests Chat Context Integration should integrate RAG context with chat history" name="RAG System Integration Tests Chat Context Integration should integrate RAG context with chat history" time="0.005">
    </testcase>
    <testcase classname="RAG System Integration Tests Chat Context Integration should enhance messages with contextual RAG information" name="RAG System Integration Tests Chat Context Integration should enhance messages with contextual RAG information" time="0.016">
    </testcase>
    <testcase classname="RAG System Integration Tests Chat Context Integration should maintain conversation context across multiple turns" name="RAG System Integration Tests Chat Context Integration should maintain conversation context across multiple turns" time="0.02">
    </testcase>
    <testcase classname="RAG System Integration Tests AI Assistant Routing Integration should route queries to appropriate specialized assistants" name="RAG System Integration Tests AI Assistant Routing Integration should route queries to appropriate specialized assistants" time="0.002">
    </testcase>
    <testcase classname="RAG System Integration Tests AI Assistant Routing Integration should enhance assistant prompts with RAG context" name="RAG System Integration Tests AI Assistant Routing Integration should enhance assistant prompts with RAG context" time="0.002">
    </testcase>
    <testcase classname="RAG System Integration Tests AI Assistant Routing Integration should handle assistant handoffs with context preservation" name="RAG System Integration Tests AI Assistant Routing Integration should handle assistant handoffs with context preservation" time="0.002">
    </testcase>
    <testcase classname="RAG System Integration Tests AI Assistant Routing Integration should validate assistant responses with RAG context" name="RAG System Integration Tests AI Assistant Routing Integration should validate assistant responses with RAG context" time="0.001">
    </testcase>
    <testcase classname="RAG System Integration Tests Cross-System Data Flow should sync user data across RAG and chat systems" name="RAG System Integration Tests Cross-System Data Flow should sync user data across RAG and chat systems" time="0.012">
    </testcase>
    <testcase classname="RAG System Integration Tests Cross-System Data Flow should sync business data across all integrated systems" name="RAG System Integration Tests Cross-System Data Flow should sync business data across all integrated systems" time="0.003">
    </testcase>
    <testcase classname="RAG System Integration Tests Cross-System Data Flow should validate data consistency across systems" name="RAG System Integration Tests Cross-System Data Flow should validate data consistency across systems" time="0.01">
    </testcase>
    <testcase classname="RAG System Integration Tests Cross-System Data Flow should handle real-time data updates across systems" name="RAG System Integration Tests Cross-System Data Flow should handle real-time data updates across systems" time="0.001">
    </testcase>
    <testcase classname="RAG System Integration Tests End-to-End Integration Scenarios should handle complete user journey from login to response" name="RAG System Integration Tests End-to-End Integration Scenarios should handle complete user journey from login to response" time="0.015">
    </testcase>
    <testcase classname="RAG System Integration Tests End-to-End Integration Scenarios should simulate multi-turn conversation with context evolution" name="RAG System Integration Tests End-to-End Integration Scenarios should simulate multi-turn conversation with context evolution" time="0.002">
    </testcase>
    <testcase classname="RAG System Integration Tests End-to-End Integration Scenarios should test cross-system workflow integration" name="RAG System Integration Tests End-to-End Integration Scenarios should test cross-system workflow integration" time="0.004">
    </testcase>
    <testcase classname="RAG System Integration Tests End-to-End Integration Scenarios should validate overall integration health" name="RAG System Integration Tests End-to-End Integration Scenarios should validate overall integration health" time="0.009">
    </testcase>
    <testcase classname="RAG System Integration Tests Integration Error Handling should handle cross-system failures gracefully" name="RAG System Integration Tests Integration Error Handling should handle cross-system failures gracefully" time="0.001">
    </testcase>
    <testcase classname="RAG System Integration Tests Integration Error Handling should recover from integration failures" name="RAG System Integration Tests Integration Error Handling should recover from integration failures" time="0.001">
    </testcase>
    <testcase classname="RAG System Integration Tests Integration Error Handling should validate system recovery completeness" name="RAG System Integration Tests Integration Error Handling should validate system recovery completeness" time="0.001">
    </testcase>
  </testsuite>
  <testsuite name="useNotifications Hook" errors="0" failures="0" skipped="0" timestamp="2025-08-03T01:02:59" time="0.95" tests="11">
    <testcase classname="useNotifications Hook should initialize with empty notifications" name="useNotifications Hook should initialize with empty notifications" time="0.036">
    </testcase>
    <testcase classname="useNotifications Hook should add a success notification" name="useNotifications Hook should add a success notification" time="0.061">
    </testcase>
    <testcase classname="useNotifications Hook should add an error notification" name="useNotifications Hook should add an error notification" time="0.022">
    </testcase>
    <testcase classname="useNotifications Hook should add an info notification" name="useNotifications Hook should add an info notification" time="0.021">
    </testcase>
    <testcase classname="useNotifications Hook should remove a notification" name="useNotifications Hook should remove a notification" time="0.042">
    </testcase>
    <testcase classname="useNotifications Hook should mark a notification as read" name="useNotifications Hook should mark a notification as read" time="0.021">
    </testcase>
    <testcase classname="useNotifications Hook should mark all notifications as read" name="useNotifications Hook should mark all notifications as read" time="0.042">
    </testcase>
    <testcase classname="useNotifications Hook should clear all notifications" name="useNotifications Hook should clear all notifications" time="0.023">
    </testcase>
    <testcase classname="useNotifications Hook should auto-remove notifications after duration" name="useNotifications Hook should auto-remove notifications after duration" time="0.027">
    </testcase>
    <testcase classname="useNotifications Hook should limit notifications to maxNotifications" name="useNotifications Hook should limit notifications to maxNotifications" time="0.021">
    </testcase>
    <testcase classname="useNotifications Hook should throw error when used outside provider" name="useNotifications Hook should throw error when used outside provider" time="0.048">
    </testcase>
  </testsuite>
  <testsuite name="RAG System Data Validation Tests" errors="0" failures="0" skipped="0" timestamp="2025-08-03T01:03:00" time="0.894" tests="16">
    <testcase classname="RAG System Data Validation Tests Input Data Validation should validate user queries for safety and format" name="RAG System Data Validation Tests Input Data Validation should validate user queries for safety and format" time="0.003">
    </testcase>
    <testcase classname="RAG System Data Validation Tests Input Data Validation should validate user context data structure and content" name="RAG System Data Validation Tests Input Data Validation should validate user context data structure and content" time="0.002">
    </testcase>
    <testcase classname="RAG System Data Validation Tests Input Data Validation should validate business data integrity and format" name="RAG System Data Validation Tests Input Data Validation should validate business data integrity and format" time="0.002">
    </testcase>
    <testcase classname="RAG System Data Validation Tests Input Data Validation should sanitize malicious input while preserving legitimate content" name="RAG System Data Validation Tests Input Data Validation should sanitize malicious input while preserving legitimate content" time="0.014">
    </testcase>
    <testcase classname="RAG System Data Validation Tests Output Data Validation should validate RAG response quality and safety" name="RAG System Data Validation Tests Output Data Validation should validate RAG response quality and safety" time="0.003">
    </testcase>
    <testcase classname="RAG System Data Validation Tests Output Data Validation should validate context generation accuracy" name="RAG System Data Validation Tests Output Data Validation should validate context generation accuracy" time="0.016">
    </testcase>
    <testcase classname="RAG System Data Validation Tests Output Data Validation should validate vector search results relevance" name="RAG System Data Validation Tests Output Data Validation should validate vector search results relevance" time="0.007">
    </testcase>
    <testcase classname="RAG System Data Validation Tests Output Data Validation should check for data leakage in responses" name="RAG System Data Validation Tests Output Data Validation should check for data leakage in responses" time="0.005">
    </testcase>
    <testcase classname="RAG System Data Validation Tests Data Schema Validation should validate user context schema compliance" name="RAG System Data Validation Tests Data Schema Validation should validate user context schema compliance" time="0.014">
    </testcase>
    <testcase classname="RAG System Data Validation Tests Data Schema Validation should validate business data schema structure" name="RAG System Data Validation Tests Data Schema Validation should validate business data schema structure" time="0.01">
    </testcase>
    <testcase classname="RAG System Data Validation Tests Real-time Validation Monitoring should monitor validation metrics in real-time" name="RAG System Data Validation Tests Real-time Validation Monitoring should monitor validation metrics in real-time" time="0.006">
    </testcase>
    <testcase classname="RAG System Data Validation Tests Real-time Validation Monitoring should detect validation anomalies and patterns" name="RAG System Data Validation Tests Real-time Validation Monitoring should detect validation anomalies and patterns" time="0.015">
    </testcase>
    <testcase classname="RAG System Data Validation Tests Real-time Validation Monitoring should generate comprehensive validation reports" name="RAG System Data Validation Tests Real-time Validation Monitoring should generate comprehensive validation reports" time="0.005">
    </testcase>
    <testcase classname="RAG System Data Validation Tests Validation Performance Optimization should optimize validation rules for performance" name="RAG System Data Validation Tests Validation Performance Optimization should optimize validation rules for performance" time="0.027">
    </testcase>
    <testcase classname="RAG System Data Validation Tests Validation Performance Optimization should implement validation result caching" name="RAG System Data Validation Tests Validation Performance Optimization should implement validation result caching" time="0.008">
    </testcase>
    <testcase classname="RAG System Data Validation Tests Validation Performance Optimization should parallelize validation processes" name="RAG System Data Validation Tests Validation Performance Optimization should parallelize validation processes" time="0.044">
    </testcase>
  </testsuite>
  <testsuite name="RBAC Permissions System" errors="0" failures="0" skipped="0" timestamp="2025-08-03T01:03:01" time="1.561" tests="20">
    <testcase classname="RBAC Permissions System hasPermission admin should have all permissions" name="RBAC Permissions System hasPermission admin should have all permissions" time="0.021">
    </testcase>
    <testcase classname="RBAC Permissions System hasPermission manager should not have access_admin_panel" name="RBAC Permissions System hasPermission manager should not have access_admin_panel" time="0.004">
    </testcase>
    <testcase classname="RBAC Permissions System hasPermission user cannot edit users or manage billing/integrations" name="RBAC Permissions System hasPermission user cannot edit users or manage billing/integrations" time="0.002">
    </testcase>
    <testcase classname="RBAC Permissions System hasPermission guest has only minimal permissions" name="RBAC Permissions System hasPermission guest has only minimal permissions" time="0.001">
    </testcase>
    <testcase classname="RBAC Permissions System getRolePermissions should return all permissions for admin" name="RBAC Permissions System getRolePermissions should return all permissions for admin" time="0.005">
    </testcase>
    <testcase classname="RBAC Permissions System getRolePermissions should return limited permissions for guest" name="RBAC Permissions System getRolePermissions should return limited permissions for guest" time="0.005">
    </testcase>
    <testcase classname="RBAC Permissions System getRolePermissions should return appropriate permissions for each role" name="RBAC Permissions System getRolePermissions should return appropriate permissions for each role" time="0.009">
    </testcase>
    <testcase classname="RBAC Permissions System hasAnyPermission should return true if user has any of the specified permissions" name="RBAC Permissions System hasAnyPermission should return true if user has any of the specified permissions" time="0.002">
    </testcase>
    <testcase classname="RBAC Permissions System hasAnyPermission should return false if user has none of the specified permissions" name="RBAC Permissions System hasAnyPermission should return false if user has none of the specified permissions" time="0.002">
    </testcase>
    <testcase classname="RBAC Permissions System hasAllPermissions should return true if user has all specified permissions" name="RBAC Permissions System hasAllPermissions should return true if user has all specified permissions" time="0.002">
    </testcase>
    <testcase classname="RBAC Permissions System hasAllPermissions should return false if user lacks any of the specified permissions" name="RBAC Permissions System hasAllPermissions should return false if user lacks any of the specified permissions" time="0.001">
    </testcase>
    <testcase classname="RBAC Permissions System getHighestRoleWithPermission should return the highest role with the permission" name="RBAC Permissions System getHighestRoleWithPermission should return the highest role with the permission" time="0.001">
    </testcase>
    <testcase classname="RBAC Permissions System getHighestRoleWithPermission should return null for non-existent permissions" name="RBAC Permissions System getHighestRoleWithPermission should return null for non-existent permissions" time="0">
    </testcase>
    <testcase classname="RBAC Permissions System canAccessFeature should return true for features user has access to" name="RBAC Permissions System canAccessFeature should return true for features user has access to" time="0.001">
    </testcase>
    <testcase classname="RBAC Permissions System canAccessFeature should return false for features user lacks access to" name="RBAC Permissions System canAccessFeature should return false for features user lacks access to" time="0.001">
    </testcase>
    <testcase classname="RBAC Permissions System canAccessFeature should return false for non-existent features" name="RBAC Permissions System canAccessFeature should return false for non-existent features" time="0.004">
    </testcase>
    <testcase classname="RBAC Permissions System Permission hierarchy should maintain proper permission hierarchy" name="RBAC Permissions System Permission hierarchy should maintain proper permission hierarchy" time="0.002">
    </testcase>
    <testcase classname="RBAC Permissions System Edge cases should handle empty permission arrays" name="RBAC Permissions System Edge cases should handle empty permission arrays" time="0.001">
    </testcase>
    <testcase classname="RBAC Permissions System Edge cases should handle single permission checks" name="RBAC Permissions System Edge cases should handle single permission checks" time="0.001">
    </testcase>
    <testcase classname="RBAC Permissions System Edge cases should handle invalid roles gracefully" name="RBAC Permissions System Edge cases should handle invalid roles gracefully" time="0.003">
    </testcase>
  </testsuite>
  <testsuite name="useAuth Hook" errors="0" failures="0" skipped="0" timestamp="2025-08-03T01:03:03" time="1.213" tests="6">
    <testcase classname="useAuth Hook should initialize with loading state" name="useAuth Hook should initialize with loading state" time="0.07">
    </testcase>
    <testcase classname="useAuth Hook should handle auth session correctly" name="useAuth Hook should handle auth session correctly" time="0.041">
    </testcase>
    <testcase classname="useAuth Hook should handle session errors gracefully" name="useAuth Hook should handle session errors gracefully" time="0.083">
    </testcase>
    <testcase classname="useAuth Hook should cleanup on unmount" name="useAuth Hook should cleanup on unmount" time="0.027">
    </testcase>
    <testcase classname="useAuth Hook should handle timeout properly" name="useAuth Hook should handle timeout properly" time="0.028">
    </testcase>
    <testcase classname="useAuth Hook should prevent multiple simultaneous auth changes" name="useAuth Hook should prevent multiple simultaneous auth changes" time="0.018">
    </testcase>
  </testsuite>
  <testsuite name="Feature Registry - Core Platform Features" errors="0" failures="0" skipped="0" timestamp="2025-08-03T01:03:04" time="1.059" tests="19">
    <testcase classname="Feature Registry - Core Platform Features Feature Discovery should return all registered features" name="Feature Registry - Core Platform Features Feature Discovery should return all registered features" time="0.03">
    </testcase>
    <testcase classname="Feature Registry - Core Platform Features Feature Discovery should have core features available" name="Feature Registry - Core Platform Features Feature Discovery should have core features available" time="0.002">
    </testcase>
    <testcase classname="Feature Registry - Core Platform Features Feature Discovery should have department features" name="Feature Registry - Core Platform Features Feature Discovery should have department features" time="0.001">
    </testcase>
    <testcase classname="Feature Registry - Core Platform Features Feature Categorization should filter features by category correctly" name="Feature Registry - Core Platform Features Feature Categorization should filter features by category correctly" time="0.002">
    </testcase>
    <testcase classname="Feature Registry - Core Platform Features Feature Categorization should handle invalid categories gracefully" name="Feature Registry - Core Platform Features Feature Categorization should handle invalid categories gracefully" time="0.007">
    </testcase>
    <testcase classname="Feature Registry - Core Platform Features Feature Categorization should validate category types" name="Feature Registry - Core Platform Features Feature Categorization should validate category types" time="0.005">
    </testcase>
    <testcase classname="Feature Registry - Core Platform Features Feature Search should search features by name" name="Feature Registry - Core Platform Features Feature Search should search features by name" time="0.014">
    </testcase>
    <testcase classname="Feature Registry - Core Platform Features Feature Search should search features by keywords" name="Feature Registry - Core Platform Features Feature Search should search features by keywords" time="0.005">
    </testcase>
    <testcase classname="Feature Registry - Core Platform Features Feature Search should handle empty search queries" name="Feature Registry - Core Platform Features Feature Search should handle empty search queries" time="0.013">
    </testcase>
    <testcase classname="Feature Registry - Core Platform Features Feature Search should be case insensitive" name="Feature Registry - Core Platform Features Feature Search should be case insensitive" time="0.002">
    </testcase>
    <testcase classname="Feature Registry - Core Platform Features Feature Access Control should have proper access levels" name="Feature Registry - Core Platform Features Feature Access Control should have proper access levels" time="0.033">
    </testcase>
    <testcase classname="Feature Registry - Core Platform Features Feature Access Control should have free features available" name="Feature Registry - Core Platform Features Feature Access Control should have free features available" time="0.003">
    </testcase>
    <testcase classname="Feature Registry - Core Platform Features Feature Access Control should properly identify premium features" name="Feature Registry - Core Platform Features Feature Access Control should properly identify premium features" time="0.003">
    </testcase>
    <testcase classname="Feature Registry - Core Platform Features Feature Metadata should identify highlighted features" name="Feature Registry - Core Platform Features Feature Metadata should identify highlighted features" time="0.012">
    </testcase>
    <testcase classname="Feature Registry - Core Platform Features Feature Metadata should identify new features" name="Feature Registry - Core Platform Features Feature Metadata should identify new features" time="0.008">
    </testcase>
    <testcase classname="Feature Registry - Core Platform Features Feature Metadata should have valid feature relationships" name="Feature Registry - Core Platform Features Feature Metadata should have valid feature relationships" time="0.003">
    </testcase>
    <testcase classname="Feature Registry - Core Platform Features Feature Retrieval should retrieve feature by ID" name="Feature Registry - Core Platform Features Feature Retrieval should retrieve feature by ID" time="0.002">
    </testcase>
    <testcase classname="Feature Registry - Core Platform Features Feature Retrieval should return undefined for invalid ID" name="Feature Registry - Core Platform Features Feature Retrieval should return undefined for invalid ID" time="0.001">
    </testcase>
    <testcase classname="Feature Registry - Core Platform Features Feature Retrieval should handle empty ID gracefully" name="Feature Registry - Core Platform Features Feature Retrieval should handle empty ID gracefully" time="0.001">
    </testcase>
  </testsuite>
  <testsuite name="CloudStorageRAGService Tests" errors="0" failures="0" skipped="0" timestamp="2025-08-03T01:03:05" time="0.583" tests="32">
    <testcase classname="CloudStorageRAGService Tests Google Drive Integration should authenticate with Google Drive API" name="CloudStorageRAGService Tests Google Drive Integration should authenticate with Google Drive API" time="0.001">
    </testcase>
    <testcase classname="CloudStorageRAGService Tests Google Drive Integration should list files from Google Drive" name="CloudStorageRAGService Tests Google Drive Integration should list files from Google Drive" time="0.001">
    </testcase>
    <testcase classname="CloudStorageRAGService Tests Google Drive Integration should download files from Google Drive" name="CloudStorageRAGService Tests Google Drive Integration should download files from Google Drive" time="0.002">
    </testcase>
    <testcase classname="CloudStorageRAGService Tests Google Drive Integration should handle Google Drive API errors gracefully" name="CloudStorageRAGService Tests Google Drive Integration should handle Google Drive API errors gracefully" time="0.001">
    </testcase>
    <testcase classname="CloudStorageRAGService Tests Google Drive Integration should watch for file changes in Google Drive" name="CloudStorageRAGService Tests Google Drive Integration should watch for file changes in Google Drive" time="0.001">
    </testcase>
    <testcase classname="CloudStorageRAGService Tests Document Processing should extract text from PDF documents" name="CloudStorageRAGService Tests Document Processing should extract text from PDF documents" time="0.001">
    </testcase>
    <testcase classname="CloudStorageRAGService Tests Document Processing should extract text from Word documents" name="CloudStorageRAGService Tests Document Processing should extract text from Word documents" time="0">
    </testcase>
    <testcase classname="CloudStorageRAGService Tests Document Processing should extract metadata from documents" name="CloudStorageRAGService Tests Document Processing should extract metadata from documents" time="0.001">
    </testcase>
    <testcase classname="CloudStorageRAGService Tests Document Processing should chunk documents for vector storage" name="CloudStorageRAGService Tests Document Processing should chunk documents for vector storage" time="0">
    </testcase>
    <testcase classname="CloudStorageRAGService Tests Document Processing should generate embeddings for document chunks" name="CloudStorageRAGService Tests Document Processing should generate embeddings for document chunks" time="0.001">
    </testcase>
    <testcase classname="CloudStorageRAGService Tests Document Processing should validate document formats and content" name="CloudStorageRAGService Tests Document Processing should validate document formats and content" time="0.001">
    </testcase>
    <testcase classname="CloudStorageRAGService Tests Document Processing should handle unsupported document formats" name="CloudStorageRAGService Tests Document Processing should handle unsupported document formats" time="0.012">
    </testcase>
    <testcase classname="CloudStorageRAGService Tests Vector Storage and Search should store document vectors in the database" name="CloudStorageRAGService Tests Vector Storage and Search should store document vectors in the database" time="0.001">
    </testcase>
    <testcase classname="CloudStorageRAGService Tests Vector Storage and Search should search for similar documents using vector similarity" name="CloudStorageRAGService Tests Vector Storage and Search should search for similar documents using vector similarity" time="0.001">
    </testcase>
    <testcase classname="CloudStorageRAGService Tests Vector Storage and Search should delete documents from vector storage" name="CloudStorageRAGService Tests Vector Storage and Search should delete documents from vector storage" time="0.001">
    </testcase>
    <testcase classname="CloudStorageRAGService Tests Vector Storage and Search should update existing documents in vector storage" name="CloudStorageRAGService Tests Vector Storage and Search should update existing documents in vector storage" time="0.001">
    </testcase>
    <testcase classname="CloudStorageRAGService Tests Vector Storage and Search should provide vector storage statistics" name="CloudStorageRAGService Tests Vector Storage and Search should provide vector storage statistics" time="0.002">
    </testcase>
    <testcase classname="CloudStorageRAGService Tests Sync Operations should sync documents with Google Drive" name="CloudStorageRAGService Tests Sync Operations should sync documents with Google Drive" time="0.002">
    </testcase>
    <testcase classname="CloudStorageRAGService Tests Sync Operations should detect changes in Google Drive files" name="CloudStorageRAGService Tests Sync Operations should detect changes in Google Drive files" time="0.001">
    </testcase>
    <testcase classname="CloudStorageRAGService Tests Sync Operations should process detected changes" name="CloudStorageRAGService Tests Sync Operations should process detected changes" time="0.001">
    </testcase>
    <testcase classname="CloudStorageRAGService Tests Sync Operations should get sync status and history" name="CloudStorageRAGService Tests Sync Operations should get sync status and history" time="0.001">
    </testcase>
    <testcase classname="CloudStorageRAGService Tests Sync Operations should schedule automatic sync jobs" name="CloudStorageRAGService Tests Sync Operations should schedule automatic sync jobs" time="0.001">
    </testcase>
    <testcase classname="CloudStorageRAGService Tests RAG Integration should generate contextual information from stored documents" name="CloudStorageRAGService Tests RAG Integration should generate contextual information from stored documents" time="0.001">
    </testcase>
    <testcase classname="CloudStorageRAGService Tests RAG Integration should enhance user queries with document context" name="CloudStorageRAGService Tests RAG Integration should enhance user queries with document context" time="0.001">
    </testcase>
    <testcase classname="CloudStorageRAGService Tests RAG Integration should retrieve relevant documents for queries" name="CloudStorageRAGService Tests RAG Integration should retrieve relevant documents for queries" time="0.002">
    </testcase>
    <testcase classname="CloudStorageRAGService Tests RAG Integration should combine multiple context sources" name="CloudStorageRAGService Tests RAG Integration should combine multiple context sources" time="0.003">
    </testcase>
    <testcase classname="CloudStorageRAGService Tests RAG Integration should validate context quality and relevance" name="CloudStorageRAGService Tests RAG Integration should validate context quality and relevance" time="0.001">
    </testcase>
    <testcase classname="CloudStorageRAGService Tests Error Handling and Resilience should handle Google Drive API rate limits" name="CloudStorageRAGService Tests Error Handling and Resilience should handle Google Drive API rate limits" time="0.001">
    </testcase>
    <testcase classname="CloudStorageRAGService Tests Error Handling and Resilience should handle document processing failures gracefully" name="CloudStorageRAGService Tests Error Handling and Resilience should handle document processing failures gracefully" time="0.002">
    </testcase>
    <testcase classname="CloudStorageRAGService Tests Error Handling and Resilience should handle vector storage connection issues" name="CloudStorageRAGService Tests Error Handling and Resilience should handle vector storage connection issues" time="0.005">
    </testcase>
    <testcase classname="CloudStorageRAGService Tests Performance and Optimization should process documents efficiently" name="CloudStorageRAGService Tests Performance and Optimization should process documents efficiently" time="0.001">
    </testcase>
    <testcase classname="CloudStorageRAGService Tests Performance and Optimization should optimize vector search performance" name="CloudStorageRAGService Tests Performance and Optimization should optimize vector search performance" time="0.001">
    </testcase>
  </testsuite>
  <testsuite name="RAG System Data Validation Tests" errors="0" failures="0" skipped="0" timestamp="2025-08-03T01:03:06" time="0.496" tests="16">
    <testcase classname="RAG System Data Validation Tests Input Data Validation should validate user queries for safety and format" name="RAG System Data Validation Tests Input Data Validation should validate user queries for safety and format" time="0.003">
    </testcase>
    <testcase classname="RAG System Data Validation Tests Input Data Validation should validate user context data structure and content" name="RAG System Data Validation Tests Input Data Validation should validate user context data structure and content" time="0.002">
    </testcase>
    <testcase classname="RAG System Data Validation Tests Input Data Validation should validate business data integrity and format" name="RAG System Data Validation Tests Input Data Validation should validate business data integrity and format" time="0.001">
    </testcase>
    <testcase classname="RAG System Data Validation Tests Input Data Validation should sanitize malicious input while preserving legitimate content" name="RAG System Data Validation Tests Input Data Validation should sanitize malicious input while preserving legitimate content" time="0.005">
    </testcase>
    <testcase classname="RAG System Data Validation Tests Output Data Validation should validate RAG response quality and safety" name="RAG System Data Validation Tests Output Data Validation should validate RAG response quality and safety" time="0.002">
    </testcase>
    <testcase classname="RAG System Data Validation Tests Output Data Validation should validate context generation accuracy" name="RAG System Data Validation Tests Output Data Validation should validate context generation accuracy" time="0.001">
    </testcase>
    <testcase classname="RAG System Data Validation Tests Output Data Validation should validate vector search results relevance" name="RAG System Data Validation Tests Output Data Validation should validate vector search results relevance" time="0.006">
    </testcase>
    <testcase classname="RAG System Data Validation Tests Output Data Validation should check for data leakage in responses" name="RAG System Data Validation Tests Output Data Validation should check for data leakage in responses" time="0.002">
    </testcase>
    <testcase classname="RAG System Data Validation Tests Data Schema Validation should validate user context schema compliance" name="RAG System Data Validation Tests Data Schema Validation should validate user context schema compliance" time="0.002">
    </testcase>
    <testcase classname="RAG System Data Validation Tests Data Schema Validation should validate business data schema structure" name="RAG System Data Validation Tests Data Schema Validation should validate business data schema structure" time="0.002">
    </testcase>
    <testcase classname="RAG System Data Validation Tests Real-time Validation Monitoring should monitor validation metrics in real-time" name="RAG System Data Validation Tests Real-time Validation Monitoring should monitor validation metrics in real-time" time="0.003">
    </testcase>
    <testcase classname="RAG System Data Validation Tests Real-time Validation Monitoring should detect validation anomalies and patterns" name="RAG System Data Validation Tests Real-time Validation Monitoring should detect validation anomalies and patterns" time="0.001">
    </testcase>
    <testcase classname="RAG System Data Validation Tests Real-time Validation Monitoring should generate comprehensive validation reports" name="RAG System Data Validation Tests Real-time Validation Monitoring should generate comprehensive validation reports" time="0.001">
    </testcase>
    <testcase classname="RAG System Data Validation Tests Validation Performance Optimization should optimize validation rules for performance" name="RAG System Data Validation Tests Validation Performance Optimization should optimize validation rules for performance" time="0.001">
    </testcase>
    <testcase classname="RAG System Data Validation Tests Validation Performance Optimization should implement validation result caching" name="RAG System Data Validation Tests Validation Performance Optimization should implement validation result caching" time="0.002">
    </testcase>
    <testcase classname="RAG System Data Validation Tests Validation Performance Optimization should parallelize validation processes" name="RAG System Data Validation Tests Validation Performance Optimization should parallelize validation processes" time="0.002">
    </testcase>
  </testsuite>
  <testsuite name="RAG System Simple Tests" errors="0" failures="0" skipped="0" timestamp="2025-08-03T01:03:06" time="0.72" tests="22">
    <testcase classname="RAG System Simple Tests Test Environment should have Jest environment configured" name="RAG System Simple Tests Test Environment should have Jest environment configured" time="0.002">
    </testcase>
    <testcase classname="RAG System Simple Tests Test Environment should have test utilities available" name="RAG System Simple Tests Test Environment should have test utilities available" time="0.002">
    </testcase>
    <testcase classname="RAG System Simple Tests RAG System Architecture should define core RAG components" name="RAG System Simple Tests RAG System Architecture should define core RAG components" time="0.001">
    </testcase>
    <testcase classname="RAG System Simple Tests RAG System Architecture should validate RAG system requirements" name="RAG System Simple Tests RAG System Architecture should validate RAG system requirements" time="0.007">
    </testcase>
    <testcase classname="RAG System Simple Tests Mock Data Structures should validate user context mock" name="RAG System Simple Tests Mock Data Structures should validate user context mock" time="0.001">
    </testcase>
    <testcase classname="RAG System Simple Tests Mock Data Structures should validate department data mock" name="RAG System Simple Tests Mock Data Structures should validate department data mock" time="0.001">
    </testcase>
    <testcase classname="RAG System Simple Tests Query Classification Logic should classify sales queries correctly" name="RAG System Simple Tests Query Classification Logic should classify sales queries correctly" time="0.001">
    </testcase>
    <testcase classname="RAG System Simple Tests Query Classification Logic should classify marketing queries correctly" name="RAG System Simple Tests Query Classification Logic should classify marketing queries correctly" time="0.001">
    </testcase>
    <testcase classname="RAG System Simple Tests Query Classification Logic should classify finance queries correctly" name="RAG System Simple Tests Query Classification Logic should classify finance queries correctly" time="0.001">
    </testcase>
    <testcase classname="RAG System Simple Tests Query Classification Logic should classify operations queries correctly" name="RAG System Simple Tests Query Classification Logic should classify operations queries correctly" time="0.004">
    </testcase>
    <testcase classname="RAG System Simple Tests Query Classification Logic should default to executive for general queries" name="RAG System Simple Tests Query Classification Logic should default to executive for general queries" time="0.001">
    </testcase>
    <testcase classname="RAG System Simple Tests Context Generation should generate sales context" name="RAG System Simple Tests Context Generation should generate sales context" time="0.004">
    </testcase>
    <testcase classname="RAG System Simple Tests Context Generation should generate marketing context" name="RAG System Simple Tests Context Generation should generate marketing context" time="0.002">
    </testcase>
    <testcase classname="RAG System Simple Tests Context Generation should generate finance context" name="RAG System Simple Tests Context Generation should generate finance context" time="0.001">
    </testcase>
    <testcase classname="RAG System Simple Tests Performance Validation should handle async operations" name="RAG System Simple Tests Performance Validation should handle async operations" time="0.015">
    </testcase>
    <testcase classname="RAG System Simple Tests Performance Validation should handle concurrent operations" name="RAG System Simple Tests Performance Validation should handle concurrent operations" time="0.001">
    </testcase>
    <testcase classname="RAG System Simple Tests Error Handling should handle missing user context" name="RAG System Simple Tests Error Handling should handle missing user context" time="0.004">
    </testcase>
    <testcase classname="RAG System Simple Tests Error Handling should validate query inputs" name="RAG System Simple Tests Error Handling should validate query inputs" time="0.001">
    </testcase>
    <testcase classname="RAG System Simple Tests Integration Points should define chat integration requirements" name="RAG System Simple Tests Integration Points should define chat integration requirements" time="0.001">
    </testcase>
    <testcase classname="RAG System Simple Tests Integration Points should validate business data sources" name="RAG System Simple Tests Integration Points should validate business data sources" time="0.002">
    </testcase>
    <testcase classname="RAG System Simple Tests RAG System Status should confirm RAG system implementation exists" name="RAG System Simple Tests RAG System Status should confirm RAG system implementation exists" time="0.001">
    </testcase>
    <testcase classname="RAG System Simple Tests RAG System Status should validate test coverage goals" name="RAG System Simple Tests RAG System Status should validate test coverage goals" time="0.002">
    </testcase>
  </testsuite>
  <testsuite name="RAG Routing Intelligence Tests" errors="0" failures="0" skipped="0" timestamp="2025-08-03T01:03:07" time="0.464" tests="23">
    <testcase classname="RAG Routing Intelligence Tests Query Analysis and Classification should classify sales queries with high confidence" name="RAG Routing Intelligence Tests Query Analysis and Classification should classify sales queries with high confidence" time="0.002">
    </testcase>
    <testcase classname="RAG Routing Intelligence Tests Query Analysis and Classification should classify marketing queries accurately" name="RAG Routing Intelligence Tests Query Analysis and Classification should classify marketing queries accurately" time="0.002">
    </testcase>
    <testcase classname="RAG Routing Intelligence Tests Query Analysis and Classification should classify finance queries correctly" name="RAG Routing Intelligence Tests Query Analysis and Classification should classify finance queries correctly" time="0.001">
    </testcase>
    <testcase classname="RAG Routing Intelligence Tests Query Analysis and Classification should classify operations queries properly" name="RAG Routing Intelligence Tests Query Analysis and Classification should classify operations queries properly" time="0.001">
    </testcase>
    <testcase classname="RAG Routing Intelligence Tests Query Analysis and Classification should default to executive for strategic queries" name="RAG Routing Intelligence Tests Query Analysis and Classification should default to executive for strategic queries" time="0.001">
    </testcase>
    <testcase classname="RAG Routing Intelligence Tests Agent Recommendation System should recommend Sales VP Assistant for sales queries" name="RAG Routing Intelligence Tests Agent Recommendation System should recommend Sales VP Assistant for sales queries" time="0.001">
    </testcase>
    <testcase classname="RAG Routing Intelligence Tests Agent Recommendation System should recommend Marketing CMO Assistant for marketing queries" name="RAG Routing Intelligence Tests Agent Recommendation System should recommend Marketing CMO Assistant for marketing queries" time="0">
    </testcase>
    <testcase classname="RAG Routing Intelligence Tests Agent Recommendation System should recommend Finance CFO Assistant for finance queries" name="RAG Routing Intelligence Tests Agent Recommendation System should recommend Finance CFO Assistant for finance queries" time="0">
    </testcase>
    <testcase classname="RAG Routing Intelligence Tests Agent Recommendation System should recommend Operations COO Assistant for operations queries" name="RAG Routing Intelligence Tests Agent Recommendation System should recommend Operations COO Assistant for operations queries" time="0.001">
    </testcase>
    <testcase classname="RAG Routing Intelligence Tests Agent Recommendation System should recommend Executive Assistant for strategic queries" name="RAG Routing Intelligence Tests Agent Recommendation System should recommend Executive Assistant for strategic queries" time="0.01">
    </testcase>
    <testcase classname="RAG Routing Intelligence Tests Contextual Prompt Enhancement should build enhanced prompt for Sales VP Assistant" name="RAG Routing Intelligence Tests Contextual Prompt Enhancement should build enhanced prompt for Sales VP Assistant" time="0.001">
    </testcase>
    <testcase classname="RAG Routing Intelligence Tests Contextual Prompt Enhancement should build enhanced prompt for Marketing CMO Assistant" name="RAG Routing Intelligence Tests Contextual Prompt Enhancement should build enhanced prompt for Marketing CMO Assistant" time="0.001">
    </testcase>
    <testcase classname="RAG Routing Intelligence Tests Contextual Prompt Enhancement should build enhanced prompt for Executive Assistant" name="RAG Routing Intelligence Tests Contextual Prompt Enhancement should build enhanced prompt for Executive Assistant" time="0.001">
    </testcase>
    <testcase classname="RAG Routing Intelligence Tests Query Complexity Assessment should identify high complexity queries" name="RAG Routing Intelligence Tests Query Complexity Assessment should identify high complexity queries" time="0">
    </testcase>
    <testcase classname="RAG Routing Intelligence Tests Query Complexity Assessment should identify medium complexity queries" name="RAG Routing Intelligence Tests Query Complexity Assessment should identify medium complexity queries" time="0.002">
    </testcase>
    <testcase classname="RAG Routing Intelligence Tests Query Complexity Assessment should identify low complexity queries" name="RAG Routing Intelligence Tests Query Complexity Assessment should identify low complexity queries" time="0.001">
    </testcase>
    <testcase classname="RAG Routing Intelligence Tests Multi-Department Query Handling should identify multi-department queries" name="RAG Routing Intelligence Tests Multi-Department Query Handling should identify multi-department queries" time="0.002">
    </testcase>
    <testcase classname="RAG Routing Intelligence Tests Multi-Department Query Handling should handle sales and finance coordination queries" name="RAG Routing Intelligence Tests Multi-Department Query Handling should handle sales and finance coordination queries" time="0.001">
    </testcase>
    <testcase classname="RAG Routing Intelligence Tests Multi-Department Query Handling should handle single department queries normally" name="RAG Routing Intelligence Tests Multi-Department Query Handling should handle single department queries normally" time="0.001">
    </testcase>
    <testcase classname="RAG Routing Intelligence Tests Routing Performance and Optimization should route queries efficiently" name="RAG Routing Intelligence Tests Routing Performance and Optimization should route queries efficiently" time="0.026">
    </testcase>
    <testcase classname="RAG Routing Intelligence Tests Routing Performance and Optimization should handle concurrent routing requests" name="RAG Routing Intelligence Tests Routing Performance and Optimization should handle concurrent routing requests" time="0.001">
    </testcase>
    <testcase classname="RAG Routing Intelligence Tests Routing Validation and Quality Assurance should validate routing decisions" name="RAG Routing Intelligence Tests Routing Validation and Quality Assurance should validate routing decisions" time="0">
    </testcase>
    <testcase classname="RAG Routing Intelligence Tests Routing Validation and Quality Assurance should detect routing quality issues" name="RAG Routing Intelligence Tests Routing Validation and Quality Assurance should detect routing quality issues" time="0.001">
    </testcase>
  </testsuite>
  <testsuite name="RLS – cross-tenant isolation" errors="0" failures="0" skipped="0" timestamp="2025-08-03T01:03:08" time="0.396" tests="1">
    <testcase classname="RLS – cross-tenant isolation returns only rows for the current org" name="RLS – cross-tenant isolation returns only rows for the current org" time="0.002">
    </testcase>
  </testsuite>
  <testsuite name="Migration Regression Tests - Edge Functions" errors="0" failures="0" skipped="0" timestamp="2025-08-03T01:03:08" time="0.388" tests="16">
    <testcase classname="Migration Regression Tests - Edge Functions ai_execute_action should handle create_contact action with valid data" name="Migration Regression Tests - Edge Functions ai_execute_action should handle create_contact action with valid data" time="0.007">
    </testcase>
    <testcase classname="Migration Regression Tests - Edge Functions ai_execute_action should handle create_deal action with valid data" name="Migration Regression Tests - Edge Functions ai_execute_action should handle create_deal action with valid data" time="0.001">
    </testcase>
    <testcase classname="Migration Regression Tests - Edge Functions ai_execute_action should return 400 for invalid action" name="Migration Regression Tests - Edge Functions ai_execute_action should return 400 for invalid action" time="0.001">
    </testcase>
    <testcase classname="Migration Regression Tests - Edge Functions contacts should create contact successfully" name="Migration Regression Tests - Edge Functions contacts should create contact successfully" time="0.001">
    </testcase>
    <testcase classname="Migration Regression Tests - Edge Functions contacts should retrieve contacts successfully" name="Migration Regression Tests - Edge Functions contacts should retrieve contacts successfully" time="0.001">
    </testcase>
    <testcase classname="Migration Regression Tests - Edge Functions deals should create deal successfully" name="Migration Regression Tests - Edge Functions deals should create deal successfully" time="0.001">
    </testcase>
    <testcase classname="Migration Regression Tests - Edge Functions deals should retrieve deals successfully" name="Migration Regression Tests - Edge Functions deals should retrieve deals successfully" time="0.002">
    </testcase>
    <testcase classname="Migration Regression Tests - Edge Functions hubspot-sync should sync HubSpot data successfully" name="Migration Regression Tests - Edge Functions hubspot-sync should sync HubSpot data successfully" time="0.002">
    </testcase>
    <testcase classname="Migration Regression Tests - Edge Functions email-analysis should analyze email content successfully" name="Migration Regression Tests - Edge Functions email-analysis should analyze email content successfully" time="0.002">
    </testcase>
    <testcase classname="Migration Regression Tests - Edge Functions company-enrichment should enrich company data successfully" name="Migration Regression Tests - Edge Functions company-enrichment should enrich company data successfully" time="0.001">
    </testcase>
    <testcase classname="Migration Regression Tests - Edge Functions sync_user_profile should sync user profile successfully" name="Migration Regression Tests - Edge Functions sync_user_profile should sync user profile successfully" time="0.001">
    </testcase>
    <testcase classname="Migration Regression Tests - Edge Functions update_user_role should update user role successfully" name="Migration Regression Tests - Edge Functions update_user_role should update user role successfully" time="0">
    </testcase>
    <testcase classname="Migration Regression Tests - Edge Functions AI Embedding Functions should embed company profile successfully" name="Migration Regression Tests - Edge Functions AI Embedding Functions should embed company profile successfully" time="0.001">
    </testcase>
    <testcase classname="Migration Regression Tests - Edge Functions AI Embedding Functions should embed thought successfully" name="Migration Regression Tests - Edge Functions AI Embedding Functions should embed thought successfully" time="0.014">
    </testcase>
    <testcase classname="Migration Regression Tests - Edge Functions Analytics Functions should get finance performance successfully" name="Migration Regression Tests - Edge Functions Analytics Functions should get finance performance successfully" time="0.001">
    </testcase>
    <testcase classname="Migration Regression Tests - Edge Functions Analytics Functions should get sales performance successfully" name="Migration Regression Tests - Edge Functions Analytics Functions should get sales performance successfully" time="0.001">
    </testcase>
  </testsuite>
</testsuites>